{"event":"worker_started","pid":180425,"device":0,"mode":1,"timeout_ms":30000}
{"event":"worker_started","pid":180426,"device":1,"mode":1,"timeout_ms":30000}
/tmp/cnet-controller-build/gpu_worker_test[0x215b6c]
/tmp/cnet-controller-build/gpu_worker_test[0x215b6c]
/lib/x86_64-linux-gnu/libc.so.6(+0x45330)[0x778309045330]
/lib/x86_64-linux-gnu/libc.so.6(+0x45330)[0x792f32845330]
/opt/rocm-7.2.3/lib/libamdhip64.so.7(+0x43d983)[0x778309c3d983]
/opt/rocm-7.2.3/lib/libamdhip64.so.7(+0x42f63a)[0x778309c2f63a]
/opt/rocm-7.2.3/lib/libamdhip64.so.7(+0x43d983)[0x792f3343d983]
/opt/rocm-7.2.3/lib/libamdhip64.so.7(+0x42f63a)[0x792f3342f63a]
/opt/rocm-7.2.3/lib/libamdhip64.so.7(+0x32cc0d)[0x778309b2cc0d]
/opt/rocm-7.2.3/lib/libamdhip64.so.7(+0x43d995)[0x778309c3d995]
/opt/rocm-7.2.3/lib/libamdhip64.so.7(+0x32cc0d)[0x792f3332cc0d]
/opt/rocm-7.2.3/lib/libamdhip64.so.7(+0x43d995)[0x792f3343d995]
/opt/rocm-7.2.3/lib/libamdhip64.so.7(+0x32da4a)[0x778309b2da4a]
/opt/rocm-7.2.3/lib/libamdhip64.so.7(+0x33b15a)[0x778309b3b15a]
/tmp/cnet-controller-build/gpu_worker_test[0x2165ec]
/tmp/cnet-controller-build/gpu_worker_test[0x21580e]
/opt/rocm-7.2.3/lib/libamdhip64.so.7(+0x32da4a)[0x792f3332da4a]
/opt/rocm-7.2.3/lib/libamdhip64.so.7(+0x33b15a)[0x792f3333b15a]
/tmp/cnet-controller-build/gpu_worker_test[0x2165ec]
/tmp/cnet-controller-build/gpu_worker_test[0x21580e]
/lib/x86_64-linux-gnu/libc.so.6(+0x2a1ca)[0x77830902a1ca]
/lib/x86_64-linux-gnu/libc.so.6(+0x2a1ca)[0x792f3282a1ca]
/lib/x86_64-linux-gnu/libc.so.6(__libc_start_main+0x8b)[0x77830902a28b]
/tmp/cnet-controller-build/gpu_worker_test[0x215505]
/lib/x86_64-linux-gnu/libc.so.6(__libc_start_main+0x8b)[0x792f3282a28b]
/tmp/cnet-controller-build/gpu_worker_test[0x215505]
{"event":"worker_completed","pid":180425,"device":0,"valid":0,"exit":139,"signal":0,"bytes":0,"elapsed_ms":44}
test_workers: test_workers.c:12: main: Assertion `finish(p,one,&a)==1&&finish(p,two,&b)==1' failed.
