{"event":"worker_started","pid":182472,"device":0,"mode":1,"timeout_ms":30000}
{"event":"worker_started","pid":182473,"device":1,"mode":1,"timeout_ms":30000}
/tmp/cnet-controller-build/gpu_worker_test[0x215b6c]
/lib/x86_64-linux-gnu/libc.so.6(+0x45330)[0x765347045330]
/opt/rocm-7.2.3/lib/libamdhip64.so.7(+0x43d983)[0x765347c3d983]
/opt/rocm-7.2.3/lib/libamdhip64.so.7(+0x42f63a)[0x765347c2f63a]
/opt/rocm-7.2.3/lib/libamdhip64.so.7(+0x32cc0d)[0x765347b2cc0d]
/opt/rocm-7.2.3/lib/libamdhip64.so.7(+0x43d995)[0x765347c3d995]
/opt/rocm-7.2.3/lib/libamdhip64.so.7(+0x32da4a)[0x765347b2da4a]
/opt/rocm-7.2.3/lib/libamdhip64.so.7(+0x33b15a)[0x765347b3b15a]
/tmp/cnet-controller-build/gpu_worker_test[0x21664c]
/tmp/cnet-controller-build/gpu_worker_test[0x21580e]
/lib/x86_64-linux-gnu/libc.so.6(+0x2a1ca)[0x76534702a1ca]
/lib/x86_64-linux-gnu/libc.so.6(__libc_start_main+0x8b)[0x76534702a28b]
/tmp/cnet-controller-build/gpu_worker_test[0x215505]
/tmp/cnet-controller-build/gpu_worker_test[0x215b6c]
/lib/x86_64-linux-gnu/libc.so.6(+0x45330)[0x77884bc45330]
/opt/rocm-7.2.3/lib/libamdhip64.so.7(+0x43d983)[0x77884c83d983]
/opt/rocm-7.2.3/lib/libamdhip64.so.7(+0x42f63a)[0x77884c82f63a]
/opt/rocm-7.2.3/lib/libamdhip64.so.7(+0x32cc0d)[0x77884c72cc0d]
/opt/rocm-7.2.3/lib/libamdhip64.so.7(+0x43d995)[0x77884c83d995]
/opt/rocm-7.2.3/lib/libamdhip64.so.7(+0x32da4a)[0x77884c72da4a]
/opt/rocm-7.2.3/lib/libamdhip64.so.7(+0x33b15a)[0x77884c73b15a]
/tmp/cnet-controller-build/gpu_worker_test[0x21664c]
/tmp/cnet-controller-build/gpu_worker_test[0x21580e]
/lib/x86_64-linux-gnu/libc.so.6(+0x2a1ca)[0x77884bc2a1ca]
/lib/x86_64-linux-gnu/libc.so.6(__libc_start_main+0x8b)[0x77884bc2a28b]
/tmp/cnet-controller-build/gpu_worker_test[0x215505]
{"event":"worker_completed","pid":182472,"device":0,"valid":0,"exit":139,"signal":0,"bytes":0,"elapsed_ms":90}
test_workers: test_workers.c:12: main: Assertion `finish(p,one,&a)==1&&finish(p,two,&b)==1' failed.
