{"event":"worker_started","pid":181726,"device":0,"mode":1,"timeout_ms":30000}
{"event":"worker_started","pid":181727,"device":1,"mode":1,"timeout_ms":30000}
/tmp/cnet-controller-build/gpu_worker_test[0x215b6c]
/tmp/cnet-controller-build/gpu_worker_test[0x215b6c]
/lib/x86_64-linux-gnu/libc.so.6(+0x45330)[0x7518d1045330]
/lib/x86_64-linux-gnu/libc.so.6(+0x45330)[0x79697ca45330]
/opt/rocm-7.2.3/lib/libamdhip64.so.7(+0x43d983)[0x7518d1c3d983]
/opt/rocm-7.2.3/lib/libamdhip64.so.7(+0x43d983)[0x79697d63d983]
/opt/rocm-7.2.3/lib/libamdhip64.so.7(+0x42f63a)[0x7518d1c2f63a]
/opt/rocm-7.2.3/lib/libamdhip64.so.7(+0x42f63a)[0x79697d62f63a]
/opt/rocm-7.2.3/lib/libamdhip64.so.7(+0x32cc0d)[0x7518d1b2cc0d]
/opt/rocm-7.2.3/lib/libamdhip64.so.7(+0x43d995)[0x7518d1c3d995]
/opt/rocm-7.2.3/lib/libamdhip64.so.7(+0x32cc0d)[0x79697d52cc0d]
/opt/rocm-7.2.3/lib/libamdhip64.so.7(+0x43d995)[0x79697d63d995]
/opt/rocm-7.2.3/lib/libamdhip64.so.7(+0x32da4a)[0x7518d1b2da4a]
/opt/rocm-7.2.3/lib/libamdhip64.so.7(+0x33b15a)[0x7518d1b3b15a]
/opt/rocm-7.2.3/lib/libamdhip64.so.7(+0x32da4a)[0x79697d52da4a]
/tmp/cnet-controller-build/gpu_worker_test[0x21663c]
/tmp/cnet-controller-build/gpu_worker_test[0x21580e]
/opt/rocm-7.2.3/lib/libamdhip64.so.7(+0x33b15a)[0x79697d53b15a]
/tmp/cnet-controller-build/gpu_worker_test[0x21663c]
/tmp/cnet-controller-build/gpu_worker_test[0x21580e]
/lib/x86_64-linux-gnu/libc.so.6(+0x2a1ca)[0x7518d102a1ca]
/lib/x86_64-linux-gnu/libc.so.6(+0x2a1ca)[0x79697ca2a1ca]
/lib/x86_64-linux-gnu/libc.so.6(__libc_start_main+0x8b)[0x7518d102a28b]
/tmp/cnet-controller-build/gpu_worker_test[0x215505]
/lib/x86_64-linux-gnu/libc.so.6(__libc_start_main+0x8b)[0x79697ca2a28b]
/tmp/cnet-controller-build/gpu_worker_test[0x215505]
{"event":"worker_completed","pid":181726,"device":0,"valid":0,"exit":139,"signal":0,"bytes":0,"elapsed_ms":40}
test_workers: test_workers.c:12: main: Assertion `finish(p,one,&a)==1&&finish(p,two,&b)==1' failed.
