gcc -std=c11 -Wall -Wextra -pedantic -O3 -march=native -DCNET_HAVE_CURL=1 -D_DEFAULT_SOURCE -D_GNU_SOURCE -include include/cnet_platform.h -Iinclude -Iinclude/cce -Werror  -o bin/knowledge_composition_bench \
	src/memory/cnet_capsule.c src/personal_ai.c src/cnet_moe.c src/cnet_acct.c src/cnet_seal_trust.c src/cnet_distrust.c src/cnet_live_miss.c src/hybrid_ai.c src/serve/cnet_sparse_serve.c src/residual_gguf.c src/residual_http.c src/cnet_pilot.c src/selfimprove/cnet_curiosity.c src/resource_governor.c src/selfimprove/self_improve.c src/gap_lane.c src/selfimprove/cnet_auto_learn.c src/cnet_charter.c src/cnet_record_teacher.c src/cnet_fault.c src/selfimprove/cnet_promote.c src/serve/cnet_serve_decode.c src/cnet_evidence_bundle.c src/cnet_health_layers.c src/external_teacher.c \
	src/model_runtime.c bin/libcce.a src/cce/cce_contract_adapter.c src/specialist_adapters.c src/specialist.c src/specialist_health.c \
	src/nn.c src/router/dag_full.c src/router/registry.c src/router/route.c src/plan_table.c src/contract/contract.c src/contract/unit.c src/property.c src/consolidate.c \
	src/scan.c src/contract/coverage.c src/acquire.c src/runtime_identity.c src/base.c src/library.c src/cnet_dc_type.c src/cnet_swap.c \
	tests/knowledge_composition_bench.c -lm -lpthread -lcurl   -pthread
KNOWLEDGE_COMPOSITION_BENCH_PASS members=3 hops_guarded=every refusals=root+intermediate
	Command being timed: "timeout --signal=TERM --kill-after=10s 1200s make -j4 knowledge_composition_bench"
	User time (seconds): 8.00
	System time (seconds): 0.52
	Percent of CPU this job got: 99%
	Elapsed (wall clock) time (h:mm:ss or m:ss): 0:08.53
	Average shared text size (kbytes): 0
	Average unshared data size (kbytes): 0
	Average stack size (kbytes): 0
	Average total size (kbytes): 0
	Maximum resident set size (kbytes): 91924
	Average resident set size (kbytes): 0
	Major (requiring I/O) page faults: 0
	Minor (reclaiming a frame) page faults: 312151
	Voluntary context switches: 419
	Involuntary context switches: 690
	Swaps: 0
	File system inputs: 0
	File system outputs: 10328
	Socket messages sent: 0
	Socket messages received: 0
	Signals delivered: 0
	Page size (bytes): 4096
	Exit status: 0
