src/cce/cce_cascade.c: In function ‘checked_vector_bytes’:
src/cce/cce_cascade.c:23:23: warning: comparison is always false due to limited range of data type [-Wtype-limits]
   23 |     if ((size_t)count > SIZE_MAX / sizeof(float)) return 0;
      |                       ^
src/cce/cce_forest.c: In function ‘cce_forest_connect’:
src/cce/cce_forest.c:558:5: warning: ‘__builtin___strncpy_chk’ output may be truncated copying 63 bytes from a string of length 63 [-Wstringop-truncation]
  558 |     strncpy(br->conn_names[br->num_connections], f->branches[to_idx].name, 63);
      |     ^
src/cce/cce_forest.c: In function ‘cce_forest_merge’:
src/cce/cce_forest.c:716:17: warning: ‘__builtin___strncpy_chk’ output may be truncated copying 63 bytes from a string of length 63 [-Wstringop-truncation]
  716 |                 strncpy(dbr->conn_names[c], conn, 63);
      |                 ^
src/cce/cce_learn.c: In function ‘dfa_update’:
src/cce/cce_learn.c:116:15: warning: comparison of integer expressions of different signedness: ‘int’ and ‘size_t’ {aka ‘long unsigned int’} [-Wsign-compare]
  116 |         if (o < b->momentum_bias.numel) {
      |               ^
src/cce/cce_learn.c:53:133: warning: unused parameter ‘gpu_ctx’ [-Wunused-parameter]
   53 | static void dfa_update(cce_block* b, const float* error, const cce_tensor* input, float lr, float dfa_strength, struct cce_gpu_ctx* gpu_ctx, bool is_exact) {
      |                                                                                                                 ~~~~~~~~~~~~~~~~~~~~^~~~~~~
src/cce/cce_learn.c: In function ‘cce_train_dynamic’:
src/cce/cce_learn.c:477:78: warning: operand of ‘?:’ changes signedness from ‘int’ to ‘size_t’ {aka ‘long unsigned int’} due to unsignedness of other operand [-Wsign-compare]
  477 |             size_t bs = (s + batch_size > sample_count) ? sample_count - s : batch_size;
      |                                                                              ^~~~~~~~~~
src/cce/cce_learn.c:456:12: warning: variable ‘prev_loss’ set but not used [-Wunused-but-set-variable]
  456 |     double prev_loss = 1e9;
      |            ^~~~~~~~~
src/cce/cce_learn.c:446:10: warning: variable ‘gpu_batch’ set but not used [-Wunused-but-set-variable]
  446 |     bool gpu_batch = false;
      |          ^~~~~~~~~
src/cce/cce_gpu.c: In function ‘cce_gpu_adam_update’:
src/cce/cce_gpu.c:174:44: warning: unused parameter ‘bias’ [-Wunused-parameter]
  174 |                                cce_tensor* bias,
      |                                ~~~~~~~~~~~~^~~~
src/cce/cce_gpu.c:175:44: warning: unused parameter ‘m_w’ [-Wunused-parameter]
  175 |                                cce_tensor* m_w,
      |                                ~~~~~~~~~~~~^~~
src/cce/cce_gpu.c:176:44: warning: unused parameter ‘m_b’ [-Wunused-parameter]
  176 |                                cce_tensor* m_b,
      |                                ~~~~~~~~~~~~^~~
src/cce/cce_gpu.c:177:44: warning: unused parameter ‘v_w’ [-Wunused-parameter]
  177 |                                cce_tensor* v_w,
      |                                ~~~~~~~~~~~~^~~
src/cce/cce_gpu.c:178:44: warning: unused parameter ‘v_b’ [-Wunused-parameter]
  178 |                                cce_tensor* v_b,
      |                                ~~~~~~~~~~~~^~~
src/cce/cce_gpu.c:179:50: warning: unused parameter ‘grad_w’ [-Wunused-parameter]
  179 |                                const cce_tensor* grad_w,
      |                                ~~~~~~~~~~~~~~~~~~^~~~~~
src/cce/cce_gpu.c:180:50: warning: unused parameter ‘grad_b’ [-Wunused-parameter]
  180 |                                const cce_tensor* grad_b,
      |                                ~~~~~~~~~~~~~~~~~~^~~~~~
src/cce/cce_gpu.c:181:38: warning: unused parameter ‘lr’ [-Wunused-parameter]
  181 |                                float lr,
      |                                ~~~~~~^~
src/cce/cce_gpu.c:182:38: warning: unused parameter ‘beta1’ [-Wunused-parameter]
  182 |                                float beta1,
      |                                ~~~~~~^~~~~
src/cce/cce_gpu.c:183:38: warning: unused parameter ‘beta2’ [-Wunused-parameter]
  183 |                                float beta2,
      |                                ~~~~~~^~~~~
src/cce/cce_gpu.c:184:38: warning: unused parameter ‘eps’ [-Wunused-parameter]
  184 |                                float eps,
      |                                ~~~~~~^~~
src/cce/cce_gpu.c:185:36: warning: unused parameter ‘timestep’ [-Wunused-parameter]
  185 |                                int timestep) {
      |                                ~~~~^~~~~~~~
src/cce/cce_gpu.c: In function ‘cce_gpu_block_adam_update’:
src/cce/cce_gpu.c:293:51: warning: unused parameter ‘error’ [-Wunused-parameter]
  293 |                                      const float* error, const cce_tensor* input_host,
      |                                      ~~~~~~~~~~~~~^~~~~
src/cce/cce_gpu.c:293:76: warning: unused parameter ‘input_host’ [-Wunused-parameter]
  293 |                                      const float* error, const cce_tensor* input_host,
      |                                                          ~~~~~~~~~~~~~~~~~~^~~~~~~~~~
src/cce/cce_gpu.c:294:44: warning: unused parameter ‘lr’ [-Wunused-parameter]
  294 |                                      float lr, float dfa_strength) {
      |                                      ~~~~~~^~
src/cce/cce_gpu.c:294:54: warning: unused parameter ‘dfa_strength’ [-Wunused-parameter]
  294 |                                      float lr, float dfa_strength) {
      |                                                ~~~~~~^~~~~~~~~~~~
src/cce/cce_abi.c: In function ‘cce_adapt’:
src/cce/cce_abi.c:96:23: warning: comparison of integer expressions of different signedness: ‘size_t’ {aka ‘long unsigned int’} and ‘int’ [-Wsign-compare]
   96 |         for (i = 0; i < ydim; ++i) {
      |                       ^
src/cce/cce_abi.c:99:40: warning: comparison of integer expressions of different signedness: ‘long unsigned int’ and ‘int’ [-Wsign-compare]
   99 |         if (label < 0 || (size_t)label >= ydim) {
      |                                        ^~
src/cce/cce_perceptual_leaf.c: In function ‘cce_perceptual_create’:
src/cce/cce_perceptual_leaf.c:91:9: warning: unused variable ‘n_branches’ [-Wunused-variable]
   91 |     int n_branches = (input_dim == 7) ? 3 : 1; /* 7seg gets specialists, others simple for now */
      |         ^~~~~~~~~~
src/cce/cce_perceptual_leaf.c: In function ‘cce_perceptual_train’:
src/cce/cce_perceptual_leaf.c:192:17: warning: this ‘if’ clause does not guard... [-Wmisleading-indentation]
  192 |                 if (f[s]<0) f[s]=0; if(f[s]>1) f[s]=1;
      |                 ^~
src/cce/cce_perceptual_leaf.c:192:37: note: ...this statement, but the latter is misleadingly indented as if it were guarded by the ‘if’
  192 |                 if (f[s]<0) f[s]=0; if(f[s]>1) f[s]=1;
      |                                     ^~
src/cce/cce_perceptual_leaf.c: At top level:
src/cce/cce_perceptual_leaf.c:54:13: warning: ‘render_noisy_generic’ defined but not used [-Wunused-function]
   54 | static void render_noisy_generic(int digit, float *feat, float noise, int dim, const unsigned char *font) {
      |             ^~~~~~~~~~~~~~~~~~~~
src/cce/cce_perceptual_leaf.c:40:28: warning: ‘block_font’ defined but not used [-Wunused-const-variable=]
   40 | static const unsigned char block_font[10][16] = {
      |                            ^~~~~~~~~~
src/cce/cce_perceptual_leaf.c:27:28: warning: ‘grid_font’ defined but not used [-Wunused-const-variable=]
   27 | static const unsigned char grid_font[10][15] = { /* 3x5 */
      |                            ^~~~~~~~~
src/cce/cce_perceptual_leaf.c:15:28: warning: ‘glyph_font’ defined but not used [-Wunused-const-variable=]
   15 | static const unsigned char glyph_font[10][35] = { /* 5x7 */
      |                            ^~~~~~~~~~
src/cce/cce_model_io.c: In function ‘cce_model_io_load’:
src/cce/cce_model_io.c:158:5: warning: ‘__builtin_strncpy’ output may be truncated copying 63 bytes from a string of length 63 [-Wstringop-truncation]
  158 |     strncpy(m->name, name, sizeof(m->name) - 1);
      |     ^
src/cce/cce_model_io.c:236:13: warning: ‘__builtin_strncpy’ output may be truncated copying 63 bytes from a string of length 63 [-Wstringop-truncation]
  236 |             strncpy(br->name, bname, sizeof(br->name) - 1);
      |             ^
src/cce/cce_model_io.c:170:35: warning: ‘t’ may be used uninitialized [-Wmaybe-uninitialized]
  170 |         rd_i32(&r, &t); s->type = (cce_sched_type_t)t; rd_f32(&r, &s->initial_lr);
      |                                   ^~~~~~~~~~~~~~~~~~~
src/cce/cce_model_io.c:169:17: note: ‘t’ was declared here
  169 |         int32_t t;
      |                 ^
src/cce/cce_model_io.c:197:20: warning: ‘nb’ may be used uninitialized [-Wmaybe-uninitialized]
  197 |         if (nb < 0 || nb > 65536 || cdim < 0 || cdim > 32) {
      |             ~~~~~~~^~~~~~~~~~~~~
src/cce/cce_model_io.c:190:17: note: ‘nb’ was declared here
  190 |         int32_t nb, cdim, sealed, fdm, etl;
      |                 ^~
src/cce/cce_model_io.c:216:38: warning: ‘etl’ may be used uninitialized [-Wmaybe-uninitialized]
  216 |         f->default_exact_tail_length = etl;
      |         ~~~~~~~~~~~~~~~~~~~~~~~~~~~~~^~~~~
src/cce/cce_model_io.c:190:40: note: ‘etl’ was declared here
  190 |         int32_t nb, cdim, sealed, fdm, etl;
      |                                        ^~~
src/cce/cce_model_io.c:215:24: warning: ‘fdm’ may be used uninitialized [-Wmaybe-uninitialized]
  215 |         f->diff_mode = (cce_diff_mode_t)fdm;
      |                        ^~~~~~~~~~~~~~~~~~~~
src/cce/cce_model_io.c:190:35: note: ‘fdm’ was declared here
  190 |         int32_t nb, cdim, sealed, fdm, etl;
      |                                   ^~~
src/cce/cce_model_io.c:197:34: warning: ‘cdim’ may be used uninitialized [-Wmaybe-uninitialized]
  197 |         if (nb < 0 || nb > 65536 || cdim < 0 || cdim > 32) {
      |             ~~~~~~~~~~~~~~~~~~~~~^~~~~~~~~~~
src/cce/cce_model_io.c:190:21: note: ‘cdim’ was declared here
  190 |         int32_t nb, cdim, sealed, fdm, etl;
      |                     ^~~~
src/cce/cce_model_io.c:244:33: warning: ‘nconn’ may be used uninitialized [-Wmaybe-uninitialized]
  244 |             br->num_connections = nconn;
      |             ~~~~~~~~~~~~~~~~~~~~^~~~~~~
src/cce/cce_model_io.c:222:45: note: ‘nconn’ was declared here
  222 |             int32_t bcdim, tier, bdm, betl, nconn;
      |                                             ^~~~~
src/cce/cce_model_io.c:242:29: warning: ‘bdm’ may be used uninitialized [-Wmaybe-uninitialized]
  242 |             br->diff_mode = (cce_diff_mode_t)bdm;
      |                             ^~~~~~~~~~~~~~~~~~~~
src/cce/cce_model_io.c:222:34: note: ‘bdm’ was declared here
  222 |             int32_t bcdim, tier, bdm, betl, nconn;
      |                                  ^~~
src/cce/cce_model_io.c:237:30: warning: ‘bcdim’ may be used uninitialized [-Wmaybe-uninitialized]
  237 |             br->centroid_dim = bcdim;
      |             ~~~~~~~~~~~~~~~~~^~~~~~~
src/cce/cce_model_io.c:222:21: note: ‘bcdim’ was declared here
  222 |             int32_t bcdim, tier, bdm, betl, nconn;
      |                     ^~~~~
src/cce/cce_model_io.c:243:35: warning: ‘betl’ may be used uninitialized [-Wmaybe-uninitialized]
  243 |             br->exact_tail_length = betl;
      |             ~~~~~~~~~~~~~~~~~~~~~~^~~~~~
src/cce/cce_model_io.c:222:39: note: ‘betl’ was declared here
  222 |             int32_t bcdim, tier, bdm, betl, nconn;
      |                                       ^~~~
src/cce/cce_autograd.c: In function ‘cce_ag_sum’:
src/cce/cce_autograd.c:429:62: warning: unused parameter ‘dim’ [-Wunused-parameter]
  429 | cce_result cce_ag_sum(cce_ag_ctx* ctx, cce_ag_tensor* t, int dim, cce_ag_tensor** out) {
      |                                                          ~~~~^~~
src/cce/cce_autograd.c: In function ‘cce_ag_adam_step’:
src/cce/cce_autograd.c:899:35: warning: unused parameter ‘beta1’ [-Wunused-parameter]
  899 |                             float beta1, float beta2, float eps, int t) {
      |                             ~~~~~~^~~~~
src/cce/cce_autograd.c:899:48: warning: unused parameter ‘beta2’ [-Wunused-parameter]
  899 |                             float beta1, float beta2, float eps, int t) {
      |                                          ~~~~~~^~~~~
src/cce/cce_autograd.c:899:61: warning: unused parameter ‘eps’ [-Wunused-parameter]
  899 |                             float beta1, float beta2, float eps, int t) {
      |                                                       ~~~~~~^~~
src/cce/cce_autograd.c:899:70: warning: unused parameter ‘t’ [-Wunused-parameter]
  899 |                             float beta1, float beta2, float eps, int t) {
      |                                                                  ~~~~^
src/cce/cce_safetensors.c: In function ‘cce_supra_load_packed’:
src/cce/cce_safetensors.c:1813:5: warning: ignoring return value of ‘fread’ declared with attribute ‘warn_unused_result’ [-Wunused-result]
 1813 |     fread(m->tok_emb_trit, 1, (size_t)te[0] * te[2], f);
      |     ^~~~~~~~~~~~~~~~~~~~~~~~~~~~~~~~~~~~~~~~~~~~~~~~~~~
src/cce/cce_safetensors.c:1814:5: warning: ignoring return value of ‘fread’ declared with attribute ‘warn_unused_result’ [-Wunused-result]
 1814 |     fread(m->tok_emb_scale, sizeof(float), (size_t)te[0], f);
      |     ^~~~~~~~~~~~~~~~~~~~~~~~~~~~~~~~~~~~~~~~~~~~~~~~~~~~~~~~
src/cce/cce_safetensors.c:1824:24: warning: ignoring return value of ‘fread’ declared with attribute ‘warn_unused_result’ [-Wunused-result]
 1824 |         char name[64]; fread(name, 1, 64, f);
      |                        ^~~~~~~~~~~~~~~~~~~~~
src/cce/cce_safetensors.c:1825:22: warning: ignoring return value of ‘fread’ declared with attribute ‘warn_unused_result’ [-Wunused-result]
 1825 |         int dims[3]; fread(dims, sizeof(int), 3, f);
      |                      ^~~~~~~~~~~~~~~~~~~~~~~~~~~~~~
src/cce/cce_safetensors.c: In function ‘cce_safetensors_load_sharded’:
src/cce/cce_safetensors.c:580:25: warning: ‘__builtin___strncpy_chk’ output may be truncated copying 127 bytes from a string of length 127 [-Wstringop-truncation]
  580 |                         strncpy(files[file_count], fname, 127);
      |                         ^
src/cce/cce_safetensors.c:587:21: warning: ‘__builtin___strncpy_chk’ output may be truncated copying 127 bytes from a string of length 127 [-Wstringop-truncation]
  587 |                     strncpy(wm[wm_count].name, tname, CCE_ST_MAX_NAME - 1);
      |                     ^
src/cce/cce_gguf.c: In function ‘cce_gguf_load_f32’:
src/cce/cce_gguf.c:672:13: warning: ignoring return value of ‘fread’ declared with attribute ‘warn_unused_result’ [-Wunused-result]
  672 |             fread(scales,1,12,g->f);
      |             ^~~~~~~~~~~~~~~~~~~~~~~
src/cce/cce_gguf.c: In function ‘cce_gguf_qwen2_load_packed’:
src/cce/cce_gguf.c:2355:5: warning: ignoring return value of ‘fread’ declared with attribute ‘warn_unused_result’ [-Wunused-result]
 2355 |     fread(&m->bos_token_id, sizeof(int), 1, f);
      |     ^~~~~~~~~~~~~~~~~~~~~~~~~~~~~~~~~~~~~~~~~~
src/cce/cce_gguf.c:2356:5: warning: ignoring return value of ‘fread’ declared with attribute ‘warn_unused_result’ [-Wunused-result]
 2356 |     fread(&m->eos_token_id, sizeof(int), 1, f);
      |     ^~~~~~~~~~~~~~~~~~~~~~~~~~~~~~~~~~~~~~~~~~
src/cce/cce_gguf.c:2357:19: warning: ignoring return value of ‘fread’ declared with attribute ‘warn_unused_result’ [-Wunused-result]
 2357 |     int tlen = 0; fread(&tlen, sizeof(int), 1, f);
      |                   ^~~~~~~~~~~~~~~~~~~~~~~~~~~~~~~
src/cce/cce_gguf.c:2359:9: warning: ignoring return value of ‘fread’ declared with attribute ‘warn_unused_result’ [-Wunused-result]
 2359 |         fread(m->tokenizer_model, 1, tlen, f);
      |         ^~~~~~~~~~~~~~~~~~~~~~~~~~~~~~~~~~~~~
src/cce/cce_gguf.c: In function ‘cce_gguf_load_qwen2’:
src/cce/cce_gguf.c:2058:5: warning: ‘__builtin_strncpy’ output may be truncated copying 63 bytes from a string of length 63 [-Wstringop-truncation]
 2058 |     strncpy(m->tokenizer_model, cce_gguf_get_tokenizer_model(g), sizeof(m->tokenizer_model)-1);
      |     ^
src/cce/cce_detect.c: In function ‘cce_detect_file’:
src/cce/cce_detect.c:439:9: warning: ‘__builtin_strncpy’ output may be truncated copying 63 bytes from a string of length 63 [-Wstringop-truncation]
  439 |         strncpy(info->arch, q.architecture, sizeof(info->arch) - 1);
      |         ^
src/cce/cce_detect.c:441:9: warning: ‘__builtin_strncpy’ output may be truncated copying 15 bytes from a string of length 31 [-Wstringop-truncation]
  441 |         strncpy(info->dtype, q.quantization, sizeof(info->dtype) - 1);
      |         ^
src/cce/cce_tier_runtime.c: In function ‘cce_tier_attach’:
src/cce/cce_tier_runtime.c:62:13: warning: ‘__builtin_strncpy’ output may be truncated copying 95 bytes from a string of length 95 [-Wstringop-truncation]
   62 |             strncpy(rt->map[rt->n_map].name, name, sizeof(rt->map[0].name) - 1);
      |             ^
src/cce/cce_similar.c: In function ‘cce_similar_candidates’:
src/cce/cce_similar.c:29:13: warning: ‘__builtin_strncpy’ output may be truncated copying 95 bytes from a string of length 95 [-Wstringop-truncation]
   29 |             strncpy(p->name_a, a->name, sizeof(p->name_a) - 1);
      |             ^
src/cce/cce_similar.c:30:13: warning: ‘__builtin_strncpy’ output may be truncated copying 95 bytes from a string of length 95 [-Wstringop-truncation]
   30 |             strncpy(p->name_b, b->name, sizeof(p->name_b) - 1);
      |             ^
src/cce/cce_clgemm.c: In function ‘clgemm_open_internal’:
src/cce/cce_clgemm.c:254:15: warning: ISO C forbids conversion of object pointer to function pointer type [-Wpedantic]
  254 |         dst = (type)cce_dl_sym(h->dll, name);                               \
      |               ^
src/cce/cce_clgemm.c:258:5: note: in expansion of macro ‘SYM’
  258 |     SYM(GetPlatformIDs, p_clGetPlatformIDs, "clGetPlatformIDs");
      |     ^~~
src/cce/cce_clgemm.c:254:15: warning: ISO C forbids conversion of object pointer to function pointer type [-Wpedantic]
  254 |         dst = (type)cce_dl_sym(h->dll, name);                               \
      |               ^
src/cce/cce_clgemm.c:259:5: note: in expansion of macro ‘SYM’
  259 |     SYM(GetDeviceIDs, p_clGetDeviceIDs, "clGetDeviceIDs");
      |     ^~~
src/cce/cce_clgemm.c:254:15: warning: ISO C forbids conversion of object pointer to function pointer type [-Wpedantic]
  254 |         dst = (type)cce_dl_sym(h->dll, name);                               \
      |               ^
src/cce/cce_clgemm.c:260:5: note: in expansion of macro ‘SYM’
  260 |     SYM(GetDeviceInfo, p_clGetDeviceInfo, "clGetDeviceInfo");
      |     ^~~
src/cce/cce_clgemm.c:254:15: warning: ISO C forbids conversion of object pointer to function pointer type [-Wpedantic]
  254 |         dst = (type)cce_dl_sym(h->dll, name);                               \
      |               ^
src/cce/cce_clgemm.c:261:5: note: in expansion of macro ‘SYM’
  261 |     SYM(CreateContext, p_clCreateContext, "clCreateContext");
      |     ^~~
src/cce/cce_clgemm.c:254:15: warning: ISO C forbids conversion of object pointer to function pointer type [-Wpedantic]
  254 |         dst = (type)cce_dl_sym(h->dll, name);                               \
      |               ^
src/cce/cce_clgemm.c:262:5: note: in expansion of macro ‘SYM’
  262 |     SYM(CreateQueue, p_clCreateCommandQueue, "clCreateCommandQueue");
      |     ^~~
src/cce/cce_clgemm.c:254:15: warning: ISO C forbids conversion of object pointer to function pointer type [-Wpedantic]
  254 |         dst = (type)cce_dl_sym(h->dll, name);                               \
      |               ^
src/cce/cce_clgemm.c:263:5: note: in expansion of macro ‘SYM’
  263 |     SYM(CreateProgram, p_clCreateProgramWithSource, "clCreateProgramWithSource");
      |     ^~~
src/cce/cce_clgemm.c:254:15: warning: ISO C forbids conversion of object pointer to function pointer type [-Wpedantic]
  254 |         dst = (type)cce_dl_sym(h->dll, name);                               \
      |               ^
src/cce/cce_clgemm.c:264:5: note: in expansion of macro ‘SYM’
  264 |     SYM(BuildProgram, p_clBuildProgram, "clBuildProgram");
      |     ^~~
src/cce/cce_clgemm.c:254:15: warning: ISO C forbids conversion of object pointer to function pointer type [-Wpedantic]
  254 |         dst = (type)cce_dl_sym(h->dll, name);                               \
      |               ^
src/cce/cce_clgemm.c:265:5: note: in expansion of macro ‘SYM’
  265 |     SYM(CreateKernel, p_clCreateKernel, "clCreateKernel");
      |     ^~~
src/cce/cce_clgemm.c:254:15: warning: ISO C forbids conversion of object pointer to function pointer type [-Wpedantic]
  254 |         dst = (type)cce_dl_sym(h->dll, name);                               \
      |               ^
src/cce/cce_clgemm.c:266:5: note: in expansion of macro ‘SYM’
  266 |     SYM(h->CreateBuffer, p_clCreateBuffer, "clCreateBuffer");
      |     ^~~
src/cce/cce_clgemm.c:254:15: warning: ISO C forbids conversion of object pointer to function pointer type [-Wpedantic]
  254 |         dst = (type)cce_dl_sym(h->dll, name);                               \
      |               ^
src/cce/cce_clgemm.c:267:5: note: in expansion of macro ‘SYM’
  267 |     SYM(h->WriteBuffer, p_clEnqueueWriteBuffer, "clEnqueueWriteBuffer");
      |     ^~~
src/cce/cce_clgemm.c:254:15: warning: ISO C forbids conversion of object pointer to function pointer type [-Wpedantic]
  254 |         dst = (type)cce_dl_sym(h->dll, name);                               \
      |               ^
src/cce/cce_clgemm.c:268:5: note: in expansion of macro ‘SYM’
  268 |     SYM(h->ReadBuffer, p_clEnqueueReadBuffer, "clEnqueueReadBuffer");
      |     ^~~
src/cce/cce_clgemm.c:254:15: warning: ISO C forbids conversion of object pointer to function pointer type [-Wpedantic]
  254 |         dst = (type)cce_dl_sym(h->dll, name);                               \
      |               ^
src/cce/cce_clgemm.c:269:5: note: in expansion of macro ‘SYM’
  269 |     SYM(h->SetArg, p_clSetKernelArg, "clSetKernelArg");
      |     ^~~
src/cce/cce_clgemm.c:254:15: warning: ISO C forbids conversion of object pointer to function pointer type [-Wpedantic]
  254 |         dst = (type)cce_dl_sym(h->dll, name);                               \
      |               ^
src/cce/cce_clgemm.c:270:5: note: in expansion of macro ‘SYM’
  270 |     SYM(h->Enqueue, p_clEnqueueNDRangeKernel, "clEnqueueNDRangeKernel");
      |     ^~~
src/cce/cce_clgemm.c:254:15: warning: ISO C forbids conversion of object pointer to function pointer type [-Wpedantic]
  254 |         dst = (type)cce_dl_sym(h->dll, name);                               \
      |               ^
src/cce/cce_clgemm.c:271:5: note: in expansion of macro ‘SYM’
  271 |     SYM(h->Flush, p_clFlush, "clFlush");
      |     ^~~
src/cce/cce_clgemm.c:254:15: warning: ISO C forbids conversion of object pointer to function pointer type [-Wpedantic]
  254 |         dst = (type)cce_dl_sym(h->dll, name);                               \
      |               ^
src/cce/cce_clgemm.c:272:5: note: in expansion of macro ‘SYM’
  272 |     SYM(h->Finish, p_clFinish, "clFinish");
      |     ^~~
src/cce/cce_clgemm.c:254:15: warning: ISO C forbids conversion of object pointer to function pointer type [-Wpedantic]
  254 |         dst = (type)cce_dl_sym(h->dll, name);                               \
      |               ^
src/cce/cce_clgemm.c:273:5: note: in expansion of macro ‘SYM’
  273 |     SYM(h->ReleaseMem, p_clReleaseMemObject, "clReleaseMemObject");
      |     ^~~
src/cce/cce_clgemm.c:254:15: warning: ISO C forbids conversion of object pointer to function pointer type [-Wpedantic]
  254 |         dst = (type)cce_dl_sym(h->dll, name);                               \
      |               ^
src/cce/cce_clgemm.c:274:5: note: in expansion of macro ‘SYM’
  274 |     SYM(h->ReleaseKernel, p_clReleaseKernel, "clReleaseKernel");
      |     ^~~
src/cce/cce_clgemm.c:254:15: warning: ISO C forbids conversion of object pointer to function pointer type [-Wpedantic]
  254 |         dst = (type)cce_dl_sym(h->dll, name);                               \
      |               ^
src/cce/cce_clgemm.c:275:5: note: in expansion of macro ‘SYM’
  275 |     SYM(h->ReleaseProgram, p_clReleaseProgram, "clReleaseProgram");
      |     ^~~
src/cce/cce_clgemm.c:254:15: warning: ISO C forbids conversion of object pointer to function pointer type [-Wpedantic]
  254 |         dst = (type)cce_dl_sym(h->dll, name);                               \
      |               ^
src/cce/cce_clgemm.c:276:5: note: in expansion of macro ‘SYM’
  276 |     SYM(h->ReleaseQueue, p_clReleaseCommandQueue, "clReleaseCommandQueue");
      |     ^~~
src/cce/cce_clgemm.c:254:15: warning: ISO C forbids conversion of object pointer to function pointer type [-Wpedantic]
  254 |         dst = (type)cce_dl_sym(h->dll, name);                               \
      |               ^
src/cce/cce_clgemm.c:277:5: note: in expansion of macro ‘SYM’
  277 |     SYM(h->ReleaseContext, p_clReleaseContext, "clReleaseContext");
      |     ^~~
make: *** [Makefile:1106: supra_joint_qat] Terminated
