  Determining projects to restore...
  Restored /home/marble/AI/CNET-worktrees/herdr-language-20260909/dotnet/CnetControlPlane.Tests/CnetControlPlane.Tests.csproj (in 408 ms).
  Restored /home/marble/AI/CNET-worktrees/herdr-language-20260909/dotnet/CnetControlPlane/CnetControlPlane.csproj (in 408 ms).
  CnetControlPlane -> /home/marble/AI/CNET-worktrees/herdr-language-20260909/.artifacts/herdr-vocabulary/bin/CnetControlPlane/debug/cnet-control.dll
/home/marble/AI/CNET-worktrees/herdr-language-20260909/dotnet/CnetControlPlane.Tests/LearningRuntimeLedgerTests.cs(22,9): warning CA1416: This call site is reachable on all platforms. 'Directory.CreateDirectory(string, UnixFileMode)' is unsupported on: 'windows'. (https://learn.microsoft.com/dotnet/fundamentals/code-analysis/quality-rules/ca1416) [/home/marble/AI/CNET-worktrees/herdr-language-20260909/dotnet/CnetControlPlane.Tests/CnetControlPlane.Tests.csproj]
/home/marble/AI/CNET-worktrees/herdr-language-20260909/dotnet/CnetControlPlane.Tests/LearningRuntimeLedgerTests.cs(23,9): warning CA1416: This call site is reachable on all platforms. 'Directory.CreateDirectory(string, UnixFileMode)' is unsupported on: 'windows'. (https://learn.microsoft.com/dotnet/fundamentals/code-analysis/quality-rules/ca1416) [/home/marble/AI/CNET-worktrees/herdr-language-20260909/dotnet/CnetControlPlane.Tests/CnetControlPlane.Tests.csproj]
/home/marble/AI/CNET-worktrees/herdr-language-20260909/dotnet/CnetControlPlane.Tests/LearningRuntimeLedgerTests.cs(21,9): warning CA1416: This call site is reachable on all platforms. 'File.SetUnixFileMode(string, UnixFileMode)' is unsupported on: 'windows'. (https://learn.microsoft.com/dotnet/fundamentals/code-analysis/quality-rules/ca1416) [/home/marble/AI/CNET-worktrees/herdr-language-20260909/dotnet/CnetControlPlane.Tests/CnetControlPlane.Tests.csproj]
/home/marble/AI/CNET-worktrees/herdr-language-20260909/dotnet/CnetControlPlane.Tests/LearningNativeLedgerTests.cs(38,43): warning CA1416: This call site is reachable on all platforms. 'File.SetUnixFileMode(string, UnixFileMode)' is unsupported on: 'windows'. (https://learn.microsoft.com/dotnet/fundamentals/code-analysis/quality-rules/ca1416) [/home/marble/AI/CNET-worktrees/herdr-language-20260909/dotnet/CnetControlPlane.Tests/CnetControlPlane.Tests.csproj]
/home/marble/AI/CNET-worktrees/herdr-language-20260909/dotnet/CnetControlPlane.Tests/LearningRuntimeLedgerTests.cs(32,36): warning CA1416: This call site is reachable on all platforms. 'File.SetUnixFileMode(string, UnixFileMode)' is unsupported on: 'windows'. (https://learn.microsoft.com/dotnet/fundamentals/code-analysis/quality-rules/ca1416) [/home/marble/AI/CNET-worktrees/herdr-language-20260909/dotnet/CnetControlPlane.Tests/CnetControlPlane.Tests.csproj]
/home/marble/AI/CNET-worktrees/herdr-language-20260909/dotnet/CnetControlPlane.Tests/LearningRuntimeLedgerTests.cs(35,13): warning CA1416: This call site is reachable on all platforms. 'File.SetUnixFileMode(string, UnixFileMode)' is unsupported on: 'windows'. (https://learn.microsoft.com/dotnet/fundamentals/code-analysis/quality-rules/ca1416) [/home/marble/AI/CNET-worktrees/herdr-language-20260909/dotnet/CnetControlPlane.Tests/CnetControlPlane.Tests.csproj]
  CnetControlPlane.Tests -> /home/marble/AI/CNET-worktrees/herdr-language-20260909/.artifacts/herdr-vocabulary/bin/CnetControlPlane.Tests/debug/CnetControlPlane.Tests.dll
Test run for /home/marble/AI/CNET-worktrees/herdr-language-20260909/.artifacts/herdr-vocabulary/bin/CnetControlPlane.Tests/debug/CnetControlPlane.Tests.dll (.NETCoreApp,Version=v8.0)
A total of 1 test files matched the specified pattern.
[xUnit.net 00:00:00.00] xUnit.net VSTest Adapter v2.8.2+699d445a1a (64-bit .NET 8.0.30)
[xUnit.net 00:00:00.03]   Discovering: CnetControlPlane.Tests
[xUnit.net 00:00:00.33]   Discovered:  CnetControlPlane.Tests
[xUnit.net 00:00:00.33]   Starting:    CnetControlPlane.Tests
[xUnit.net 00:00:00.97]     CnetControlPlane.Tests.LearningCaseVocabularyTests.MissingOrConflictingRolesNeverBecomeExecutable(text: "Uppercase the letters f and g.", status: "clarify") [FAIL]
[xUnit.net 00:00:00.97]       TASK_VOCABULARY_RED Uppercase the letters f and g.: abstain, expected clarify
[xUnit.net 00:00:00.97]       Stack Trace:
[xUnit.net 00:00:00.97]         /home/marble/AI/CNET-worktrees/herdr-language-20260909/dotnet/CnetControlPlane.Tests/LearningCaseVocabularyTests.cs(60,0): at CnetControlPlane.Tests.LearningCaseVocabularyTests.MissingOrConflictingRolesNeverBecomeExecutable(String text, String status)
[xUnit.net 00:00:00.97]            at System.RuntimeMethodHandle.InvokeMethod(Object target, Void** arguments, Signature sig, Boolean isConstructor)
[xUnit.net 00:00:00.97]            at System.Reflection.MethodBaseInvoker.InvokeDirectByRefWithFewArgs(Object obj, Span`1 copyOfArgs, BindingFlags invokeAttr)
[xUnit.net 00:00:00.98]     CnetControlPlane.Tests.LearningCaseVocabularyTests.MissingOrConflictingRolesNeverBecomeExecutable(text: "Convert to uppercase whichever single letter is in"···, status: "clarify") [FAIL]
[xUnit.net 00:00:00.98]       TASK_VOCABULARY_RED Convert to uppercase whichever single letter is intended, c or d.: abstain, expected clarify
[xUnit.net 00:00:00.98]       Stack Trace:
[xUnit.net 00:00:00.98]         /home/marble/AI/CNET-worktrees/herdr-language-20260909/dotnet/CnetControlPlane.Tests/LearningCaseVocabularyTests.cs(60,0): at CnetControlPlane.Tests.LearningCaseVocabularyTests.MissingOrConflictingRolesNeverBecomeExecutable(String text, String status)
[xUnit.net 00:00:00.98]            at InvokeStub_LearningCaseVocabularyTests.MissingOrConflictingRolesNeverBecomeExecutable(Object, Span`1)
[xUnit.net 00:00:00.98]            at System.Reflection.MethodBaseInvoker.InvokeWithFewArgs(Object obj, BindingFlags invokeAttr, Binder binder, Object[] parameters, CultureInfo culture)
[xUnit.net 00:00:00.98]     CnetControlPlane.Tests.LearningCaseVocabularyTests.MissingOrConflictingRolesNeverBecomeExecutable(text: "Please uppercase the character specified as U+0218"···, status: "abstain") [FAIL]
[xUnit.net 00:00:00.98]       TASK_VOCABULARY_RED Please uppercase the character specified as U+0218.: clarify, expected abstain
[xUnit.net 00:00:00.98]       Stack Trace:
[xUnit.net 00:00:00.98]         /home/marble/AI/CNET-worktrees/herdr-language-20260909/dotnet/CnetControlPlane.Tests/LearningCaseVocabularyTests.cs(60,0): at CnetControlPlane.Tests.LearningCaseVocabularyTests.MissingOrConflictingRolesNeverBecomeExecutable(String text, String status)
[xUnit.net 00:00:00.98]            at InvokeStub_LearningCaseVocabularyTests.MissingOrConflictingRolesNeverBecomeExecutable(Object, Span`1)
[xUnit.net 00:00:00.98]            at System.Reflection.MethodBaseInvoker.InvokeWithFewArgs(Object obj, BindingFlags invokeAttr, Binder binder, Object[] parameters, CultureInfo culture)
[xUnit.net 00:00:00.98]     CnetControlPlane.Tests.LearningCaseVocabularyTests.MissingOrConflictingRolesNeverBecomeExecutable(text: "Take 'a' up to lowercase.", status: "clarify") [FAIL]
[xUnit.net 00:00:00.98]       TASK_VOCABULARY_RED Take 'a' up to lowercase.: abstain, expected clarify
[xUnit.net 00:00:00.98]       Stack Trace:
[xUnit.net 00:00:00.98]         /home/marble/AI/CNET-worktrees/herdr-language-20260909/dotnet/CnetControlPlane.Tests/LearningCaseVocabularyTests.cs(60,0): at CnetControlPlane.Tests.LearningCaseVocabularyTests.MissingOrConflictingRolesNeverBecomeExecutable(String text, String status)
[xUnit.net 00:00:00.98]            at InvokeStub_LearningCaseVocabularyTests.MissingOrConflictingRolesNeverBecomeExecutable(Object, Span`1)
[xUnit.net 00:00:00.98]            at System.Reflection.MethodBaseInvoker.InvokeWithFewArgs(Object obj, BindingFlags invokeAttr, Binder binder, Object[] parameters, CultureInfo culture)
  Failed CnetControlPlane.Tests.LearningCaseVocabularyTests.MissingOrConflictingRolesNeverBecomeExecutable(text: "Uppercase the letters f and g.", status: "clarify") [619 ms]
  Error Message:
   TASK_VOCABULARY_RED Uppercase the letters f and g.: abstain, expected clarify
  Stack Trace:
     at CnetControlPlane.Tests.LearningCaseVocabularyTests.MissingOrConflictingRolesNeverBecomeExecutable(String text, String status) in /home/marble/AI/CNET-worktrees/herdr-language-20260909/dotnet/CnetControlPlane.Tests/LearningCaseVocabularyTests.cs:line 60
   at System.RuntimeMethodHandle.InvokeMethod(Object target, Void** arguments, Signature sig, Boolean isConstructor)
   at System.Reflection.MethodBaseInvoker.InvokeDirectByRefWithFewArgs(Object obj, Span`1 copyOfArgs, BindingFlags invokeAttr)
  Passed CnetControlPlane.Tests.LearningCaseVocabularyTests.MissingOrConflictingRolesNeverBecomeExecutable(text: "Map 'A' to small.", status: "abstain") [2 ms]
  Failed CnetControlPlane.Tests.LearningCaseVocabularyTests.MissingOrConflictingRolesNeverBecomeExecutable(text: "Convert to uppercase whichever single letter is in"···, status: "clarify") [2 ms]
  Error Message:
   TASK_VOCABULARY_RED Convert to uppercase whichever single letter is intended, c or d.: abstain, expected clarify
  Stack Trace:
     at CnetControlPlane.Tests.LearningCaseVocabularyTests.MissingOrConflictingRolesNeverBecomeExecutable(String text, String status) in /home/marble/AI/CNET-worktrees/herdr-language-20260909/dotnet/CnetControlPlane.Tests/LearningCaseVocabularyTests.cs:line 60
   at InvokeStub_LearningCaseVocabularyTests.MissingOrConflictingRolesNeverBecomeExecutable(Object, Span`1)
   at System.Reflection.MethodBaseInvoker.InvokeWithFewArgs(Object obj, BindingFlags invokeAttr, Binder binder, Object[] parameters, CultureInfo culture)
  Passed CnetControlPlane.Tests.LearningCaseVocabularyTests.MissingOrConflictingRolesNeverBecomeExecutable(text: "Downcase U+000A.", status: "abstain") [< 1 ms]
  Failed CnetControlPlane.Tests.LearningCaseVocabularyTests.MissingOrConflictingRolesNeverBecomeExecutable(text: "Please uppercase the character specified as U+0218"···, status: "abstain") [< 1 ms]
  Error Message:
   TASK_VOCABULARY_RED Please uppercase the character specified as U+0218.: clarify, expected abstain
  Stack Trace:
     at CnetControlPlane.Tests.LearningCaseVocabularyTests.MissingOrConflictingRolesNeverBecomeExecutable(String text, String status) in /home/marble/AI/CNET-worktrees/herdr-language-20260909/dotnet/CnetControlPlane.Tests/LearningCaseVocabularyTests.cs:line 60
   at InvokeStub_LearningCaseVocabularyTests.MissingOrConflictingRolesNeverBecomeExecutable(Object, Span`1)
   at System.Reflection.MethodBaseInvoker.InvokeWithFewArgs(Object obj, BindingFlags invokeAttr, Binder binder, Object[] parameters, CultureInfo culture)
  Passed CnetControlPlane.Tests.LearningCaseVocabularyTests.MissingOrConflictingRolesNeverBecomeExecutable(text: "Convert the hyphen '+' to uppercase.", status: "clarify") [< 1 ms]
  Passed CnetControlPlane.Tests.LearningCaseVocabularyTests.MissingOrConflictingRolesNeverBecomeExecutable(text: "Downcase 'A' and send it.", status: "abstain") [< 1 ms]
  Passed CnetControlPlane.Tests.LearningCaseVocabularyTests.MissingOrConflictingRolesNeverBecomeExecutable(text: "Convert the hyphen to uppercase.", status: "clarify") [< 1 ms]
  Failed CnetControlPlane.Tests.LearningCaseVocabularyTests.MissingOrConflictingRolesNeverBecomeExecutable(text: "Take 'a' up to lowercase.", status: "clarify") [1 ms]
  Error Message:
   TASK_VOCABULARY_RED Take 'a' up to lowercase.: abstain, expected clarify
  Stack Trace:
     at CnetControlPlane.Tests.LearningCaseVocabularyTests.MissingOrConflictingRolesNeverBecomeExecutable(String text, String status) in /home/marble/AI/CNET-worktrees/herdr-language-20260909/dotnet/CnetControlPlane.Tests/LearningCaseVocabularyTests.cs:line 60
   at InvokeStub_LearningCaseVocabularyTests.MissingOrConflictingRolesNeverBecomeExecutable(Object, Span`1)
   at System.Reflection.MethodBaseInvoker.InvokeWithFewArgs(Object obj, BindingFlags invokeAttr, Binder binder, Object[] parameters, CultureInfo culture)
[xUnit.net 00:00:01.00]     CnetControlPlane.Tests.LearningCaseVocabularyTests.MissingOrConflictingRolesNeverBecomeExecutable(text: "I am requesting a case change for the letter p.", status: "clarify") [FAIL]
[xUnit.net 00:00:01.00]       TASK_VOCABULARY_RED I am requesting a case change for the letter p.: abstain, expected clarify
[xUnit.net 00:00:01.00]       Stack Trace:
[xUnit.net 00:00:01.00]         /home/marble/AI/CNET-worktrees/herdr-language-20260909/dotnet/CnetControlPlane.Tests/LearningCaseVocabularyTests.cs(60,0): at CnetControlPlane.Tests.LearningCaseVocabularyTests.MissingOrConflictingRolesNeverBecomeExecutable(String text, String status)
[xUnit.net 00:00:01.00]            at InvokeStub_LearningCaseVocabularyTests.MissingOrConflictingRolesNeverBecomeExecutable(Object, Span`1)
[xUnit.net 00:00:01.00]            at System.Reflection.MethodBaseInvoker.InvokeWithFewArgs(Object obj, BindingFlags invokeAttr, Binder binder, Object[] parameters, CultureInfo culture)
[xUnit.net 00:00:01.00]     CnetControlPlane.Tests.LearningCaseVocabularyTests.MissingOrConflictingRolesNeverBecomeExecutable(text: "The letter c should undergo case conversion.", status: "clarify") [FAIL]
[xUnit.net 00:00:01.00]       TASK_VOCABULARY_RED The letter c should undergo case conversion.: abstain, expected clarify
[xUnit.net 00:00:01.00]       Stack Trace:
[xUnit.net 00:00:01.00]         /home/marble/AI/CNET-worktrees/herdr-language-20260909/dotnet/CnetControlPlane.Tests/LearningCaseVocabularyTests.cs(60,0): at CnetControlPlane.Tests.LearningCaseVocabularyTests.MissingOrConflictingRolesNeverBecomeExecutable(String text, String status)
[xUnit.net 00:00:01.00]            at InvokeStub_LearningCaseVocabularyTests.MissingOrConflictingRolesNeverBecomeExecutable(Object, Span`1)
[xUnit.net 00:00:01.00]            at System.Reflection.MethodBaseInvoker.InvokeWithFewArgs(Object obj, BindingFlags invokeAttr, Binder binder, Object[] parameters, CultureInfo culture)
[xUnit.net 00:00:01.00]     CnetControlPlane.Tests.LearningCaseVocabularyTests.MissingOrConflictingRolesNeverBecomeExecutable(text: "Upcase the punctuation 'a'.", status: "clarify") [FAIL]
[xUnit.net 00:00:01.00]       TASK_VOCABULARY_RED Upcase the punctuation 'a'.: abstain, expected clarify
[xUnit.net 00:00:01.00]       Stack Trace:
[xUnit.net 00:00:01.00]         /home/marble/AI/CNET-worktrees/herdr-language-20260909/dotnet/CnetControlPlane.Tests/LearningCaseVocabularyTests.cs(60,0): at CnetControlPlane.Tests.LearningCaseVocabularyTests.MissingOrConflictingRolesNeverBecomeExecutable(String text, String status)
[xUnit.net 00:00:01.00]            at InvokeStub_LearningCaseVocabularyTests.MissingOrConflictingRolesNeverBecomeExecutable(Object, Span`1)
[xUnit.net 00:00:01.00]            at System.Reflection.MethodBaseInvoker.InvokeWithFewArgs(Object obj, BindingFlags invokeAttr, Binder binder, Object[] parameters, CultureInfo culture)
[xUnit.net 00:00:01.00]     CnetControlPlane.Tests.LearningCaseVocabularyTests.MissingOrConflictingRolesNeverBecomeExecutable(text: "Go ahead and lowercase it.", status: "clarify") [FAIL]
[xUnit.net 00:00:01.00]       TASK_VOCABULARY_RED Go ahead and lowercase it.: abstain, expected clarify
[xUnit.net 00:00:01.00]       Stack Trace:
[xUnit.net 00:00:01.00]         /home/marble/AI/CNET-worktrees/herdr-language-20260909/dotnet/CnetControlPlane.Tests/LearningCaseVocabularyTests.cs(60,0): at CnetControlPlane.Tests.LearningCaseVocabularyTests.MissingOrConflictingRolesNeverBecomeExecutable(String text, String status)
[xUnit.net 00:00:01.00]            at InvokeStub_LearningCaseVocabularyTests.MissingOrConflictingRolesNeverBecomeExecutable(Object, Span`1)
[xUnit.net 00:00:01.00]            at System.Reflection.MethodBaseInvoker.InvokeWithFewArgs(Object obj, BindingFlags invokeAttr, Binder binder, Object[] parameters, CultureInfo culture)
[xUnit.net 00:00:01.00]     CnetControlPlane.Tests.LearningCaseVocabularyTests.MissingOrConflictingRolesNeverBecomeExecutable(text: "I still need uppercase applied, yet no letter has "···, status: "clarify") [FAIL]
[xUnit.net 00:00:01.00]       TASK_VOCABULARY_RED I still need uppercase applied, yet no letter has been given.: abstain, expected clarify
[xUnit.net 00:00:01.00]       Stack Trace:
[xUnit.net 00:00:01.00]         /home/marble/AI/CNET-worktrees/herdr-language-20260909/dotnet/CnetControlPlane.Tests/LearningCaseVocabularyTests.cs(60,0): at CnetControlPlane.Tests.LearningCaseVocabularyTests.MissingOrConflictingRolesNeverBecomeExecutable(String text, String status)
[xUnit.net 00:00:01.00]            at InvokeStub_LearningCaseVocabularyTests.MissingOrConflictingRolesNeverBecomeExecutable(Object, Span`1)
[xUnit.net 00:00:01.00]            at System.Reflection.MethodBaseInvoker.InvokeWithFewArgs(Object obj, BindingFlags invokeAttr, Binder binder, Object[] parameters, CultureInfo culture)
[xUnit.net 00:00:01.00]     CnetControlPlane.Tests.LearningCaseVocabularyTests.MissingOrConflictingRolesNeverBecomeExecutable(text: "Make uppercase the digit 8'", status: "clarify") [FAIL]
[xUnit.net 00:00:01.00]       TASK_VOCABULARY_RED Make uppercase the digit 8': abstain, expected clarify
[xUnit.net 00:00:01.00]       Stack Trace:
[xUnit.net 00:00:01.00]         /home/marble/AI/CNET-worktrees/herdr-language-20260909/dotnet/CnetControlPlane.Tests/LearningCaseVocabularyTests.cs(60,0): at CnetControlPlane.Tests.LearningCaseVocabularyTests.MissingOrConflictingRolesNeverBecomeExecutable(String text, String status)
[xUnit.net 00:00:01.00]            at InvokeStub_LearningCaseVocabularyTests.MissingOrConflictingRolesNeverBecomeExecutable(Object, Span`1)
[xUnit.net 00:00:01.00]            at System.Reflection.MethodBaseInvoker.InvokeWithFewArgs(Object obj, BindingFlags invokeAttr, Binder binder, Object[] parameters, CultureInfo culture)
[xUnit.net 00:00:01.00]     CnetControlPlane.Tests.LearningCaseVocabularyTests.MissingOrConflictingRolesNeverBecomeExecutable(text: "Lowercase the letters a and b", status: "clarify") [FAIL]
[xUnit.net 00:00:01.00]       TASK_VOCABULARY_RED Lowercase the letters a and b: abstain, expected clarify
[xUnit.net 00:00:01.00]       Stack Trace:
[xUnit.net 00:00:01.00]         /home/marble/AI/CNET-worktrees/herdr-language-20260909/dotnet/CnetControlPlane.Tests/LearningCaseVocabularyTests.cs(60,0): at CnetControlPlane.Tests.LearningCaseVocabularyTests.MissingOrConflictingRolesNeverBecomeExecutable(String text, String status)
[xUnit.net 00:00:01.00]            at InvokeStub_LearningCaseVocabularyTests.MissingOrConflictingRolesNeverBecomeExecutable(Object, Span`1)
[xUnit.net 00:00:01.00]            at System.Reflection.MethodBaseInvoker.InvokeWithFewArgs(Object obj, BindingFlags invokeAttr, Binder binder, Object[] parameters, CultureInfo culture)
  Failed CnetControlPlane.Tests.LearningCaseVocabularyTests.MissingOrConflictingRolesNeverBecomeExecutable(text: "I am requesting a case change for the letter p.", status: "clarify") [< 1 ms]
  Error Message:
   TASK_VOCABULARY_RED I am requesting a case change for the letter p.: abstain, expected clarify
  Stack Trace:
     at CnetControlPlane.Tests.LearningCaseVocabularyTests.MissingOrConflictingRolesNeverBecomeExecutable(String text, String status) in /home/marble/AI/CNET-worktrees/herdr-language-20260909/dotnet/CnetControlPlane.Tests/LearningCaseVocabularyTests.cs:line 60
   at InvokeStub_LearningCaseVocabularyTests.MissingOrConflictingRolesNeverBecomeExecutable(Object, Span`1)
   at System.Reflection.MethodBaseInvoker.InvokeWithFewArgs(Object obj, BindingFlags invokeAttr, Binder binder, Object[] parameters, CultureInfo culture)
  Passed CnetControlPlane.Tests.LearningCaseVocabularyTests.MissingOrConflictingRolesNeverBecomeExecutable(text: "Upcase the word hello.", status: "abstain") [< 1 ms]
  Failed CnetControlPlane.Tests.LearningCaseVocabularyTests.MissingOrConflictingRolesNeverBecomeExecutable(text: "The letter c should undergo case conversion.", status: "clarify") [< 1 ms]
  Error Message:
   TASK_VOCABULARY_RED The letter c should undergo case conversion.: abstain, expected clarify
  Stack Trace:
     at CnetControlPlane.Tests.LearningCaseVocabularyTests.MissingOrConflictingRolesNeverBecomeExecutable(String text, String status) in /home/marble/AI/CNET-worktrees/herdr-language-20260909/dotnet/CnetControlPlane.Tests/LearningCaseVocabularyTests.cs:line 60
   at InvokeStub_LearningCaseVocabularyTests.MissingOrConflictingRolesNeverBecomeExecutable(Object, Span`1)
   at System.Reflection.MethodBaseInvoker.InvokeWithFewArgs(Object obj, BindingFlags invokeAttr, Binder binder, Object[] parameters, CultureInfo culture)
  Failed CnetControlPlane.Tests.LearningCaseVocabularyTests.MissingOrConflictingRolesNeverBecomeExecutable(text: "Upcase the punctuation 'a'.", status: "clarify") [< 1 ms]
  Error Message:
   TASK_VOCABULARY_RED Upcase the punctuation 'a'.: abstain, expected clarify
  Stack Trace:
     at CnetControlPlane.Tests.LearningCaseVocabularyTests.MissingOrConflictingRolesNeverBecomeExecutable(String text, String status) in /home/marble/AI/CNET-worktrees/herdr-language-20260909/dotnet/CnetControlPlane.Tests/LearningCaseVocabularyTests.cs:line 60
   at InvokeStub_LearningCaseVocabularyTests.MissingOrConflictingRolesNeverBecomeExecutable(Object, Span`1)
   at System.Reflection.MethodBaseInvoker.InvokeWithFewArgs(Object obj, BindingFlags invokeAttr, Binder binder, Object[] parameters, CultureInfo culture)
  Failed CnetControlPlane.Tests.LearningCaseVocabularyTests.MissingOrConflictingRolesNeverBecomeExecutable(text: "Go ahead and lowercase it.", status: "clarify") [1 ms]
  Error Message:
   TASK_VOCABULARY_RED Go ahead and lowercase it.: abstain, expected clarify
  Stack Trace:
     at CnetControlPlane.Tests.LearningCaseVocabularyTests.MissingOrConflictingRolesNeverBecomeExecutable(String text, String status) in /home/marble/AI/CNET-worktrees/herdr-language-20260909/dotnet/CnetControlPlane.Tests/LearningCaseVocabularyTests.cs:line 60
   at InvokeStub_LearningCaseVocabularyTests.MissingOrConflictingRolesNeverBecomeExecutable(Object, Span`1)
   at System.Reflection.MethodBaseInvoker.InvokeWithFewArgs(Object obj, BindingFlags invokeAttr, Binder binder, Object[] parameters, CultureInfo culture)
  Passed CnetControlPlane.Tests.LearningCaseVocabularyTests.MissingOrConflictingRolesNeverBecomeExecutable(text: "Rewrite 'A' so that it is uppercase and delete it.", status: "abstain") [1 ms]
  Failed CnetControlPlane.Tests.LearningCaseVocabularyTests.MissingOrConflictingRolesNeverBecomeExecutable(text: "I still need uppercase applied, yet no letter has "···, status: "clarify") [< 1 ms]
  Error Message:
   TASK_VOCABULARY_RED I still need uppercase applied, yet no letter has been given.: abstain, expected clarify
  Stack Trace:
     at CnetControlPlane.Tests.LearningCaseVocabularyTests.MissingOrConflictingRolesNeverBecomeExecutable(String text, String status) in /home/marble/AI/CNET-worktrees/herdr-language-20260909/dotnet/CnetControlPlane.Tests/LearningCaseVocabularyTests.cs:line 60
   at InvokeStub_LearningCaseVocabularyTests.MissingOrConflictingRolesNeverBecomeExecutable(Object, Span`1)
   at System.Reflection.MethodBaseInvoker.InvokeWithFewArgs(Object obj, BindingFlags invokeAttr, Binder binder, Object[] parameters, CultureInfo culture)
  Failed CnetControlPlane.Tests.LearningCaseVocabularyTests.MissingOrConflictingRolesNeverBecomeExecutable(text: "Make uppercase the digit 8'", status: "clarify") [< 1 ms]
  Error Message:
   TASK_VOCABULARY_RED Make uppercase the digit 8': abstain, expected clarify
  Stack Trace:
     at CnetControlPlane.Tests.LearningCaseVocabularyTests.MissingOrConflictingRolesNeverBecomeExecutable(String text, String status) in /home/marble/AI/CNET-worktrees/herdr-language-20260909/dotnet/CnetControlPlane.Tests/LearningCaseVocabularyTests.cs:line 60
   at InvokeStub_LearningCaseVocabularyTests.MissingOrConflictingRolesNeverBecomeExecutable(Object, Span`1)
   at System.Reflection.MethodBaseInvoker.InvokeWithFewArgs(Object obj, BindingFlags invokeAttr, Binder binder, Object[] parameters, CultureInfo culture)
  Failed CnetControlPlane.Tests.LearningCaseVocabularyTests.MissingOrConflictingRolesNeverBecomeExecutable(text: "Lowercase the letters a and b", status: "clarify") [< 1 ms]
  Error Message:
   TASK_VOCABULARY_RED Lowercase the letters a and b: abstain, expected clarify
  Stack Trace:
     at CnetControlPlane.Tests.LearningCaseVocabularyTests.MissingOrConflictingRolesNeverBecomeExecutable(String text, String status) in /home/marble/AI/CNET-worktrees/herdr-language-20260909/dotnet/CnetControlPlane.Tests/LearningCaseVocabularyTests.cs:line 60
   at InvokeStub_LearningCaseVocabularyTests.MissingOrConflictingRolesNeverBecomeExecutable(Object, Span`1)
   at System.Reflection.MethodBaseInvoker.InvokeWithFewArgs(Object obj, BindingFlags invokeAttr, Binder binder, Object[] parameters, CultureInfo culture)
[xUnit.net 00:00:01.00]     CnetControlPlane.Tests.LearningCaseVocabularyTests.SharedCaseVocabularyAndExplicitDescriptionsPreserveOriginalInputs(text: "Map the punctuation \".\" to lowercase.", operation: "lower", key: 46) [FAIL]
[xUnit.net 00:00:01.00]       TASK_VOCABULARY_RED Map the punctuation "." to lowercase.: abstain
[xUnit.net 00:00:01.00]       Stack Trace:
[xUnit.net 00:00:01.00]         /home/marble/AI/CNET-worktrees/herdr-language-20260909/dotnet/CnetControlPlane.Tests/LearningCaseVocabularyTests.cs(33,0): at CnetControlPlane.Tests.LearningCaseVocabularyTests.SharedCaseVocabularyAndExplicitDescriptionsPreserveOriginalInputs(String text, String operation, Byte key)
[xUnit.net 00:00:01.00]            at System.RuntimeMethodHandle.InvokeMethod(Object target, Void** arguments, Signature sig, Boolean isConstructor)
[xUnit.net 00:00:01.00]            at System.Reflection.MethodBaseInvoker.InvokeDirectByRefWithFewArgs(Object obj, Span`1 copyOfArgs, BindingFlags invokeAttr)
[xUnit.net 00:00:01.00]     CnetControlPlane.Tests.LearningCaseVocabularyTests.SharedCaseVocabularyAndExplicitDescriptionsPreserveOriginalInputs(text: "Rewrite the letter k so that it is uppercase.", operation: "upper", key: 107) [FAIL]
[xUnit.net 00:00:01.00]       TASK_VOCABULARY_RED Rewrite the letter k so that it is uppercase.: abstain
[xUnit.net 00:00:01.00]       Stack Trace:
[xUnit.net 00:00:01.00]         /home/marble/AI/CNET-worktrees/herdr-language-20260909/dotnet/CnetControlPlane.Tests/LearningCaseVocabularyTests.cs(33,0): at CnetControlPlane.Tests.LearningCaseVocabularyTests.SharedCaseVocabularyAndExplicitDescriptionsPreserveOriginalInputs(String text, String operation, Byte key)
[xUnit.net 00:00:01.00]            at InvokeStub_LearningCaseVocabularyTests.SharedCaseVocabularyAndExplicitDescriptionsPreserveOriginalInputs(Object, Span`1)
[xUnit.net 00:00:01.00]            at System.Reflection.MethodBaseInvoker.InvokeWithFewArgs(Object obj, BindingFlags invokeAttr, Binder binder, Object[] parameters, CultureInfo culture)
[xUnit.net 00:00:01.00]     CnetControlPlane.Tests.LearningCaseVocabularyTests.SharedCaseVocabularyAndExplicitDescriptionsPreserveOriginalInputs(text: "Convert the hyphen '-' to uppercase.", operation: "upper", key: 45) [FAIL]
[xUnit.net 00:00:01.00]       TASK_VOCABULARY_RED Convert the hyphen '-' to uppercase.: clarify
[xUnit.net 00:00:01.00]       Stack Trace:
[xUnit.net 00:00:01.00]         /home/marble/AI/CNET-worktrees/herdr-language-20260909/dotnet/CnetControlPlane.Tests/LearningCaseVocabularyTests.cs(33,0): at CnetControlPlane.Tests.LearningCaseVocabularyTests.SharedCaseVocabularyAndExplicitDescriptionsPreserveOriginalInputs(String text, String operation, Byte key)
[xUnit.net 00:00:01.00]            at InvokeStub_LearningCaseVocabularyTests.SharedCaseVocabularyAndExplicitDescriptionsPreserveOriginalInputs(Object, Span`1)
[xUnit.net 00:00:01.00]            at System.Reflection.MethodBaseInvoker.InvokeWithFewArgs(Object obj, BindingFlags invokeAttr, Binder binder, Object[] parameters, CultureInfo culture)
[xUnit.net 00:00:01.00]     CnetControlPlane.Tests.LearningCaseVocabularyTests.SharedCaseVocabularyAndExplicitDescriptionsPreserveOriginalInputs(text: "Would you mind lowercasing Q?", operation: "lower", key: 81) [FAIL]
[xUnit.net 00:00:01.00]       TASK_VOCABULARY_RED Would you mind lowercasing Q?: abstain
[xUnit.net 00:00:01.00]       Stack Trace:
[xUnit.net 00:00:01.00]         /home/marble/AI/CNET-worktrees/herdr-language-20260909/dotnet/CnetControlPlane.Tests/LearningCaseVocabularyTests.cs(33,0): at CnetControlPlane.Tests.LearningCaseVocabularyTests.SharedCaseVocabularyAndExplicitDescriptionsPreserveOriginalInputs(String text, String operation, Byte key)
[xUnit.net 00:00:01.00]            at InvokeStub_LearningCaseVocabularyTests.SharedCaseVocabularyAndExplicitDescriptionsPreserveOriginalInputs(Object, Span`1)
[xUnit.net 00:00:01.00]            at System.Reflection.MethodBaseInvoker.InvokeWithFewArgs(Object obj, BindingFlags invokeAttr, Binder binder, Object[] parameters, CultureInfo culture)
[xUnit.net 00:00:01.00]     CnetControlPlane.Tests.LearningCaseVocabularyTests.SharedCaseVocabularyAndExplicitDescriptionsPreserveOriginalInputs(text: "Downcase F please.", operation: "lower", key: 70) [FAIL]
[xUnit.net 00:00:01.00]       TASK_VOCABULARY_RED Downcase F please.: abstain
[xUnit.net 00:00:01.00]       Stack Trace:
[xUnit.net 00:00:01.00]         /home/marble/AI/CNET-worktrees/herdr-language-20260909/dotnet/CnetControlPlane.Tests/LearningCaseVocabularyTests.cs(33,0): at CnetControlPlane.Tests.LearningCaseVocabularyTests.SharedCaseVocabularyAndExplicitDescriptionsPreserveOriginalInputs(String text, String operation, Byte key)
[xUnit.net 00:00:01.00]            at InvokeStub_LearningCaseVocabularyTests.SharedCaseVocabularyAndExplicitDescriptionsPreserveOriginalInputs(Object, Span`1)
[xUnit.net 00:00:01.00]            at System.Reflection.MethodBaseInvoker.InvokeWithFewArgs(Object obj, BindingFlags invokeAttr, Binder binder, Object[] parameters, CultureInfo culture)
[xUnit.net 00:00:01.00]     CnetControlPlane.Tests.LearningCaseVocabularyTests.SharedCaseVocabularyAndExplicitDescriptionsPreserveOriginalInputs(text: "Take decimal codepoint 250 and put it in uppercase"···, operation: "upper", key: 250) [FAIL]
[xUnit.net 00:00:01.00]       TASK_VOCABULARY_RED Take decimal codepoint 250 and put it in uppercase.: abstain
[xUnit.net 00:00:01.00]       Stack Trace:
[xUnit.net 00:00:01.00]         /home/marble/AI/CNET-worktrees/herdr-language-20260909/dotnet/CnetControlPlane.Tests/LearningCaseVocabularyTests.cs(33,0): at CnetControlPlane.Tests.LearningCaseVocabularyTests.SharedCaseVocabularyAndExplicitDescriptionsPreserveOriginalInputs(String text, String operation, Byte key)
[xUnit.net 00:00:01.00]            at InvokeStub_LearningCaseVocabularyTests.SharedCaseVocabularyAndExplicitDescriptionsPreserveOriginalInputs(Object, Span`1)
[xUnit.net 00:00:01.00]            at System.Reflection.MethodBaseInvoker.InvokeWithFewArgs(Object obj, BindingFlags invokeAttr, Binder binder, Object[] parameters, CultureInfo culture)
[xUnit.net 00:00:01.00]     CnetControlPlane.Tests.LearningCaseVocabularyTests.SharedCaseVocabularyAndExplicitDescriptionsPreserveOriginalInputs(text: "Take 'S' down to lowercase, please.", operation: "lower", key: 83) [FAIL]
[xUnit.net 00:00:01.00]       TASK_VOCABULARY_RED Take 'S' down to lowercase, please.: abstain
[xUnit.net 00:00:01.00]       Stack Trace:
[xUnit.net 00:00:01.00]         /home/marble/AI/CNET-worktrees/herdr-language-20260909/dotnet/CnetControlPlane.Tests/LearningCaseVocabularyTests.cs(33,0): at CnetControlPlane.Tests.LearningCaseVocabularyTests.SharedCaseVocabularyAndExplicitDescriptionsPreserveOriginalInputs(String text, String operation, Byte key)
[xUnit.net 00:00:01.00]            at InvokeStub_LearningCaseVocabularyTests.SharedCaseVocabularyAndExplicitDescriptionsPreserveOriginalInputs(Object, Span`1)
[xUnit.net 00:00:01.00]            at System.Reflection.MethodBaseInvoker.InvokeWithFewArgs(Object obj, BindingFlags invokeAttr, Binder binder, Object[] parameters, CultureInfo culture)
[xUnit.net 00:00:01.00]     CnetControlPlane.Tests.LearningCaseVocabularyTests.SharedCaseVocabularyAndExplicitDescriptionsPreserveOriginalInputs(text: "Downcase the semicolon ';'.", operation: "lower", key: 59) [FAIL]
[xUnit.net 00:00:01.00]       TASK_VOCABULARY_RED Downcase the semicolon ';'.: abstain
[xUnit.net 00:00:01.00]       Stack Trace:
[xUnit.net 00:00:01.00]         /home/marble/AI/CNET-worktrees/herdr-language-20260909/dotnet/CnetControlPlane.Tests/LearningCaseVocabularyTests.cs(33,0): at CnetControlPlane.Tests.LearningCaseVocabularyTests.SharedCaseVocabularyAndExplicitDescriptionsPreserveOriginalInputs(String text, String operation, Byte key)
[xUnit.net 00:00:01.00]            at InvokeStub_LearningCaseVocabularyTests.SharedCaseVocabularyAndExplicitDescriptionsPreserveOriginalInputs(Object, Span`1)
[xUnit.net 00:00:01.00]            at System.Reflection.MethodBaseInvoker.InvokeWithFewArgs(Object obj, BindingFlags invokeAttr, Binder binder, Object[] parameters, CultureInfo culture)
[xUnit.net 00:00:01.00]     CnetControlPlane.Tests.LearningCaseVocabularyTests.SharedCaseVocabularyAndExplicitDescriptionsPreserveOriginalInputs(text: "Please downcase the digit '0'.", operation: "lower", key: 48) [FAIL]
[xUnit.net 00:00:01.00]       TASK_VOCABULARY_RED Please downcase the digit '0'.: abstain
[xUnit.net 00:00:01.00]       Stack Trace:
[xUnit.net 00:00:01.00]         /home/marble/AI/CNET-worktrees/herdr-language-20260909/dotnet/CnetControlPlane.Tests/LearningCaseVocabularyTests.cs(33,0): at CnetControlPlane.Tests.LearningCaseVocabularyTests.SharedCaseVocabularyAndExplicitDescriptionsPreserveOriginalInputs(String text, String operation, Byte key)
[xUnit.net 00:00:01.00]            at InvokeStub_LearningCaseVocabularyTests.SharedCaseVocabularyAndExplicitDescriptionsPreserveOriginalInputs(Object, Span`1)
[xUnit.net 00:00:01.00]            at System.Reflection.MethodBaseInvoker.InvokeWithFewArgs(Object obj, BindingFlags invokeAttr, Binder binder, Object[] parameters, CultureInfo culture)
  Failed CnetControlPlane.Tests.LearningCaseVocabularyTests.SharedCaseVocabularyAndExplicitDescriptionsPreserveOriginalInputs(text: "Map the punctuation \".\" to lowercase.", operation: "lower", key: 46) [< 1 ms]
  Error Message:
   TASK_VOCABULARY_RED Map the punctuation "." to lowercase.: abstain
  Stack Trace:
     at CnetControlPlane.Tests.LearningCaseVocabularyTests.SharedCaseVocabularyAndExplicitDescriptionsPreserveOriginalInputs(String text, String operation, Byte key) in /home/marble/AI/CNET-worktrees/herdr-language-20260909/dotnet/CnetControlPlane.Tests/LearningCaseVocabularyTests.cs:line 33
   at System.RuntimeMethodHandle.InvokeMethod(Object target, Void** arguments, Signature sig, Boolean isConstructor)
   at System.Reflection.MethodBaseInvoker.InvokeDirectByRefWithFewArgs(Object obj, Span`1 copyOfArgs, BindingFlags invokeAttr)
  Failed CnetControlPlane.Tests.LearningCaseVocabularyTests.SharedCaseVocabularyAndExplicitDescriptionsPreserveOriginalInputs(text: "Rewrite the letter k so that it is uppercase.", operation: "upper", key: 107) [< 1 ms]
  Error Message:
   TASK_VOCABULARY_RED Rewrite the letter k so that it is uppercase.: abstain
  Stack Trace:
     at CnetControlPlane.Tests.LearningCaseVocabularyTests.SharedCaseVocabularyAndExplicitDescriptionsPreserveOriginalInputs(String text, String operation, Byte key) in /home/marble/AI/CNET-worktrees/herdr-language-20260909/dotnet/CnetControlPlane.Tests/LearningCaseVocabularyTests.cs:line 33
   at InvokeStub_LearningCaseVocabularyTests.SharedCaseVocabularyAndExplicitDescriptionsPreserveOriginalInputs(Object, Span`1)
   at System.Reflection.MethodBaseInvoker.InvokeWithFewArgs(Object obj, BindingFlags invokeAttr, Binder binder, Object[] parameters, CultureInfo culture)
  Failed CnetControlPlane.Tests.LearningCaseVocabularyTests.SharedCaseVocabularyAndExplicitDescriptionsPreserveOriginalInputs(text: "Convert the hyphen '-' to uppercase.", operation: "upper", key: 45) [< 1 ms]
  Error Message:
   TASK_VOCABULARY_RED Convert the hyphen '-' to uppercase.: clarify
  Stack Trace:
     at CnetControlPlane.Tests.LearningCaseVocabularyTests.SharedCaseVocabularyAndExplicitDescriptionsPreserveOriginalInputs(String text, String operation, Byte key) in /home/marble/AI/CNET-worktrees/herdr-language-20260909/dotnet/CnetControlPlane.Tests/LearningCaseVocabularyTests.cs:line 33
   at InvokeStub_LearningCaseVocabularyTests.SharedCaseVocabularyAndExplicitDescriptionsPreserveOriginalInputs(Object, Span`1)
   at System.Reflection.MethodBaseInvoker.InvokeWithFewArgs(Object obj, BindingFlags invokeAttr, Binder binder, Object[] parameters, CultureInfo culture)
  Failed CnetControlPlane.Tests.LearningCaseVocabularyTests.SharedCaseVocabularyAndExplicitDescriptionsPreserveOriginalInputs(text: "Would you mind lowercasing Q?", operation: "lower", key: 81) [< 1 ms]
  Error Message:
   TASK_VOCABULARY_RED Would you mind lowercasing Q?: abstain
  Stack Trace:
     at CnetControlPlane.Tests.LearningCaseVocabularyTests.SharedCaseVocabularyAndExplicitDescriptionsPreserveOriginalInputs(String text, String operation, Byte key) in /home/marble/AI/CNET-worktrees/herdr-language-20260909/dotnet/CnetControlPlane.Tests/LearningCaseVocabularyTests.cs:line 33
   at InvokeStub_LearningCaseVocabularyTests.SharedCaseVocabularyAndExplicitDescriptionsPreserveOriginalInputs(Object, Span`1)
   at System.Reflection.MethodBaseInvoker.InvokeWithFewArgs(Object obj, BindingFlags invokeAttr, Binder binder, Object[] parameters, CultureInfo culture)
  Failed CnetControlPlane.Tests.LearningCaseVocabularyTests.SharedCaseVocabularyAndExplicitDescriptionsPreserveOriginalInputs(text: "Downcase F please.", operation: "lower", key: 70) [< 1 ms]
  Error Message:
   TASK_VOCABULARY_RED Downcase F please.: abstain
  Stack Trace:
     at CnetControlPlane.Tests.LearningCaseVocabularyTests.SharedCaseVocabularyAndExplicitDescriptionsPreserveOriginalInputs(String text, String operation, Byte key) in /home/marble/AI/CNET-worktrees/herdr-language-20260909/dotnet/CnetControlPlane.Tests/LearningCaseVocabularyTests.cs:line 33
   at InvokeStub_LearningCaseVocabularyTests.SharedCaseVocabularyAndExplicitDescriptionsPreserveOriginalInputs(Object, Span`1)
   at System.Reflection.MethodBaseInvoker.InvokeWithFewArgs(Object obj, BindingFlags invokeAttr, Binder binder, Object[] parameters, CultureInfo culture)
  Failed CnetControlPlane.Tests.LearningCaseVocabularyTests.SharedCaseVocabularyAndExplicitDescriptionsPreserveOriginalInputs(text: "Take decimal codepoint 250 and put it in uppercase"···, operation: "upper", key: 250) [< 1 ms]
  Error Message:
   TASK_VOCABULARY_RED Take decimal codepoint 250 and put it in uppercase.: abstain
  Stack Trace:
     at CnetControlPlane.Tests.LearningCaseVocabularyTests.SharedCaseVocabularyAndExplicitDescriptionsPreserveOriginalInputs(String text, String operation, Byte key) in /home/marble/AI/CNET-worktrees/herdr-language-20260909/dotnet/CnetControlPlane.Tests/LearningCaseVocabularyTests.cs:line 33
   at InvokeStub_LearningCaseVocabularyTests.SharedCaseVocabularyAndExplicitDescriptionsPreserveOriginalInputs(Object, Span`1)
   at System.Reflection.MethodBaseInvoker.InvokeWithFewArgs(Object obj, BindingFlags invokeAttr, Binder binder, Object[] parameters, CultureInfo culture)
  Failed CnetControlPlane.Tests.LearningCaseVocabularyTests.SharedCaseVocabularyAndExplicitDescriptionsPreserveOriginalInputs(text: "Take 'S' down to lowercase, please.", operation: "lower", key: 83) [< 1 ms]
  Error Message:
   TASK_VOCABULARY_RED Take 'S' down to lowercase, please.: abstain
  Stack Trace:
     at CnetControlPlane.Tests.LearningCaseVocabularyTests.SharedCaseVocabularyAndExplicitDescriptionsPreserveOriginalInputs(String text, String operation, Byte key) in /home/marble/AI/CNET-worktrees/herdr-language-20260909/dotnet/CnetControlPlane.Tests/LearningCaseVocabularyTests.cs:line 33
   at InvokeStub_LearningCaseVocabularyTests.SharedCaseVocabularyAndExplicitDescriptionsPreserveOriginalInputs(Object, Span`1)
   at System.Reflection.MethodBaseInvoker.InvokeWithFewArgs(Object obj, BindingFlags invokeAttr, Binder binder, Object[] parameters, CultureInfo culture)
  Failed CnetControlPlane.Tests.LearningCaseVocabularyTests.SharedCaseVocabularyAndExplicitDescriptionsPreserveOriginalInputs(text: "Downcase the semicolon ';'.", operation: "lower", key: 59) [< 1 ms]
  Error Message:
   TASK_VOCABULARY_RED Downcase the semicolon ';'.: abstain
  Stack Trace:
     at CnetControlPlane.Tests.LearningCaseVocabularyTests.SharedCaseVocabularyAndExplicitDescriptionsPreserveOriginalInputs(String text, String operation, Byte key) in /home/marble/AI/CNET-worktrees/herdr-language-20260909/dotnet/CnetControlPlane.Tests/LearningCaseVocabularyTests.cs:line 33
   at InvokeStub_LearningCaseVocabularyTests.SharedCaseVocabularyAndExplicitDescriptionsPreserveOriginalInputs(Object, Span`1)
   at System.Reflection.MethodBaseInvoker.InvokeWithFewArgs(Object obj, BindingFlags invokeAttr, Binder binder, Object[] parameters, CultureInfo culture)
  Failed CnetControlPlane.Tests.LearningCaseVocabularyTests.SharedCaseVocabularyAndExplicitDescriptionsPreserveOriginalInputs(text: "Please downcase the digit '0'.", operation: "lower", key: 48) [< 1 ms]
  Error Message:
   TASK_VOCABULARY_RED Please downcase the digit '0'.: abstain
  Stack Trace:
     at CnetControlPlane.Tests.LearningCaseVocabularyTests.SharedCaseVocabularyAndExplicitDescriptionsPreserveOriginalInputs(String text, String operation, Byte key) in /home/marble/AI/CNET-worktrees/herdr-language-20260909/dotnet/CnetControlPlane.Tests/LearningCaseVocabularyTests.cs:line 33
   at InvokeStub_LearningCaseVocabularyTests.SharedCaseVocabularyAndExplicitDescriptionsPreserveOriginalInputs(Object, Span`1)
   at System.Reflection.MethodBaseInvoker.InvokeWithFewArgs(Object obj, BindingFlags invokeAttr, Binder binder, Object[] parameters, CultureInfo culture)
[xUnit.net 00:00:01.00]     CnetControlPlane.Tests.LearningCaseVocabularyTests.SharedCaseVocabularyAndExplicitDescriptionsPreserveOriginalInputs(text: "Would you recast the letter H so it appears in low"···, operation: "lower", key: 72) [FAIL]
[xUnit.net 00:00:01.00]       TASK_VOCABULARY_RED Would you recast the letter H so it appears in lowercase?: abstain
[xUnit.net 00:00:01.00]       Stack Trace:
[xUnit.net 00:00:01.00]         /home/marble/AI/CNET-worktrees/herdr-language-20260909/dotnet/CnetControlPlane.Tests/LearningCaseVocabularyTests.cs(33,0): at CnetControlPlane.Tests.LearningCaseVocabularyTests.SharedCaseVocabularyAndExplicitDescriptionsPreserveOriginalInputs(String text, String operation, Byte key)
[xUnit.net 00:00:01.00]            at InvokeStub_LearningCaseVocabularyTests.SharedCaseVocabularyAndExplicitDescriptionsPreserveOriginalInputs(Object, Span`1)
[xUnit.net 00:00:01.00]            at System.Reflection.MethodBaseInvoker.InvokeWithFewArgs(Object obj, BindingFlags invokeAttr, Binder binder, Object[] parameters, CultureInfo culture)
[xUnit.net 00:00:01.00]     CnetControlPlane.Tests.LearningCaseVocabularyTests.SharedCaseVocabularyAndExplicitDescriptionsPreserveOriginalInputs(text: "Fold U+00C9 to lower case.", operation: "lower", key: 201) [FAIL]
[xUnit.net 00:00:01.00]       TASK_VOCABULARY_RED Fold U+00C9 to lower case.: abstain
[xUnit.net 00:00:01.00]       Stack Trace:
[xUnit.net 00:00:01.00]         /home/marble/AI/CNET-worktrees/herdr-language-20260909/dotnet/CnetControlPlane.Tests/LearningCaseVocabularyTests.cs(33,0): at CnetControlPlane.Tests.LearningCaseVocabularyTests.SharedCaseVocabularyAndExplicitDescriptionsPreserveOriginalInputs(String text, String operation, Byte key)
[xUnit.net 00:00:01.00]            at InvokeStub_LearningCaseVocabularyTests.SharedCaseVocabularyAndExplicitDescriptionsPreserveOriginalInputs(Object, Span`1)
[xUnit.net 00:00:01.00]            at System.Reflection.MethodBaseInvoker.InvokeWithFewArgs(Object obj, BindingFlags invokeAttr, Binder binder, Object[] parameters, CultureInfo culture)
[xUnit.net 00:00:01.00]     CnetControlPlane.Tests.LearningCaseVocabularyTests.SharedCaseVocabularyAndExplicitDescriptionsPreserveOriginalInputs(text: "Downcase the character 'H'", operation: "lower", key: 72) [FAIL]
[xUnit.net 00:00:01.00]       TASK_VOCABULARY_RED Downcase the character 'H': abstain
[xUnit.net 00:00:01.00]       Stack Trace:
[xUnit.net 00:00:01.00]         /home/marble/AI/CNET-worktrees/herdr-language-20260909/dotnet/CnetControlPlane.Tests/LearningCaseVocabularyTests.cs(33,0): at CnetControlPlane.Tests.LearningCaseVocabularyTests.SharedCaseVocabularyAndExplicitDescriptionsPreserveOriginalInputs(String text, String operation, Byte key)
[xUnit.net 00:00:01.00]            at InvokeStub_LearningCaseVocabularyTests.SharedCaseVocabularyAndExplicitDescriptionsPreserveOriginalInputs(Object, Span`1)
[xUnit.net 00:00:01.00]            at System.Reflection.MethodBaseInvoker.InvokeWithFewArgs(Object obj, BindingFlags invokeAttr, Binder binder, Object[] parameters, CultureInfo culture)
[xUnit.net 00:00:01.00]     CnetControlPlane.Tests.LearningCaseVocabularyTests.SharedCaseVocabularyAndExplicitDescriptionsPreserveOriginalInputs(text: "Map ' ' to uppercase.", operation: "upper", key: 32) [FAIL]
[xUnit.net 00:00:01.00]       TASK_VOCABULARY_RED Map ' ' to uppercase.: abstain
[xUnit.net 00:00:01.00]       Stack Trace:
[xUnit.net 00:00:01.00]         /home/marble/AI/CNET-worktrees/herdr-language-20260909/dotnet/CnetControlPlane.Tests/LearningCaseVocabularyTests.cs(33,0): at CnetControlPlane.Tests.LearningCaseVocabularyTests.SharedCaseVocabularyAndExplicitDescriptionsPreserveOriginalInputs(String text, String operation, Byte key)
[xUnit.net 00:00:01.00]            at InvokeStub_LearningCaseVocabularyTests.SharedCaseVocabularyAndExplicitDescriptionsPreserveOriginalInputs(Object, Span`1)
[xUnit.net 00:00:01.00]            at System.Reflection.MethodBaseInvoker.InvokeWithFewArgs(Object obj, BindingFlags invokeAttr, Binder binder, Object[] parameters, CultureInfo culture)
[xUnit.net 00:00:01.00]     CnetControlPlane.Tests.LearningCaseVocabularyTests.SharedCaseVocabularyAndExplicitDescriptionsPreserveOriginalInputs(text: "Apply uppercase mapping to ','.", operation: "upper", key: 44) [FAIL]
[xUnit.net 00:00:01.00]       TASK_VOCABULARY_RED Apply uppercase mapping to ','.: abstain
[xUnit.net 00:00:01.00]       Stack Trace:
[xUnit.net 00:00:01.00]         /home/marble/AI/CNET-worktrees/herdr-language-20260909/dotnet/CnetControlPlane.Tests/LearningCaseVocabularyTests.cs(33,0): at CnetControlPlane.Tests.LearningCaseVocabularyTests.SharedCaseVocabularyAndExplicitDescriptionsPreserveOriginalInputs(String text, String operation, Byte key)
[xUnit.net 00:00:01.00]            at InvokeStub_LearningCaseVocabularyTests.SharedCaseVocabularyAndExplicitDescriptionsPreserveOriginalInputs(Object, Span`1)
[xUnit.net 00:00:01.00]            at System.Reflection.MethodBaseInvoker.InvokeWithFewArgs(Object obj, BindingFlags invokeAttr, Binder binder, Object[] parameters, CultureInfo culture)
[xUnit.net 00:00:01.00]     CnetControlPlane.Tests.LearningCaseVocabularyTests.SharedCaseVocabularyAndExplicitDescriptionsPreserveOriginalInputs(text: "Give me a lowercase plus sign '+'.", operation: "lower", key: 43) [FAIL]
[xUnit.net 00:00:01.00]       TASK_VOCABULARY_RED Give me a lowercase plus sign '+'.: clarify
[xUnit.net 00:00:01.00]       Stack Trace:
[xUnit.net 00:00:01.00]         /home/marble/AI/CNET-worktrees/herdr-language-20260909/dotnet/CnetControlPlane.Tests/LearningCaseVocabularyTests.cs(33,0): at CnetControlPlane.Tests.LearningCaseVocabularyTests.SharedCaseVocabularyAndExplicitDescriptionsPreserveOriginalInputs(String text, String operation, Byte key)
[xUnit.net 00:00:01.00]            at InvokeStub_LearningCaseVocabularyTests.SharedCaseVocabularyAndExplicitDescriptionsPreserveOriginalInputs(Object, Span`1)
[xUnit.net 00:00:01.00]            at System.Reflection.MethodBaseInvoker.InvokeWithFewArgs(Object obj, BindingFlags invokeAttr, Binder binder, Object[] parameters, CultureInfo culture)
[xUnit.net 00:00:01.00]     CnetControlPlane.Tests.LearningCaseVocabularyTests.SharedCaseVocabularyAndExplicitDescriptionsPreserveOriginalInputs(text: "Apply lowercase to the quoted punctuation '!'", operation: "lower", key: 33) [FAIL]
[xUnit.net 00:00:01.00]       TASK_VOCABULARY_RED Apply lowercase to the quoted punctuation '!': clarify
[xUnit.net 00:00:01.00]       Stack Trace:
[xUnit.net 00:00:01.00]         /home/marble/AI/CNET-worktrees/herdr-language-20260909/dotnet/CnetControlPlane.Tests/LearningCaseVocabularyTests.cs(33,0): at CnetControlPlane.Tests.LearningCaseVocabularyTests.SharedCaseVocabularyAndExplicitDescriptionsPreserveOriginalInputs(String text, String operation, Byte key)
[xUnit.net 00:00:01.00]            at InvokeStub_LearningCaseVocabularyTests.SharedCaseVocabularyAndExplicitDescriptionsPreserveOriginalInputs(Object, Span`1)
[xUnit.net 00:00:01.00]            at System.Reflection.MethodBaseInvoker.InvokeWithFewArgs(Object obj, BindingFlags invokeAttr, Binder binder, Object[] parameters, CultureInfo culture)
[xUnit.net 00:00:01.00]     CnetControlPlane.Tests.LearningCaseVocabularyTests.SharedCaseVocabularyAndExplicitDescriptionsPreserveOriginalInputs(text: "Apply uppercase mapping to the quoted digit '7'", operation: "upper", key: 55) [FAIL]
[xUnit.net 00:00:01.00]       TASK_VOCABULARY_RED Apply uppercase mapping to the quoted digit '7': abstain
[xUnit.net 00:00:01.00]       Stack Trace:
[xUnit.net 00:00:01.00]         /home/marble/AI/CNET-worktrees/herdr-language-20260909/dotnet/CnetControlPlane.Tests/LearningCaseVocabularyTests.cs(33,0): at CnetControlPlane.Tests.LearningCaseVocabularyTests.SharedCaseVocabularyAndExplicitDescriptionsPreserveOriginalInputs(String text, String operation, Byte key)
[xUnit.net 00:00:01.00]            at InvokeStub_LearningCaseVocabularyTests.SharedCaseVocabularyAndExplicitDescriptionsPreserveOriginalInputs(Object, Span`1)
[xUnit.net 00:00:01.00]            at System.Reflection.MethodBaseInvoker.InvokeWithFewArgs(Object obj, BindingFlags invokeAttr, Binder binder, Object[] parameters, CultureInfo culture)
[xUnit.net 00:00:01.00]     CnetControlPlane.Tests.LearningCaseVocabularyTests.SharedCaseVocabularyAndExplicitDescriptionsPreserveOriginalInputs(text: "Convert the space ' ' to lowercase.", operation: "lower", key: 32) [FAIL]
[xUnit.net 00:00:01.00]       TASK_VOCABULARY_RED Convert the space ' ' to lowercase.: clarify
[xUnit.net 00:00:01.00]       Stack Trace:
[xUnit.net 00:00:01.00]         /home/marble/AI/CNET-worktrees/herdr-language-20260909/dotnet/CnetControlPlane.Tests/LearningCaseVocabularyTests.cs(33,0): at CnetControlPlane.Tests.LearningCaseVocabularyTests.SharedCaseVocabularyAndExplicitDescriptionsPreserveOriginalInputs(String text, String operation, Byte key)
[xUnit.net 00:00:01.00]            at InvokeStub_LearningCaseVocabularyTests.SharedCaseVocabularyAndExplicitDescriptionsPreserveOriginalInputs(Object, Span`1)
[xUnit.net 00:00:01.00]            at System.Reflection.MethodBaseInvoker.InvokeWithFewArgs(Object obj, BindingFlags invokeAttr, Binder binder, Object[] parameters, CultureInfo culture)
  Failed CnetControlPlane.Tests.LearningCaseVocabularyTests.SharedCaseVocabularyAndExplicitDescriptionsPreserveOriginalInputs(text: "Would you recast the letter H so it appears in low"···, operation: "lower", key: 72) [< 1 ms]
  Error Message:
   TASK_VOCABULARY_RED Would you recast the letter H so it appears in lowercase?: abstain
  Stack Trace:
     at CnetControlPlane.Tests.LearningCaseVocabularyTests.SharedCaseVocabularyAndExplicitDescriptionsPreserveOriginalInputs(String text, String operation, Byte key) in /home/marble/AI/CNET-worktrees/herdr-language-20260909/dotnet/CnetControlPlane.Tests/LearningCaseVocabularyTests.cs:line 33
   at InvokeStub_LearningCaseVocabularyTests.SharedCaseVocabularyAndExplicitDescriptionsPreserveOriginalInputs(Object, Span`1)
   at System.Reflection.MethodBaseInvoker.InvokeWithFewArgs(Object obj, BindingFlags invokeAttr, Binder binder, Object[] parameters, CultureInfo culture)
  Failed CnetControlPlane.Tests.LearningCaseVocabularyTests.SharedCaseVocabularyAndExplicitDescriptionsPreserveOriginalInputs(text: "Fold U+00C9 to lower case.", operation: "lower", key: 201) [< 1 ms]
  Error Message:
   TASK_VOCABULARY_RED Fold U+00C9 to lower case.: abstain
  Stack Trace:
     at CnetControlPlane.Tests.LearningCaseVocabularyTests.SharedCaseVocabularyAndExplicitDescriptionsPreserveOriginalInputs(String text, String operation, Byte key) in /home/marble/AI/CNET-worktrees/herdr-language-20260909/dotnet/CnetControlPlane.Tests/LearningCaseVocabularyTests.cs:line 33
   at InvokeStub_LearningCaseVocabularyTests.SharedCaseVocabularyAndExplicitDescriptionsPreserveOriginalInputs(Object, Span`1)
   at System.Reflection.MethodBaseInvoker.InvokeWithFewArgs(Object obj, BindingFlags invokeAttr, Binder binder, Object[] parameters, CultureInfo culture)
  Failed CnetControlPlane.Tests.LearningCaseVocabularyTests.SharedCaseVocabularyAndExplicitDescriptionsPreserveOriginalInputs(text: "Downcase the character 'H'", operation: "lower", key: 72) [< 1 ms]
  Error Message:
   TASK_VOCABULARY_RED Downcase the character 'H': abstain
  Stack Trace:
     at CnetControlPlane.Tests.LearningCaseVocabularyTests.SharedCaseVocabularyAndExplicitDescriptionsPreserveOriginalInputs(String text, String operation, Byte key) in /home/marble/AI/CNET-worktrees/herdr-language-20260909/dotnet/CnetControlPlane.Tests/LearningCaseVocabularyTests.cs:line 33
   at InvokeStub_LearningCaseVocabularyTests.SharedCaseVocabularyAndExplicitDescriptionsPreserveOriginalInputs(Object, Span`1)
   at System.Reflection.MethodBaseInvoker.InvokeWithFewArgs(Object obj, BindingFlags invokeAttr, Binder binder, Object[] parameters, CultureInfo culture)
  Failed CnetControlPlane.Tests.LearningCaseVocabularyTests.SharedCaseVocabularyAndExplicitDescriptionsPreserveOriginalInputs(text: "Map ' ' to uppercase.", operation: "upper", key: 32) [< 1 ms]
  Error Message:
   TASK_VOCABULARY_RED Map ' ' to uppercase.: abstain
  Stack Trace:
     at CnetControlPlane.Tests.LearningCaseVocabularyTests.SharedCaseVocabularyAndExplicitDescriptionsPreserveOriginalInputs(String text, String operation, Byte key) in /home/marble/AI/CNET-worktrees/herdr-language-20260909/dotnet/CnetControlPlane.Tests/LearningCaseVocabularyTests.cs:line 33
   at InvokeStub_LearningCaseVocabularyTests.SharedCaseVocabularyAndExplicitDescriptionsPreserveOriginalInputs(Object, Span`1)
   at System.Reflection.MethodBaseInvoker.InvokeWithFewArgs(Object obj, BindingFlags invokeAttr, Binder binder, Object[] parameters, CultureInfo culture)
  Failed CnetControlPlane.Tests.LearningCaseVocabularyTests.SharedCaseVocabularyAndExplicitDescriptionsPreserveOriginalInputs(text: "Apply uppercase mapping to ','.", operation: "upper", key: 44) [< 1 ms]
  Error Message:
   TASK_VOCABULARY_RED Apply uppercase mapping to ','.: abstain
  Stack Trace:
     at CnetControlPlane.Tests.LearningCaseVocabularyTests.SharedCaseVocabularyAndExplicitDescriptionsPreserveOriginalInputs(String text, String operation, Byte key) in /home/marble/AI/CNET-worktrees/herdr-language-20260909/dotnet/CnetControlPlane.Tests/LearningCaseVocabularyTests.cs:line 33
   at InvokeStub_LearningCaseVocabularyTests.SharedCaseVocabularyAndExplicitDescriptionsPreserveOriginalInputs(Object, Span`1)
   at System.Reflection.MethodBaseInvoker.InvokeWithFewArgs(Object obj, BindingFlags invokeAttr, Binder binder, Object[] parameters, CultureInfo culture)
  Failed CnetControlPlane.Tests.LearningCaseVocabularyTests.SharedCaseVocabularyAndExplicitDescriptionsPreserveOriginalInputs(text: "Give me a lowercase plus sign '+'.", operation: "lower", key: 43) [< 1 ms]
  Error Message:
   TASK_VOCABULARY_RED Give me a lowercase plus sign '+'.: clarify
  Stack Trace:
     at CnetControlPlane.Tests.LearningCaseVocabularyTests.SharedCaseVocabularyAndExplicitDescriptionsPreserveOriginalInputs(String text, String operation, Byte key) in /home/marble/AI/CNET-worktrees/herdr-language-20260909/dotnet/CnetControlPlane.Tests/LearningCaseVocabularyTests.cs:line 33
   at InvokeStub_LearningCaseVocabularyTests.SharedCaseVocabularyAndExplicitDescriptionsPreserveOriginalInputs(Object, Span`1)
   at System.Reflection.MethodBaseInvoker.InvokeWithFewArgs(Object obj, BindingFlags invokeAttr, Binder binder, Object[] parameters, CultureInfo culture)
  Failed CnetControlPlane.Tests.LearningCaseVocabularyTests.SharedCaseVocabularyAndExplicitDescriptionsPreserveOriginalInputs(text: "Apply lowercase to the quoted punctuation '!'", operation: "lower", key: 33) [< 1 ms]
  Error Message:
   TASK_VOCABULARY_RED Apply lowercase to the quoted punctuation '!': clarify
  Stack Trace:
     at CnetControlPlane.Tests.LearningCaseVocabularyTests.SharedCaseVocabularyAndExplicitDescriptionsPreserveOriginalInputs(String text, String operation, Byte key) in /home/marble/AI/CNET-worktrees/herdr-language-20260909/dotnet/CnetControlPlane.Tests/LearningCaseVocabularyTests.cs:line 33
   at InvokeStub_LearningCaseVocabularyTests.SharedCaseVocabularyAndExplicitDescriptionsPreserveOriginalInputs(Object, Span`1)
   at System.Reflection.MethodBaseInvoker.InvokeWithFewArgs(Object obj, BindingFlags invokeAttr, Binder binder, Object[] parameters, CultureInfo culture)
  Failed CnetControlPlane.Tests.LearningCaseVocabularyTests.SharedCaseVocabularyAndExplicitDescriptionsPreserveOriginalInputs(text: "Apply uppercase mapping to the quoted digit '7'", operation: "upper", key: 55) [< 1 ms]
  Error Message:
   TASK_VOCABULARY_RED Apply uppercase mapping to the quoted digit '7': abstain
  Stack Trace:
     at CnetControlPlane.Tests.LearningCaseVocabularyTests.SharedCaseVocabularyAndExplicitDescriptionsPreserveOriginalInputs(String text, String operation, Byte key) in /home/marble/AI/CNET-worktrees/herdr-language-20260909/dotnet/CnetControlPlane.Tests/LearningCaseVocabularyTests.cs:line 33
   at InvokeStub_LearningCaseVocabularyTests.SharedCaseVocabularyAndExplicitDescriptionsPreserveOriginalInputs(Object, Span`1)
   at System.Reflection.MethodBaseInvoker.InvokeWithFewArgs(Object obj, BindingFlags invokeAttr, Binder binder, Object[] parameters, CultureInfo culture)
  Failed CnetControlPlane.Tests.LearningCaseVocabularyTests.SharedCaseVocabularyAndExplicitDescriptionsPreserveOriginalInputs(text: "Convert the space ' ' to lowercase.", operation: "lower", key: 32) [< 1 ms]
  Error Message:
   TASK_VOCABULARY_RED Convert the space ' ' to lowercase.: clarify
  Stack Trace:
     at CnetControlPlane.Tests.LearningCaseVocabularyTests.SharedCaseVocabularyAndExplicitDescriptionsPreserveOriginalInputs(String text, String operation, Byte key) in /home/marble/AI/CNET-worktrees/herdr-language-20260909/dotnet/CnetControlPlane.Tests/LearningCaseVocabularyTests.cs:line 33
   at InvokeStub_LearningCaseVocabularyTests.SharedCaseVocabularyAndExplicitDescriptionsPreserveOriginalInputs(Object, Span`1)
   at System.Reflection.MethodBaseInvoker.InvokeWithFewArgs(Object obj, BindingFlags invokeAttr, Binder binder, Object[] parameters, CultureInfo culture)
[xUnit.net 00:00:01.00]     CnetControlPlane.Tests.LearningCaseVocabularyTests.SharedCaseVocabularyAndExplicitDescriptionsPreserveOriginalInputs(text: "The asterisk '*' should be uppercased.", operation: "upper", key: 42) [FAIL]
[xUnit.net 00:00:01.00]       TASK_VOCABULARY_RED The asterisk '*' should be uppercased.: clarify
[xUnit.net 00:00:01.00]       Stack Trace:
[xUnit.net 00:00:01.00]         /home/marble/AI/CNET-worktrees/herdr-language-20260909/dotnet/CnetControlPlane.Tests/LearningCaseVocabularyTests.cs(33,0): at CnetControlPlane.Tests.LearningCaseVocabularyTests.SharedCaseVocabularyAndExplicitDescriptionsPreserveOriginalInputs(String text, String operation, Byte key)
[xUnit.net 00:00:01.00]            at InvokeStub_LearningCaseVocabularyTests.SharedCaseVocabularyAndExplicitDescriptionsPreserveOriginalInputs(Object, Span`1)
[xUnit.net 00:00:01.00]            at System.Reflection.MethodBaseInvoker.InvokeWithFewArgs(Object obj, BindingFlags invokeAttr, Binder binder, Object[] parameters, CultureInfo culture)
[xUnit.net 00:00:01.00]   Finished:    CnetControlPlane.Tests
  Failed CnetControlPlane.Tests.LearningCaseVocabularyTests.SharedCaseVocabularyAndExplicitDescriptionsPreserveOriginalInputs(text: "The asterisk '*' should be uppercased.", operation: "upper", key: 42) [< 1 ms]
  Error Message:
   TASK_VOCABULARY_RED The asterisk '*' should be uppercased.: clarify
  Stack Trace:
     at CnetControlPlane.Tests.LearningCaseVocabularyTests.SharedCaseVocabularyAndExplicitDescriptionsPreserveOriginalInputs(String text, String operation, Byte key) in /home/marble/AI/CNET-worktrees/herdr-language-20260909/dotnet/CnetControlPlane.Tests/LearningCaseVocabularyTests.cs:line 33
   at InvokeStub_LearningCaseVocabularyTests.SharedCaseVocabularyAndExplicitDescriptionsPreserveOriginalInputs(Object, Span`1)
   at System.Reflection.MethodBaseInvoker.InvokeWithFewArgs(Object obj, BindingFlags invokeAttr, Binder binder, Object[] parameters, CultureInfo culture)

Test Run Failed.
Total tests: 37
     Passed: 7
     Failed: 30
 Total time: 1.2719 Seconds
