  Determining projects to restore...
  Restored /home/marble/AI/CNET-worktrees/herdr-language-20260909/dotnet/CnetControlPlane.Tests/CnetControlPlane.Tests.csproj (in 438 ms).
  Restored /home/marble/AI/CNET-worktrees/herdr-language-20260909/dotnet/CnetControlPlane/CnetControlPlane.csproj (in 438 ms).
  CnetControlPlane -> /home/marble/AI/CNET-worktrees/herdr-language-20260909/.artifacts/herdr-clarification/bin/CnetControlPlane/debug/cnet-control.dll
/home/marble/AI/CNET-worktrees/herdr-language-20260909/dotnet/CnetControlPlane.Tests/LearningRuntimeLedgerTests.cs(22,9): warning CA1416: This call site is reachable on all platforms. 'Directory.CreateDirectory(string, UnixFileMode)' is unsupported on: 'windows'. (https://learn.microsoft.com/dotnet/fundamentals/code-analysis/quality-rules/ca1416) [/home/marble/AI/CNET-worktrees/herdr-language-20260909/dotnet/CnetControlPlane.Tests/CnetControlPlane.Tests.csproj]
/home/marble/AI/CNET-worktrees/herdr-language-20260909/dotnet/CnetControlPlane.Tests/LearningRuntimeLedgerTests.cs(21,9): warning CA1416: This call site is reachable on all platforms. 'File.SetUnixFileMode(string, UnixFileMode)' is unsupported on: 'windows'. (https://learn.microsoft.com/dotnet/fundamentals/code-analysis/quality-rules/ca1416) [/home/marble/AI/CNET-worktrees/herdr-language-20260909/dotnet/CnetControlPlane.Tests/CnetControlPlane.Tests.csproj]
/home/marble/AI/CNET-worktrees/herdr-language-20260909/dotnet/CnetControlPlane.Tests/LearningRuntimeLedgerTests.cs(23,9): warning CA1416: This call site is reachable on all platforms. 'Directory.CreateDirectory(string, UnixFileMode)' is unsupported on: 'windows'. (https://learn.microsoft.com/dotnet/fundamentals/code-analysis/quality-rules/ca1416) [/home/marble/AI/CNET-worktrees/herdr-language-20260909/dotnet/CnetControlPlane.Tests/CnetControlPlane.Tests.csproj]
/home/marble/AI/CNET-worktrees/herdr-language-20260909/dotnet/CnetControlPlane.Tests/LearningNativeLedgerTests.cs(38,43): warning CA1416: This call site is reachable on all platforms. 'File.SetUnixFileMode(string, UnixFileMode)' is unsupported on: 'windows'. (https://learn.microsoft.com/dotnet/fundamentals/code-analysis/quality-rules/ca1416) [/home/marble/AI/CNET-worktrees/herdr-language-20260909/dotnet/CnetControlPlane.Tests/CnetControlPlane.Tests.csproj]
/home/marble/AI/CNET-worktrees/herdr-language-20260909/dotnet/CnetControlPlane.Tests/LearningRuntimeLedgerTests.cs(32,36): warning CA1416: This call site is reachable on all platforms. 'File.SetUnixFileMode(string, UnixFileMode)' is unsupported on: 'windows'. (https://learn.microsoft.com/dotnet/fundamentals/code-analysis/quality-rules/ca1416) [/home/marble/AI/CNET-worktrees/herdr-language-20260909/dotnet/CnetControlPlane.Tests/CnetControlPlane.Tests.csproj]
/home/marble/AI/CNET-worktrees/herdr-language-20260909/dotnet/CnetControlPlane.Tests/LearningRuntimeLedgerTests.cs(35,13): warning CA1416: This call site is reachable on all platforms. 'File.SetUnixFileMode(string, UnixFileMode)' is unsupported on: 'windows'. (https://learn.microsoft.com/dotnet/fundamentals/code-analysis/quality-rules/ca1416) [/home/marble/AI/CNET-worktrees/herdr-language-20260909/dotnet/CnetControlPlane.Tests/CnetControlPlane.Tests.csproj]
  CnetControlPlane.Tests -> /home/marble/AI/CNET-worktrees/herdr-language-20260909/.artifacts/herdr-clarification/bin/CnetControlPlane.Tests/debug/CnetControlPlane.Tests.dll
Test run for /home/marble/AI/CNET-worktrees/herdr-language-20260909/.artifacts/herdr-clarification/bin/CnetControlPlane.Tests/debug/CnetControlPlane.Tests.dll (.NETCoreApp,Version=v8.0)
A total of 1 test files matched the specified pattern.
[xUnit.net 00:00:00.00] xUnit.net VSTest Adapter v2.8.2+699d445a1a (64-bit .NET 8.0.30)
[xUnit.net 00:00:00.03]   Discovering: CnetControlPlane.Tests
[xUnit.net 00:00:00.33]   Discovered:  CnetControlPlane.Tests
[xUnit.net 00:00:00.34]   Starting:    CnetControlPlane.Tests
[xUnit.net 00:00:01.07]     CnetControlPlane.Tests.LearningCaseSlotTests.UnresolvedSlotsNeverSelectAnAction(text: "Uppercase a, whichever you prefer.", expected: "clarify") [FAIL]
[xUnit.net 00:00:01.07]       TASK_SLOT_RED Uppercase a, whichever you prefer.: abstain, expected clarify
[xUnit.net 00:00:01.07]       Stack Trace:
[xUnit.net 00:00:01.07]         /home/marble/AI/CNET-worktrees/herdr-language-20260909/dotnet/CnetControlPlane.Tests/LearningCaseSlotTests.cs(55,0): at CnetControlPlane.Tests.LearningCaseSlotTests.UnresolvedSlotsNeverSelectAnAction(String text, String expected)
[xUnit.net 00:00:01.07]            at InvokeStub_LearningCaseSlotTests.UnresolvedSlotsNeverSelectAnAction(Object, Span`1)
[xUnit.net 00:00:01.07]            at System.Reflection.MethodBaseInvoker.InvokeWithFewArgs(Object obj, BindingFlags invokeAttr, Binder binder, Object[] parameters, CultureInfo culture)
[xUnit.net 00:00:01.07]     CnetControlPlane.Tests.LearningCaseSlotTests.UnresolvedSlotsNeverSelectAnAction(text: "Apply an uppercase conversion to the letter shown "···, expected: "clarify") [FAIL]
[xUnit.net 00:00:01.07]       TASK_SLOT_RED Apply an uppercase conversion to the letter shown as E or as U.: abstain, expected clarify
[xUnit.net 00:00:01.07]       Stack Trace:
[xUnit.net 00:00:01.07]         /home/marble/AI/CNET-worktrees/herdr-language-20260909/dotnet/CnetControlPlane.Tests/LearningCaseSlotTests.cs(55,0): at CnetControlPlane.Tests.LearningCaseSlotTests.UnresolvedSlotsNeverSelectAnAction(String text, String expected)
[xUnit.net 00:00:01.07]            at InvokeStub_LearningCaseSlotTests.UnresolvedSlotsNeverSelectAnAction(Object, Span`1)
[xUnit.net 00:00:01.07]            at System.Reflection.MethodBaseInvoker.InvokeWithFewArgs(Object obj, BindingFlags invokeAttr, Binder binder, Object[] parameters, CultureInfo culture)
[xUnit.net 00:00:01.08]     CnetControlPlane.Tests.LearningCaseSlotTests.UnresolvedSlotsNeverSelectAnAction(text: "Uppercase either r or s, whichever you prefer.", expected: "clarify") [FAIL]
[xUnit.net 00:00:01.08]       TASK_SLOT_RED Uppercase either r or s, whichever you prefer.: abstain, expected clarify
[xUnit.net 00:00:01.08]       Stack Trace:
[xUnit.net 00:00:01.08]         /home/marble/AI/CNET-worktrees/herdr-language-20260909/dotnet/CnetControlPlane.Tests/LearningCaseSlotTests.cs(55,0): at CnetControlPlane.Tests.LearningCaseSlotTests.UnresolvedSlotsNeverSelectAnAction(String text, String expected)
[xUnit.net 00:00:01.08]            at InvokeStub_LearningCaseSlotTests.UnresolvedSlotsNeverSelectAnAction(Object, Span`1)
[xUnit.net 00:00:01.08]            at System.Reflection.MethodBaseInvoker.InvokeWithFewArgs(Object obj, BindingFlags invokeAttr, Binder binder, Object[] parameters, CultureInfo culture)
[xUnit.net 00:00:01.08]     CnetControlPlane.Tests.LearningCaseSlotTests.UnresolvedSlotsNeverSelectAnAction(text: "I need a case conversion applied to the letter S.", expected: "clarify") [FAIL]
[xUnit.net 00:00:01.08]       TASK_SLOT_RED I need a case conversion applied to the letter S.: abstain, expected clarify
[xUnit.net 00:00:01.08]       Stack Trace:
[xUnit.net 00:00:01.08]         /home/marble/AI/CNET-worktrees/herdr-language-20260909/dotnet/CnetControlPlane.Tests/LearningCaseSlotTests.cs(55,0): at CnetControlPlane.Tests.LearningCaseSlotTests.UnresolvedSlotsNeverSelectAnAction(String text, String expected)
[xUnit.net 00:00:01.08]            at InvokeStub_LearningCaseSlotTests.UnresolvedSlotsNeverSelectAnAction(Object, Span`1)
[xUnit.net 00:00:01.08]            at System.Reflection.MethodBaseInvoker.InvokeWithFewArgs(Object obj, BindingFlags invokeAttr, Binder binder, Object[] parameters, CultureInfo culture)
  Passed CnetControlPlane.Tests.LearningCaseSlotTests.UnresolvedSlotsNeverSelectAnAction(text: "Would you mind putting 'G' in lowercase and sendin"···, expected: "abstain") [668 ms]
  Passed CnetControlPlane.Tests.LearningCaseSlotTests.UnresolvedSlotsNeverSelectAnAction(text: "I need a case conversion applied to the word hello"···, expected: "abstain") [< 1 ms]
  Passed CnetControlPlane.Tests.LearningCaseSlotTests.UnresolvedSlotsNeverSelectAnAction(text: "Uppercase U+0218, whichever you prefer.", expected: "abstain") [41 ms]
  Failed CnetControlPlane.Tests.LearningCaseSlotTests.UnresolvedSlotsNeverSelectAnAction(text: "Uppercase a, whichever you prefer.", expected: "clarify") [< 1 ms]
  Error Message:
   TASK_SLOT_RED Uppercase a, whichever you prefer.: abstain, expected clarify
  Stack Trace:
     at CnetControlPlane.Tests.LearningCaseSlotTests.UnresolvedSlotsNeverSelectAnAction(String text, String expected) in /home/marble/AI/CNET-worktrees/herdr-language-20260909/dotnet/CnetControlPlane.Tests/LearningCaseSlotTests.cs:line 55
   at InvokeStub_LearningCaseSlotTests.UnresolvedSlotsNeverSelectAnAction(Object, Span`1)
   at System.Reflection.MethodBaseInvoker.InvokeWithFewArgs(Object obj, BindingFlags invokeAttr, Binder binder, Object[] parameters, CultureInfo culture)
  Failed CnetControlPlane.Tests.LearningCaseSlotTests.UnresolvedSlotsNeverSelectAnAction(text: "Apply an uppercase conversion to the letter shown "···, expected: "clarify") [1 ms]
  Error Message:
   TASK_SLOT_RED Apply an uppercase conversion to the letter shown as E or as U.: abstain, expected clarify
  Stack Trace:
     at CnetControlPlane.Tests.LearningCaseSlotTests.UnresolvedSlotsNeverSelectAnAction(String text, String expected) in /home/marble/AI/CNET-worktrees/herdr-language-20260909/dotnet/CnetControlPlane.Tests/LearningCaseSlotTests.cs:line 55
   at InvokeStub_LearningCaseSlotTests.UnresolvedSlotsNeverSelectAnAction(Object, Span`1)
   at System.Reflection.MethodBaseInvoker.InvokeWithFewArgs(Object obj, BindingFlags invokeAttr, Binder binder, Object[] parameters, CultureInfo culture)
  Passed CnetControlPlane.Tests.LearningCaseSlotTests.UnresolvedSlotsNeverSelectAnAction(text: "If you have a moment, capitalize 'a' and send it.", expected: "abstain") [1 ms]
  Failed CnetControlPlane.Tests.LearningCaseSlotTests.UnresolvedSlotsNeverSelectAnAction(text: "Uppercase either r or s, whichever you prefer.", expected: "clarify") [< 1 ms]
  Error Message:
   TASK_SLOT_RED Uppercase either r or s, whichever you prefer.: abstain, expected clarify
  Stack Trace:
     at CnetControlPlane.Tests.LearningCaseSlotTests.UnresolvedSlotsNeverSelectAnAction(String text, String expected) in /home/marble/AI/CNET-worktrees/herdr-language-20260909/dotnet/CnetControlPlane.Tests/LearningCaseSlotTests.cs:line 55
   at InvokeStub_LearningCaseSlotTests.UnresolvedSlotsNeverSelectAnAction(Object, Span`1)
   at System.Reflection.MethodBaseInvoker.InvokeWithFewArgs(Object obj, BindingFlags invokeAttr, Binder binder, Object[] parameters, CultureInfo culture)
  Failed CnetControlPlane.Tests.LearningCaseSlotTests.UnresolvedSlotsNeverSelectAnAction(text: "I need a case conversion applied to the letter S.", expected: "clarify") [< 1 ms]
  Error Message:
   TASK_SLOT_RED I need a case conversion applied to the letter S.: abstain, expected clarify
  Stack Trace:
     at CnetControlPlane.Tests.LearningCaseSlotTests.UnresolvedSlotsNeverSelectAnAction(String text, String expected) in /home/marble/AI/CNET-worktrees/herdr-language-20260909/dotnet/CnetControlPlane.Tests/LearningCaseSlotTests.cs:line 55
   at InvokeStub_LearningCaseSlotTests.UnresolvedSlotsNeverSelectAnAction(Object, Span`1)
   at System.Reflection.MethodBaseInvoker.InvokeWithFewArgs(Object obj, BindingFlags invokeAttr, Binder binder, Object[] parameters, CultureInfo culture)
  Passed CnetControlPlane.Tests.LearningCaseSlotTests.UnresolvedSlotsNeverSelectAnAction(text: "Raise U+0218 to lowercase.", expected: "abstain") [< 1 ms]
[xUnit.net 00:00:01.09]     CnetControlPlane.Tests.LearningCaseSlotTests.UnresolvedSlotsNeverSelectAnAction(text: "Make uppercase: 'Q", expected: "clarify") [FAIL]
[xUnit.net 00:00:01.09]       TASK_SLOT_RED Make uppercase: 'Q: abstain, expected clarify
[xUnit.net 00:00:01.09]       Stack Trace:
[xUnit.net 00:00:01.09]         /home/marble/AI/CNET-worktrees/herdr-language-20260909/dotnet/CnetControlPlane.Tests/LearningCaseSlotTests.cs(55,0): at CnetControlPlane.Tests.LearningCaseSlotTests.UnresolvedSlotsNeverSelectAnAction(String text, String expected)
[xUnit.net 00:00:01.09]            at InvokeStub_LearningCaseSlotTests.UnresolvedSlotsNeverSelectAnAction(Object, Span`1)
[xUnit.net 00:00:01.09]            at System.Reflection.MethodBaseInvoker.InvokeWithFewArgs(Object obj, BindingFlags invokeAttr, Binder binder, Object[] parameters, CultureInfo culture)
[xUnit.net 00:00:01.09]     CnetControlPlane.Tests.LearningCaseSlotTests.UnresolvedSlotsNeverSelectAnAction(text: "Raise 'a' to lowercase.", expected: "clarify") [FAIL]
[xUnit.net 00:00:01.09]       TASK_SLOT_RED Raise 'a' to lowercase.: abstain, expected clarify
[xUnit.net 00:00:01.09]       Stack Trace:
[xUnit.net 00:00:01.09]         /home/marble/AI/CNET-worktrees/herdr-language-20260909/dotnet/CnetControlPlane.Tests/LearningCaseSlotTests.cs(55,0): at CnetControlPlane.Tests.LearningCaseSlotTests.UnresolvedSlotsNeverSelectAnAction(String text, String expected)
[xUnit.net 00:00:01.09]            at InvokeStub_LearningCaseSlotTests.UnresolvedSlotsNeverSelectAnAction(Object, Span`1)
[xUnit.net 00:00:01.09]            at System.Reflection.MethodBaseInvoker.InvokeWithFewArgs(Object obj, BindingFlags invokeAttr, Binder binder, Object[] parameters, CultureInfo culture)
  Passed CnetControlPlane.Tests.LearningCaseSlotTests.UnresolvedSlotsNeverSelectAnAction(text: "Change this to uppercase: 'a' and delete it", expected: "abstain") [1 ms]
  Passed CnetControlPlane.Tests.LearningCaseSlotTests.UnresolvedSlotsNeverSelectAnAction(text: "Downcase the byte 75.", expected: "clarify") [< 1 ms]
  Failed CnetControlPlane.Tests.LearningCaseSlotTests.UnresolvedSlotsNeverSelectAnAction(text: "Make uppercase: 'Q", expected: "clarify") [< 1 ms]
  Error Message:
   TASK_SLOT_RED Make uppercase: 'Q: abstain, expected clarify
  Stack Trace:
     at CnetControlPlane.Tests.LearningCaseSlotTests.UnresolvedSlotsNeverSelectAnAction(String text, String expected) in /home/marble/AI/CNET-worktrees/herdr-language-20260909/dotnet/CnetControlPlane.Tests/LearningCaseSlotTests.cs:line 55
   at InvokeStub_LearningCaseSlotTests.UnresolvedSlotsNeverSelectAnAction(Object, Span`1)
   at System.Reflection.MethodBaseInvoker.InvokeWithFewArgs(Object obj, BindingFlags invokeAttr, Binder binder, Object[] parameters, CultureInfo culture)
  Passed CnetControlPlane.Tests.LearningCaseSlotTests.UnresolvedSlotsNeverSelectAnAction(text: "Force uppercase on 'a' using Turkish rules.", expected: "abstain") [< 1 ms]
  Passed CnetControlPlane.Tests.LearningCaseSlotTests.UnresolvedSlotsNeverSelectAnAction(text: "If 'a' is uppercase, lowercase 'b'.", expected: "abstain") [< 1 ms]
  Failed CnetControlPlane.Tests.LearningCaseSlotTests.UnresolvedSlotsNeverSelectAnAction(text: "Raise 'a' to lowercase.", expected: "clarify") [< 1 ms]
  Error Message:
   TASK_SLOT_RED Raise 'a' to lowercase.: abstain, expected clarify
  Stack Trace:
     at CnetControlPlane.Tests.LearningCaseSlotTests.UnresolvedSlotsNeverSelectAnAction(String text, String expected) in /home/marble/AI/CNET-worktrees/herdr-language-20260909/dotnet/CnetControlPlane.Tests/LearningCaseSlotTests.cs:line 55
   at InvokeStub_LearningCaseSlotTests.UnresolvedSlotsNeverSelectAnAction(Object, Span`1)
   at System.Reflection.MethodBaseInvoker.InvokeWithFewArgs(Object obj, BindingFlags invokeAttr, Binder binder, Object[] parameters, CultureInfo culture)
  Passed CnetControlPlane.Tests.LearningCaseSlotTests.UnresolvedSlotsNeverSelectAnAction(text: "Change A to uppercase: 'b'", expected: "abstain") [< 1 ms]
  Passed CnetControlPlane.Tests.LearningCaseSlotTests.UnresolvedSlotsNeverSelectAnAction(text: "Uppercase the letter shown as E or as U+000A.", expected: "abstain") [< 1 ms]
  Passed CnetControlPlane.Tests.LearningCaseSlotTests.UnresolvedSlotsNeverSelectAnAction(text: "Make uppercase: 'ab'", expected: "abstain") [< 1 ms]
[xUnit.net 00:00:01.09]     CnetControlPlane.Tests.LearningCaseSlotTests.UnresolvedSlotsNeverSelectAnAction(text: "Change this to uppercase: 'a' or 'b'", expected: "clarify") [FAIL]
[xUnit.net 00:00:01.09]       TASK_SLOT_RED Change this to uppercase: 'a' or 'b': abstain, expected clarify
[xUnit.net 00:00:01.09]       Stack Trace:
[xUnit.net 00:00:01.09]         /home/marble/AI/CNET-worktrees/herdr-language-20260909/dotnet/CnetControlPlane.Tests/LearningCaseSlotTests.cs(55,0): at CnetControlPlane.Tests.LearningCaseSlotTests.UnresolvedSlotsNeverSelectAnAction(String text, String expected)
[xUnit.net 00:00:01.09]            at InvokeStub_LearningCaseSlotTests.UnresolvedSlotsNeverSelectAnAction(Object, Span`1)
[xUnit.net 00:00:01.09]            at System.Reflection.MethodBaseInvoker.InvokeWithFewArgs(Object obj, BindingFlags invokeAttr, Binder binder, Object[] parameters, CultureInfo culture)
[xUnit.net 00:00:01.09]     CnetControlPlane.Tests.LearningCaseSlotTests.UnresolvedSlotsNeverSelectAnAction(text: "Downcase the byte 0x0A.", expected: "abstain") [FAIL]
[xUnit.net 00:00:01.09]       TASK_SLOT_RED Downcase the byte 0x0A.: clarify, expected abstain
[xUnit.net 00:00:01.09]       Stack Trace:
[xUnit.net 00:00:01.09]         /home/marble/AI/CNET-worktrees/herdr-language-20260909/dotnet/CnetControlPlane.Tests/LearningCaseSlotTests.cs(55,0): at CnetControlPlane.Tests.LearningCaseSlotTests.UnresolvedSlotsNeverSelectAnAction(String text, String expected)
[xUnit.net 00:00:01.09]            at InvokeStub_LearningCaseSlotTests.UnresolvedSlotsNeverSelectAnAction(Object, Span`1)
[xUnit.net 00:00:01.09]            at System.Reflection.MethodBaseInvoker.InvokeWithFewArgs(Object obj, BindingFlags invokeAttr, Binder binder, Object[] parameters, CultureInfo culture)
[xUnit.net 00:00:01.09]     CnetControlPlane.Tests.LearningCaseSlotTests.UnresolvedSlotsNeverSelectAnAction(text: "Change this to uppercase: U+000A", expected: "abstain") [FAIL]
[xUnit.net 00:00:01.09]       TASK_SLOT_RED Change this to uppercase: U+000A: clarify, expected abstain
[xUnit.net 00:00:01.09]       Stack Trace:
[xUnit.net 00:00:01.09]         /home/marble/AI/CNET-worktrees/herdr-language-20260909/dotnet/CnetControlPlane.Tests/LearningCaseSlotTests.cs(55,0): at CnetControlPlane.Tests.LearningCaseSlotTests.UnresolvedSlotsNeverSelectAnAction(String text, String expected)
[xUnit.net 00:00:01.09]            at InvokeStub_LearningCaseSlotTests.UnresolvedSlotsNeverSelectAnAction(Object, Span`1)
[xUnit.net 00:00:01.09]            at System.Reflection.MethodBaseInvoker.InvokeWithFewArgs(Object obj, BindingFlags invokeAttr, Binder binder, Object[] parameters, CultureInfo culture)
[xUnit.net 00:00:01.09]     CnetControlPlane.Tests.LearningCaseSlotTests.UnresolvedSlotsNeverSelectAnAction(text: "lowercase a or b, whichever you prefer", expected: "clarify") [FAIL]
[xUnit.net 00:00:01.09]       TASK_SLOT_RED lowercase a or b, whichever you prefer: abstain, expected clarify
[xUnit.net 00:00:01.09]       Stack Trace:
[xUnit.net 00:00:01.09]         /home/marble/AI/CNET-worktrees/herdr-language-20260909/dotnet/CnetControlPlane.Tests/LearningCaseSlotTests.cs(55,0): at CnetControlPlane.Tests.LearningCaseSlotTests.UnresolvedSlotsNeverSelectAnAction(String text, String expected)
[xUnit.net 00:00:01.09]            at InvokeStub_LearningCaseSlotTests.UnresolvedSlotsNeverSelectAnAction(Object, Span`1)
[xUnit.net 00:00:01.09]            at System.Reflection.MethodBaseInvoker.InvokeWithFewArgs(Object obj, BindingFlags invokeAttr, Binder binder, Object[] parameters, CultureInfo culture)
[xUnit.net 00:00:01.09]     CnetControlPlane.Tests.LearningCaseSlotTests.ExplicitSlotsPreserveTheOriginalScalar(text: "Make uppercase: 'a'", direction: "upper", key: 97) [FAIL]
[xUnit.net 00:00:01.09]       TASK_SLOT_RED Make uppercase: 'a': clarify
[xUnit.net 00:00:01.09]       Stack Trace:
[xUnit.net 00:00:01.09]         /home/marble/AI/CNET-worktrees/herdr-language-20260909/dotnet/CnetControlPlane.Tests/LearningCaseSlotTests.cs(24,0): at CnetControlPlane.Tests.LearningCaseSlotTests.ExplicitSlotsPreserveTheOriginalScalar(String text, String direction, Byte key)
[xUnit.net 00:00:01.09]            at System.RuntimeMethodHandle.InvokeMethod(Object target, Void** arguments, Signature sig, Boolean isConstructor)
[xUnit.net 00:00:01.09]            at System.Reflection.MethodBaseInvoker.InvokeDirectByRefWithFewArgs(Object obj, Span`1 copyOfArgs, BindingFlags invokeAttr)
[xUnit.net 00:00:01.09]     CnetControlPlane.Tests.LearningCaseSlotTests.ExplicitSlotsPreserveTheOriginalScalar(text: "If you have a moment, capitalize the letter d.", direction: "upper", key: 100) [FAIL]
[xUnit.net 00:00:01.09]       TASK_SLOT_RED If you have a moment, capitalize the letter d.: abstain
[xUnit.net 00:00:01.09]       Stack Trace:
[xUnit.net 00:00:01.09]         /home/marble/AI/CNET-worktrees/herdr-language-20260909/dotnet/CnetControlPlane.Tests/LearningCaseSlotTests.cs(24,0): at CnetControlPlane.Tests.LearningCaseSlotTests.ExplicitSlotsPreserveTheOriginalScalar(String text, String direction, Byte key)
[xUnit.net 00:00:01.09]            at InvokeStub_LearningCaseSlotTests.ExplicitSlotsPreserveTheOriginalScalar(Object, Span`1)
[xUnit.net 00:00:01.09]            at System.Reflection.MethodBaseInvoker.InvokeWithFewArgs(Object obj, BindingFlags invokeAttr, Binder binder, Object[] parameters, CultureInfo culture)
[xUnit.net 00:00:01.09]     CnetControlPlane.Tests.LearningCaseSlotTests.ExplicitSlotsPreserveTheOriginalScalar(text: "Change this to upper case: \"9\"", direction: "upper", key: 57) [FAIL]
[xUnit.net 00:00:01.09]       TASK_SLOT_RED Change this to upper case: "9": clarify
[xUnit.net 00:00:01.09]       Stack Trace:
[xUnit.net 00:00:01.09]         /home/marble/AI/CNET-worktrees/herdr-language-20260909/dotnet/CnetControlPlane.Tests/LearningCaseSlotTests.cs(24,0): at CnetControlPlane.Tests.LearningCaseSlotTests.ExplicitSlotsPreserveTheOriginalScalar(String text, String direction, Byte key)
[xUnit.net 00:00:01.09]            at InvokeStub_LearningCaseSlotTests.ExplicitSlotsPreserveTheOriginalScalar(Object, Span`1)
[xUnit.net 00:00:01.09]            at System.Reflection.MethodBaseInvoker.InvokeWithFewArgs(Object obj, BindingFlags invokeAttr, Binder binder, Object[] parameters, CultureInfo culture)
[xUnit.net 00:00:01.09]     CnetControlPlane.Tests.LearningCaseSlotTests.ExplicitSlotsPreserveTheOriginalScalar(text: "Downcase the byte 0x4B.", direction: "lower", key: 75) [FAIL]
[xUnit.net 00:00:01.09]       TASK_SLOT_RED Downcase the byte 0x4B.: clarify
[xUnit.net 00:00:01.09]       Stack Trace:
[xUnit.net 00:00:01.09]         /home/marble/AI/CNET-worktrees/herdr-language-20260909/dotnet/CnetControlPlane.Tests/LearningCaseSlotTests.cs(24,0): at CnetControlPlane.Tests.LearningCaseSlotTests.ExplicitSlotsPreserveTheOriginalScalar(String text, String direction, Byte key)
[xUnit.net 00:00:01.09]            at InvokeStub_LearningCaseSlotTests.ExplicitSlotsPreserveTheOriginalScalar(Object, Span`1)
[xUnit.net 00:00:01.09]            at System.Reflection.MethodBaseInvoker.InvokeWithFewArgs(Object obj, BindingFlags invokeAttr, Binder binder, Object[] parameters, CultureInfo culture)
[xUnit.net 00:00:01.09]     CnetControlPlane.Tests.LearningCaseSlotTests.ExplicitSlotsPreserveTheOriginalScalar(text: "Would you mind putting G in lowercase?", direction: "lower", key: 71) [FAIL]
[xUnit.net 00:00:01.09]       TASK_SLOT_RED Would you mind putting G in lowercase?: abstain
[xUnit.net 00:00:01.09]       Stack Trace:
[xUnit.net 00:00:01.09]         /home/marble/AI/CNET-worktrees/herdr-language-20260909/dotnet/CnetControlPlane.Tests/LearningCaseSlotTests.cs(24,0): at CnetControlPlane.Tests.LearningCaseSlotTests.ExplicitSlotsPreserveTheOriginalScalar(String text, String direction, Byte key)
[xUnit.net 00:00:01.09]            at InvokeStub_LearningCaseSlotTests.ExplicitSlotsPreserveTheOriginalScalar(Object, Span`1)
[xUnit.net 00:00:01.09]            at System.Reflection.MethodBaseInvoker.InvokeWithFewArgs(Object obj, BindingFlags invokeAttr, Binder binder, Object[] parameters, CultureInfo culture)
  Failed CnetControlPlane.Tests.LearningCaseSlotTests.UnresolvedSlotsNeverSelectAnAction(text: "Change this to uppercase: 'a' or 'b'", expected: "clarify") [< 1 ms]
  Error Message:
   TASK_SLOT_RED Change this to uppercase: 'a' or 'b': abstain, expected clarify
  Stack Trace:
     at CnetControlPlane.Tests.LearningCaseSlotTests.UnresolvedSlotsNeverSelectAnAction(String text, String expected) in /home/marble/AI/CNET-worktrees/herdr-language-20260909/dotnet/CnetControlPlane.Tests/LearningCaseSlotTests.cs:line 55
   at InvokeStub_LearningCaseSlotTests.UnresolvedSlotsNeverSelectAnAction(Object, Span`1)
   at System.Reflection.MethodBaseInvoker.InvokeWithFewArgs(Object obj, BindingFlags invokeAttr, Binder binder, Object[] parameters, CultureInfo culture)
  Failed CnetControlPlane.Tests.LearningCaseSlotTests.UnresolvedSlotsNeverSelectAnAction(text: "Downcase the byte 0x0A.", expected: "abstain") [< 1 ms]
  Error Message:
   TASK_SLOT_RED Downcase the byte 0x0A.: clarify, expected abstain
  Stack Trace:
     at CnetControlPlane.Tests.LearningCaseSlotTests.UnresolvedSlotsNeverSelectAnAction(String text, String expected) in /home/marble/AI/CNET-worktrees/herdr-language-20260909/dotnet/CnetControlPlane.Tests/LearningCaseSlotTests.cs:line 55
   at InvokeStub_LearningCaseSlotTests.UnresolvedSlotsNeverSelectAnAction(Object, Span`1)
   at System.Reflection.MethodBaseInvoker.InvokeWithFewArgs(Object obj, BindingFlags invokeAttr, Binder binder, Object[] parameters, CultureInfo culture)
  Failed CnetControlPlane.Tests.LearningCaseSlotTests.UnresolvedSlotsNeverSelectAnAction(text: "Change this to uppercase: U+000A", expected: "abstain") [< 1 ms]
  Error Message:
   TASK_SLOT_RED Change this to uppercase: U+000A: clarify, expected abstain
  Stack Trace:
     at CnetControlPlane.Tests.LearningCaseSlotTests.UnresolvedSlotsNeverSelectAnAction(String text, String expected) in /home/marble/AI/CNET-worktrees/herdr-language-20260909/dotnet/CnetControlPlane.Tests/LearningCaseSlotTests.cs:line 55
   at InvokeStub_LearningCaseSlotTests.UnresolvedSlotsNeverSelectAnAction(Object, Span`1)
   at System.Reflection.MethodBaseInvoker.InvokeWithFewArgs(Object obj, BindingFlags invokeAttr, Binder binder, Object[] parameters, CultureInfo culture)
  Failed CnetControlPlane.Tests.LearningCaseSlotTests.UnresolvedSlotsNeverSelectAnAction(text: "lowercase a or b, whichever you prefer", expected: "clarify") [< 1 ms]
  Error Message:
   TASK_SLOT_RED lowercase a or b, whichever you prefer: abstain, expected clarify
  Stack Trace:
     at CnetControlPlane.Tests.LearningCaseSlotTests.UnresolvedSlotsNeverSelectAnAction(String text, String expected) in /home/marble/AI/CNET-worktrees/herdr-language-20260909/dotnet/CnetControlPlane.Tests/LearningCaseSlotTests.cs:line 55
   at InvokeStub_LearningCaseSlotTests.UnresolvedSlotsNeverSelectAnAction(Object, Span`1)
   at System.Reflection.MethodBaseInvoker.InvokeWithFewArgs(Object obj, BindingFlags invokeAttr, Binder binder, Object[] parameters, CultureInfo culture)
  Failed CnetControlPlane.Tests.LearningCaseSlotTests.ExplicitSlotsPreserveTheOriginalScalar(text: "Make uppercase: 'a'", direction: "upper", key: 97) [< 1 ms]
  Error Message:
   TASK_SLOT_RED Make uppercase: 'a': clarify
  Stack Trace:
     at CnetControlPlane.Tests.LearningCaseSlotTests.ExplicitSlotsPreserveTheOriginalScalar(String text, String direction, Byte key) in /home/marble/AI/CNET-worktrees/herdr-language-20260909/dotnet/CnetControlPlane.Tests/LearningCaseSlotTests.cs:line 24
   at System.RuntimeMethodHandle.InvokeMethod(Object target, Void** arguments, Signature sig, Boolean isConstructor)
   at System.Reflection.MethodBaseInvoker.InvokeDirectByRefWithFewArgs(Object obj, Span`1 copyOfArgs, BindingFlags invokeAttr)
  Failed CnetControlPlane.Tests.LearningCaseSlotTests.ExplicitSlotsPreserveTheOriginalScalar(text: "If you have a moment, capitalize the letter d.", direction: "upper", key: 100) [< 1 ms]
  Error Message:
   TASK_SLOT_RED If you have a moment, capitalize the letter d.: abstain
  Stack Trace:
     at CnetControlPlane.Tests.LearningCaseSlotTests.ExplicitSlotsPreserveTheOriginalScalar(String text, String direction, Byte key) in /home/marble/AI/CNET-worktrees/herdr-language-20260909/dotnet/CnetControlPlane.Tests/LearningCaseSlotTests.cs:line 24
   at InvokeStub_LearningCaseSlotTests.ExplicitSlotsPreserveTheOriginalScalar(Object, Span`1)
   at System.Reflection.MethodBaseInvoker.InvokeWithFewArgs(Object obj, BindingFlags invokeAttr, Binder binder, Object[] parameters, CultureInfo culture)
  Failed CnetControlPlane.Tests.LearningCaseSlotTests.ExplicitSlotsPreserveTheOriginalScalar(text: "Change this to upper case: \"9\"", direction: "upper", key: 57) [< 1 ms]
  Error Message:
   TASK_SLOT_RED Change this to upper case: "9": clarify
  Stack Trace:
     at CnetControlPlane.Tests.LearningCaseSlotTests.ExplicitSlotsPreserveTheOriginalScalar(String text, String direction, Byte key) in /home/marble/AI/CNET-worktrees/herdr-language-20260909/dotnet/CnetControlPlane.Tests/LearningCaseSlotTests.cs:line 24
   at InvokeStub_LearningCaseSlotTests.ExplicitSlotsPreserveTheOriginalScalar(Object, Span`1)
   at System.Reflection.MethodBaseInvoker.InvokeWithFewArgs(Object obj, BindingFlags invokeAttr, Binder binder, Object[] parameters, CultureInfo culture)
  Failed CnetControlPlane.Tests.LearningCaseSlotTests.ExplicitSlotsPreserveTheOriginalScalar(text: "Downcase the byte 0x4B.", direction: "lower", key: 75) [< 1 ms]
  Error Message:
   TASK_SLOT_RED Downcase the byte 0x4B.: clarify
  Stack Trace:
     at CnetControlPlane.Tests.LearningCaseSlotTests.ExplicitSlotsPreserveTheOriginalScalar(String text, String direction, Byte key) in /home/marble/AI/CNET-worktrees/herdr-language-20260909/dotnet/CnetControlPlane.Tests/LearningCaseSlotTests.cs:line 24
   at InvokeStub_LearningCaseSlotTests.ExplicitSlotsPreserveTheOriginalScalar(Object, Span`1)
   at System.Reflection.MethodBaseInvoker.InvokeWithFewArgs(Object obj, BindingFlags invokeAttr, Binder binder, Object[] parameters, CultureInfo culture)
  Failed CnetControlPlane.Tests.LearningCaseSlotTests.ExplicitSlotsPreserveTheOriginalScalar(text: "Would you mind putting G in lowercase?", direction: "lower", key: 71) [< 1 ms]
  Error Message:
   TASK_SLOT_RED Would you mind putting G in lowercase?: abstain
  Stack Trace:
     at CnetControlPlane.Tests.LearningCaseSlotTests.ExplicitSlotsPreserveTheOriginalScalar(String text, String direction, Byte key) in /home/marble/AI/CNET-worktrees/herdr-language-20260909/dotnet/CnetControlPlane.Tests/LearningCaseSlotTests.cs:line 24
   at InvokeStub_LearningCaseSlotTests.ExplicitSlotsPreserveTheOriginalScalar(Object, Span`1)
   at System.Reflection.MethodBaseInvoker.InvokeWithFewArgs(Object obj, BindingFlags invokeAttr, Binder binder, Object[] parameters, CultureInfo culture)
[xUnit.net 00:00:01.09]     CnetControlPlane.Tests.LearningCaseSlotTests.ExplicitSlotsPreserveTheOriginalScalar(text: "Uppercase: 'a'", direction: "upper", key: 97) [FAIL]
[xUnit.net 00:00:01.09]       TASK_SLOT_RED Uppercase: 'a': clarify
[xUnit.net 00:00:01.09]       Stack Trace:
[xUnit.net 00:00:01.09]         /home/marble/AI/CNET-worktrees/herdr-language-20260909/dotnet/CnetControlPlane.Tests/LearningCaseSlotTests.cs(24,0): at CnetControlPlane.Tests.LearningCaseSlotTests.ExplicitSlotsPreserveTheOriginalScalar(String text, String direction, Byte key)
[xUnit.net 00:00:01.09]            at InvokeStub_LearningCaseSlotTests.ExplicitSlotsPreserveTheOriginalScalar(Object, Span`1)
[xUnit.net 00:00:01.09]            at System.Reflection.MethodBaseInvoker.InvokeWithFewArgs(Object obj, BindingFlags invokeAttr, Binder binder, Object[] parameters, CultureInfo culture)
[xUnit.net 00:00:01.09]     CnetControlPlane.Tests.LearningCaseSlotTests.ExplicitSlotsPreserveTheOriginalScalar(text: "Change that to lowercase: U+0041", direction: "lower", key: 65) [FAIL]
[xUnit.net 00:00:01.09]       TASK_SLOT_RED Change that to lowercase: U+0041: clarify
[xUnit.net 00:00:01.09]       Stack Trace:
[xUnit.net 00:00:01.09]         /home/marble/AI/CNET-worktrees/herdr-language-20260909/dotnet/CnetControlPlane.Tests/LearningCaseSlotTests.cs(24,0): at CnetControlPlane.Tests.LearningCaseSlotTests.ExplicitSlotsPreserveTheOriginalScalar(String text, String direction, Byte key)
[xUnit.net 00:00:01.09]            at InvokeStub_LearningCaseSlotTests.ExplicitSlotsPreserveTheOriginalScalar(Object, Span`1)
[xUnit.net 00:00:01.09]            at System.Reflection.MethodBaseInvoker.InvokeWithFewArgs(Object obj, BindingFlags invokeAttr, Binder binder, Object[] parameters, CultureInfo culture)
[xUnit.net 00:00:01.09]     CnetControlPlane.Tests.LearningCaseSlotTests.ExplicitSlotsPreserveTheOriginalScalar(text: "Force uppercase on the letter o.", direction: "upper", key: 111) [FAIL]
[xUnit.net 00:00:01.09]       TASK_SLOT_RED Force uppercase on the letter o.: abstain
[xUnit.net 00:00:01.09]       Stack Trace:
[xUnit.net 00:00:01.09]         /home/marble/AI/CNET-worktrees/herdr-language-20260909/dotnet/CnetControlPlane.Tests/LearningCaseSlotTests.cs(24,0): at CnetControlPlane.Tests.LearningCaseSlotTests.ExplicitSlotsPreserveTheOriginalScalar(String text, String direction, Byte key)
[xUnit.net 00:00:01.09]            at InvokeStub_LearningCaseSlotTests.ExplicitSlotsPreserveTheOriginalScalar(Object, Span`1)
[xUnit.net 00:00:01.09]            at System.Reflection.MethodBaseInvoker.InvokeWithFewArgs(Object obj, BindingFlags invokeAttr, Binder binder, Object[] parameters, CultureInfo culture)
[xUnit.net 00:00:01.09]     CnetControlPlane.Tests.LearningCaseSlotTests.ExplicitSlotsPreserveTheOriginalScalar(text: "Raise decimal codepoint 250 to uppercase.", direction: "upper", key: 250) [FAIL]
[xUnit.net 00:00:01.09]       TASK_SLOT_RED Raise decimal codepoint 250 to uppercase.: abstain
[xUnit.net 00:00:01.09]       Stack Trace:
[xUnit.net 00:00:01.09]         /home/marble/AI/CNET-worktrees/herdr-language-20260909/dotnet/CnetControlPlane.Tests/LearningCaseSlotTests.cs(24,0): at CnetControlPlane.Tests.LearningCaseSlotTests.ExplicitSlotsPreserveTheOriginalScalar(String text, String direction, Byte key)
[xUnit.net 00:00:01.09]            at InvokeStub_LearningCaseSlotTests.ExplicitSlotsPreserveTheOriginalScalar(Object, Span`1)
[xUnit.net 00:00:01.09]            at System.Reflection.MethodBaseInvoker.InvokeWithFewArgs(Object obj, BindingFlags invokeAttr, Binder binder, Object[] parameters, CultureInfo culture)
[xUnit.net 00:00:01.09]     CnetControlPlane.Tests.LearningCaseSlotTests.ExplicitSlotsPreserveTheOriginalScalar(text: "Would you mind putting \"P\" into lowercase?", direction: "lower", key: 80) [FAIL]
[xUnit.net 00:00:01.09]       TASK_SLOT_RED Would you mind putting "P" into lowercase?: abstain
[xUnit.net 00:00:01.09]       Stack Trace:
[xUnit.net 00:00:01.09]         /home/marble/AI/CNET-worktrees/herdr-language-20260909/dotnet/CnetControlPlane.Tests/LearningCaseSlotTests.cs(24,0): at CnetControlPlane.Tests.LearningCaseSlotTests.ExplicitSlotsPreserveTheOriginalScalar(String text, String direction, Byte key)
[xUnit.net 00:00:01.09]            at InvokeStub_LearningCaseSlotTests.ExplicitSlotsPreserveTheOriginalScalar(Object, Span`1)
[xUnit.net 00:00:01.09]            at System.Reflection.MethodBaseInvoker.InvokeWithFewArgs(Object obj, BindingFlags invokeAttr, Binder binder, Object[] parameters, CultureInfo culture)
[xUnit.net 00:00:01.09]   Finished:    CnetControlPlane.Tests
  Failed CnetControlPlane.Tests.LearningCaseSlotTests.ExplicitSlotsPreserveTheOriginalScalar(text: "Uppercase: 'a'", direction: "upper", key: 97) [< 1 ms]
  Error Message:
   TASK_SLOT_RED Uppercase: 'a': clarify
  Stack Trace:
     at CnetControlPlane.Tests.LearningCaseSlotTests.ExplicitSlotsPreserveTheOriginalScalar(String text, String direction, Byte key) in /home/marble/AI/CNET-worktrees/herdr-language-20260909/dotnet/CnetControlPlane.Tests/LearningCaseSlotTests.cs:line 24
   at InvokeStub_LearningCaseSlotTests.ExplicitSlotsPreserveTheOriginalScalar(Object, Span`1)
   at System.Reflection.MethodBaseInvoker.InvokeWithFewArgs(Object obj, BindingFlags invokeAttr, Binder binder, Object[] parameters, CultureInfo culture)
  Failed CnetControlPlane.Tests.LearningCaseSlotTests.ExplicitSlotsPreserveTheOriginalScalar(text: "Change that to lowercase: U+0041", direction: "lower", key: 65) [< 1 ms]
  Error Message:
   TASK_SLOT_RED Change that to lowercase: U+0041: clarify
  Stack Trace:
     at CnetControlPlane.Tests.LearningCaseSlotTests.ExplicitSlotsPreserveTheOriginalScalar(String text, String direction, Byte key) in /home/marble/AI/CNET-worktrees/herdr-language-20260909/dotnet/CnetControlPlane.Tests/LearningCaseSlotTests.cs:line 24
   at InvokeStub_LearningCaseSlotTests.ExplicitSlotsPreserveTheOriginalScalar(Object, Span`1)
   at System.Reflection.MethodBaseInvoker.InvokeWithFewArgs(Object obj, BindingFlags invokeAttr, Binder binder, Object[] parameters, CultureInfo culture)
  Failed CnetControlPlane.Tests.LearningCaseSlotTests.ExplicitSlotsPreserveTheOriginalScalar(text: "Force uppercase on the letter o.", direction: "upper", key: 111) [< 1 ms]
  Error Message:
   TASK_SLOT_RED Force uppercase on the letter o.: abstain
  Stack Trace:
     at CnetControlPlane.Tests.LearningCaseSlotTests.ExplicitSlotsPreserveTheOriginalScalar(String text, String direction, Byte key) in /home/marble/AI/CNET-worktrees/herdr-language-20260909/dotnet/CnetControlPlane.Tests/LearningCaseSlotTests.cs:line 24
   at InvokeStub_LearningCaseSlotTests.ExplicitSlotsPreserveTheOriginalScalar(Object, Span`1)
   at System.Reflection.MethodBaseInvoker.InvokeWithFewArgs(Object obj, BindingFlags invokeAttr, Binder binder, Object[] parameters, CultureInfo culture)
  Failed CnetControlPlane.Tests.LearningCaseSlotTests.ExplicitSlotsPreserveTheOriginalScalar(text: "Raise decimal codepoint 250 to uppercase.", direction: "upper", key: 250) [< 1 ms]
  Error Message:
   TASK_SLOT_RED Raise decimal codepoint 250 to uppercase.: abstain
  Stack Trace:
     at CnetControlPlane.Tests.LearningCaseSlotTests.ExplicitSlotsPreserveTheOriginalScalar(String text, String direction, Byte key) in /home/marble/AI/CNET-worktrees/herdr-language-20260909/dotnet/CnetControlPlane.Tests/LearningCaseSlotTests.cs:line 24
   at InvokeStub_LearningCaseSlotTests.ExplicitSlotsPreserveTheOriginalScalar(Object, Span`1)
   at System.Reflection.MethodBaseInvoker.InvokeWithFewArgs(Object obj, BindingFlags invokeAttr, Binder binder, Object[] parameters, CultureInfo culture)
  Failed CnetControlPlane.Tests.LearningCaseSlotTests.ExplicitSlotsPreserveTheOriginalScalar(text: "Would you mind putting \"P\" into lowercase?", direction: "lower", key: 80) [< 1 ms]
  Error Message:
   TASK_SLOT_RED Would you mind putting "P" into lowercase?: abstain
  Stack Trace:
     at CnetControlPlane.Tests.LearningCaseSlotTests.ExplicitSlotsPreserveTheOriginalScalar(String text, String direction, Byte key) in /home/marble/AI/CNET-worktrees/herdr-language-20260909/dotnet/CnetControlPlane.Tests/LearningCaseSlotTests.cs:line 24
   at InvokeStub_LearningCaseSlotTests.ExplicitSlotsPreserveTheOriginalScalar(Object, Span`1)
   at System.Reflection.MethodBaseInvoker.InvokeWithFewArgs(Object obj, BindingFlags invokeAttr, Binder binder, Object[] parameters, CultureInfo culture)

Test Run Failed.
Total tests: 32
     Passed: 12
     Failed: 20
 Total time: 1.3282 Seconds
