  Determining projects to restore...
  All projects are up-to-date for restore.
  CnetControlPlane -> /home/marble/AI/CNET-worktrees/herdr-language-20260909/.artifacts/herdr-vocabulary/bin/CnetControlPlane/debug/cnet-control.dll
/home/marble/AI/CNET-worktrees/herdr-language-20260909/dotnet/CnetControlPlane.Tests/LearningNativeLedgerTests.cs(38,43): warning CA1416: This call site is reachable on all platforms. 'File.SetUnixFileMode(string, UnixFileMode)' is unsupported on: 'windows'. (https://learn.microsoft.com/dotnet/fundamentals/code-analysis/quality-rules/ca1416) [/home/marble/AI/CNET-worktrees/herdr-language-20260909/dotnet/CnetControlPlane.Tests/CnetControlPlane.Tests.csproj]
/home/marble/AI/CNET-worktrees/herdr-language-20260909/dotnet/CnetControlPlane.Tests/LearningRuntimeLedgerTests.cs(32,36): warning CA1416: This call site is reachable on all platforms. 'File.SetUnixFileMode(string, UnixFileMode)' is unsupported on: 'windows'. (https://learn.microsoft.com/dotnet/fundamentals/code-analysis/quality-rules/ca1416) [/home/marble/AI/CNET-worktrees/herdr-language-20260909/dotnet/CnetControlPlane.Tests/CnetControlPlane.Tests.csproj]
/home/marble/AI/CNET-worktrees/herdr-language-20260909/dotnet/CnetControlPlane.Tests/LearningRuntimeLedgerTests.cs(35,13): warning CA1416: This call site is reachable on all platforms. 'File.SetUnixFileMode(string, UnixFileMode)' is unsupported on: 'windows'. (https://learn.microsoft.com/dotnet/fundamentals/code-analysis/quality-rules/ca1416) [/home/marble/AI/CNET-worktrees/herdr-language-20260909/dotnet/CnetControlPlane.Tests/CnetControlPlane.Tests.csproj]
/home/marble/AI/CNET-worktrees/herdr-language-20260909/dotnet/CnetControlPlane.Tests/LearningRuntimeLedgerTests.cs(22,9): warning CA1416: This call site is reachable on all platforms. 'Directory.CreateDirectory(string, UnixFileMode)' is unsupported on: 'windows'. (https://learn.microsoft.com/dotnet/fundamentals/code-analysis/quality-rules/ca1416) [/home/marble/AI/CNET-worktrees/herdr-language-20260909/dotnet/CnetControlPlane.Tests/CnetControlPlane.Tests.csproj]
/home/marble/AI/CNET-worktrees/herdr-language-20260909/dotnet/CnetControlPlane.Tests/LearningRuntimeLedgerTests.cs(23,9): warning CA1416: This call site is reachable on all platforms. 'Directory.CreateDirectory(string, UnixFileMode)' is unsupported on: 'windows'. (https://learn.microsoft.com/dotnet/fundamentals/code-analysis/quality-rules/ca1416) [/home/marble/AI/CNET-worktrees/herdr-language-20260909/dotnet/CnetControlPlane.Tests/CnetControlPlane.Tests.csproj]
/home/marble/AI/CNET-worktrees/herdr-language-20260909/dotnet/CnetControlPlane.Tests/LearningRuntimeLedgerTests.cs(21,9): warning CA1416: This call site is reachable on all platforms. 'File.SetUnixFileMode(string, UnixFileMode)' is unsupported on: 'windows'. (https://learn.microsoft.com/dotnet/fundamentals/code-analysis/quality-rules/ca1416) [/home/marble/AI/CNET-worktrees/herdr-language-20260909/dotnet/CnetControlPlane.Tests/CnetControlPlane.Tests.csproj]
  CnetControlPlane.Tests -> /home/marble/AI/CNET-worktrees/herdr-language-20260909/.artifacts/herdr-vocabulary/bin/CnetControlPlane.Tests/debug/CnetControlPlane.Tests.dll
Test run for /home/marble/AI/CNET-worktrees/herdr-language-20260909/.artifacts/herdr-vocabulary/bin/CnetControlPlane.Tests/debug/CnetControlPlane.Tests.dll (.NETCoreApp,Version=v8.0)
A total of 1 test files matched the specified pattern.
[xUnit.net 00:00:00.00] xUnit.net VSTest Adapter v2.8.2+699d445a1a (64-bit .NET 8.0.30)
[xUnit.net 00:00:00.03]   Discovering: CnetControlPlane.Tests
[xUnit.net 00:00:00.32]   Discovered:  CnetControlPlane.Tests
[xUnit.net 00:00:00.32]   Starting:    CnetControlPlane.Tests
  Passed CnetControlPlane.Tests.LearningCaseRequestSyntaxTests.RequestConstituentsComposeWithoutChangingOriginalInput(text: "Could you kindly write 'ñ' in caps?", operation: "upper", key: 241) [741 ms]
  Passed CnetControlPlane.Tests.LearningCaseRequestSyntaxTests.RequestConstituentsComposeWithoutChangingOriginalInput(text: "Please, convert character 'ö' to uppercase?", operation: "upper", key: 246) [< 1 ms]
  Passed CnetControlPlane.Tests.LearningCaseRequestSyntaxTests.RequestConstituentsComposeWithoutChangingOriginalInput(text: "Would you please write the single quoted character"···, operation: "upper", key: 241) [< 1 ms]
  Passed CnetControlPlane.Tests.LearningCaseRequestSyntaxTests.RequestConstituentsComposeWithoutChangingOriginalInput(text: "Please, lowercase letter  'É'?", operation: "lower", key: 201) [< 1 ms]
  Passed CnetControlPlane.Tests.LearningCaseRequestSyntaxTests.RequestConstituentsComposeWithoutChangingOriginalInput(text: "render the character 'À' in lowercase!", operation: "lower", key: 192) [< 1 ms]
  Passed CnetControlPlane.Tests.LearningCaseRequestSyntaxTests.RequestConstituentsComposeWithoutChangingOriginalInput(text: "Please, convert letter 'ö' to uppercase?", operation: "upper", key: 246) [< 1 ms]
  Passed CnetControlPlane.Tests.LearningCaseRequestSyntaxTests.RequestConstituentsComposeWithoutChangingOriginalInput(text: "Please, lowercase the character  'É'!", operation: "lower", key: 201) [< 1 ms]
  Passed CnetControlPlane.Tests.LearningCaseRequestSyntaxTests.RequestConstituentsComposeWithoutChangingOriginalInput(text: "Please, uppercase the single quoted character  'µ'"···, operation: "upper", key: 181) [< 1 ms]
  Passed CnetControlPlane.Tests.LearningCaseRequestSyntaxTests.RequestConstituentsComposeWithoutChangingOriginalInput(text: "Could you kindly lowercase letter  'É'.", operation: "lower", key: 201) [< 1 ms]
  Passed CnetControlPlane.Tests.LearningCaseRequestSyntaxTests.RequestConstituentsComposeWithoutChangingOriginalInput(text: "Please, render the character 'À' in lowercase!", operation: "lower", key: 192) [< 1 ms]
  Passed CnetControlPlane.Tests.LearningCaseRequestSyntaxTests.RequestConstituentsComposeWithoutChangingOriginalInput(text: "Could you kindly render 'À' in lowercase?", operation: "lower", key: 192) [< 1 ms]
  Passed CnetControlPlane.Tests.LearningCaseRequestSyntaxTests.RequestConstituentsComposeWithoutChangingOriginalInput(text: "Would you please convert the single quoted charact"···, operation: "upper", key: 246) [< 1 ms]
  Passed CnetControlPlane.Tests.LearningCaseRequestSyntaxTests.RequestConstituentsComposeWithoutChangingOriginalInput(text: "uppercase  'µ'?", operation: "upper", key: 181) [< 1 ms]
  Passed CnetControlPlane.Tests.LearningCaseRequestSyntaxTests.RequestConstituentsComposeWithoutChangingOriginalInput(text: "Could you kindly uppercase the single quoted chara"···, operation: "upper", key: 181) [< 1 ms]
  Passed CnetControlPlane.Tests.LearningCaseRequestSyntaxTests.RequestConstituentsComposeWithoutChangingOriginalInput(text: "Could you kindly render 'À' in lowercase!", operation: "lower", key: 192) [< 1 ms]
  Passed CnetControlPlane.Tests.LearningCaseRequestSyntaxTests.RequestConstituentsComposeWithoutChangingOriginalInput(text: "lowercase the single quoted character  'É'?", operation: "lower", key: 201) [< 1 ms]
  Passed CnetControlPlane.Tests.LearningCaseRequestSyntaxTests.RequestConstituentsComposeWithoutChangingOriginalInput(text: "render character 'À' in lowercase?", operation: "lower", key: 192) [< 1 ms]
  Passed CnetControlPlane.Tests.LearningCaseRequestSyntaxTests.RequestConstituentsComposeWithoutChangingOriginalInput(text: "render letter 'À' in lowercase?", operation: "lower", key: 192) [< 1 ms]
  Passed CnetControlPlane.Tests.LearningCaseRequestSyntaxTests.RequestConstituentsComposeWithoutChangingOriginalInput(text: "Would you please write character 'ñ' in caps?", operation: "upper", key: 241) [< 1 ms]
  Passed CnetControlPlane.Tests.LearningCaseRequestSyntaxTests.RequestConstituentsComposeWithoutChangingOriginalInput(text: "lowercase character  'É'?", operation: "lower", key: 201) [< 1 ms]
  Passed CnetControlPlane.Tests.LearningCaseRequestSyntaxTests.RequestConstituentsComposeWithoutChangingOriginalInput(text: "Would you please convert the character 'ö' to uppe"···, operation: "upper", key: 246) [< 1 ms]
  Passed CnetControlPlane.Tests.LearningCaseRequestSyntaxTests.RequestConstituentsComposeWithoutChangingOriginalInput(text: "render 'À' in lowercase?", operation: "lower", key: 192) [< 1 ms]
  Passed CnetControlPlane.Tests.LearningCaseRequestSyntaxTests.RequestConstituentsComposeWithoutChangingOriginalInput(text: "render the character 'À' in lowercase?", operation: "lower", key: 192) [< 1 ms]
  Passed CnetControlPlane.Tests.LearningCaseRequestSyntaxTests.RequestConstituentsComposeWithoutChangingOriginalInput(text: "Would you please lowercase character  'É'.", operation: "lower", key: 201) [< 1 ms]
  Passed CnetControlPlane.Tests.LearningCaseRequestSyntaxTests.RequestConstituentsComposeWithoutChangingOriginalInput(text: "Could you kindly uppercase letter  'µ'?", operation: "upper", key: 181) [< 1 ms]
  Passed CnetControlPlane.Tests.LearningCaseRequestSyntaxTests.RequestConstituentsComposeWithoutChangingOriginalInput(text: "Please, uppercase letter  'µ'.", operation: "upper", key: 181) [< 1 ms]
  Passed CnetControlPlane.Tests.LearningCaseRequestSyntaxTests.RequestConstituentsComposeWithoutChangingOriginalInput(text: "Could you kindly lowercase character  'É'?", operation: "lower", key: 201) [< 1 ms]
  Passed CnetControlPlane.Tests.LearningCaseRequestSyntaxTests.RequestConstituentsComposeWithoutChangingOriginalInput(text: "Please, render the single quoted character 'À' in "···, operation: "lower", key: 192) [< 1 ms]
  Passed CnetControlPlane.Tests.LearningCaseRequestSyntaxTests.RequestConstituentsComposeWithoutChangingOriginalInput(text: "Please, convert 'ö' to uppercase?", operation: "upper", key: 246) [< 1 ms]
  Passed CnetControlPlane.Tests.LearningCaseRequestSyntaxTests.RequestConstituentsComposeWithoutChangingOriginalInput(text: "write 'ñ' in caps!", operation: "upper", key: 241) [< 1 ms]
  Passed CnetControlPlane.Tests.LearningCaseRequestSyntaxTests.RequestConstituentsComposeWithoutChangingOriginalInput(text: "Please, uppercase the character  'µ'!", operation: "upper", key: 181) [< 1 ms]
  Passed CnetControlPlane.Tests.LearningCaseRequestSyntaxTests.RequestConstituentsComposeWithoutChangingOriginalInput(text: "Could you kindly render character 'À' in lowercase"···, operation: "lower", key: 192) [< 1 ms]
  Passed CnetControlPlane.Tests.LearningCaseRequestSyntaxTests.RequestConstituentsComposeWithoutChangingOriginalInput(text: "Would you please write 'ñ' in caps.", operation: "upper", key: 241) [< 1 ms]
  Passed CnetControlPlane.Tests.LearningCaseRequestSyntaxTests.RequestConstituentsComposeWithoutChangingOriginalInput(text: "Please, write 'ñ' in caps.", operation: "upper", key: 241) [< 1 ms]
  Passed CnetControlPlane.Tests.LearningCaseRequestSyntaxTests.RequestConstituentsComposeWithoutChangingOriginalInput(text: "Please, lowercase  'É'?", operation: "lower", key: 201) [< 1 ms]
  Passed CnetControlPlane.Tests.LearningCaseRequestSyntaxTests.RequestConstituentsComposeWithoutChangingOriginalInput(text: "Would you please convert character 'ö' to uppercas"···, operation: "upper", key: 246) [< 1 ms]
  Passed CnetControlPlane.Tests.LearningCaseRequestSyntaxTests.RequestConstituentsComposeWithoutChangingOriginalInput(text: "Please, render letter 'À' in lowercase!", operation: "lower", key: 192) [< 1 ms]
  Passed CnetControlPlane.Tests.LearningCaseRequestSyntaxTests.RequestConstituentsComposeWithoutChangingOriginalInput(text: "Could you kindly convert character 'ö' to uppercas"···, operation: "upper", key: 246) [< 1 ms]
  Passed CnetControlPlane.Tests.LearningCaseRequestSyntaxTests.RequestConstituentsComposeWithoutChangingOriginalInput(text: "Would you please lowercase letter  'É'?", operation: "lower", key: 201) [< 1 ms]
  Passed CnetControlPlane.Tests.LearningCaseRequestSyntaxTests.RequestConstituentsComposeWithoutChangingOriginalInput(text: "Could you kindly write the character 'ñ' in caps?", operation: "upper", key: 241) [< 1 ms]
  Passed CnetControlPlane.Tests.LearningCaseRequestSyntaxTests.RequestConstituentsComposeWithoutChangingOriginalInput(text: "Please, lowercase the single quoted character  'É'"···, operation: "lower", key: 201) [< 1 ms]
  Passed CnetControlPlane.Tests.LearningCaseRequestSyntaxTests.RequestConstituentsComposeWithoutChangingOriginalInput(text: "uppercase letter  'µ'!", operation: "upper", key: 181) [< 1 ms]
  Passed CnetControlPlane.Tests.LearningCaseRequestSyntaxTests.RequestConstituentsComposeWithoutChangingOriginalInput(text: "Would you please lowercase letter  'É'!", operation: "lower", key: 201) [< 1 ms]
  Passed CnetControlPlane.Tests.LearningCaseVocabularyTests.MissingOrConflictingRolesNeverBecomeExecutable(text: "Uppercase the letters f and g.", status: "clarify") [744 ms]
  Passed CnetControlPlane.Tests.LearningCaseRequestSyntaxTests.RequestConstituentsComposeWithoutChangingOriginalInput(text: "lowercase letter  'É'!", operation: "lower", key: 201) [< 1 ms]
  Passed CnetControlPlane.Tests.LearningCaseRequestSyntaxTests.RequestConstituentsComposeWithoutChangingOriginalInput(text: "Could you kindly convert 'ö' to uppercase!", operation: "upper", key: 246) [< 1 ms]
  Passed CnetControlPlane.Tests.LearningCaseRequestSyntaxTests.RequestConstituentsComposeWithoutChangingOriginalInput(text: "Would you please lowercase the single quoted chara"···, operation: "lower", key: 201) [< 1 ms]
  Passed CnetControlPlane.Tests.LearningCaseRequestSyntaxTests.RequestConstituentsComposeWithoutChangingOriginalInput(text: "Could you kindly uppercase character  'µ'.", operation: "upper", key: 181) [< 1 ms]
  Passed CnetControlPlane.Tests.LearningCaseRequestSyntaxTests.RequestConstituentsComposeWithoutChangingOriginalInput(text: "uppercase the character  'µ'!", operation: "upper", key: 181) [< 1 ms]
  Passed CnetControlPlane.Tests.LearningCaseRequestSyntaxTests.RequestConstituentsComposeWithoutChangingOriginalInput(text: "lowercase letter  'É'.", operation: "lower", key: 201) [< 1 ms]
  Passed CnetControlPlane.Tests.LearningCaseRequestSyntaxTests.RequestConstituentsComposeWithoutChangingOriginalInput(text: "Would you please render the character 'À' in lower"···, operation: "lower", key: 192) [< 1 ms]
  Passed CnetControlPlane.Tests.LearningCaseRequestSyntaxTests.RequestConstituentsComposeWithoutChangingOriginalInput(text: "lowercase character  'É'.", operation: "lower", key: 201) [< 1 ms]
  Passed CnetControlPlane.Tests.LearningCaseRequestSyntaxTests.RequestConstituentsComposeWithoutChangingOriginalInput(text: "Would you please uppercase letter  'µ'!", operation: "upper", key: 181) [< 1 ms]
  Passed CnetControlPlane.Tests.LearningCaseRequestSyntaxTests.RequestConstituentsComposeWithoutChangingOriginalInput(text: "uppercase  'µ'!", operation: "upper", key: 181) [< 1 ms]
  Passed CnetControlPlane.Tests.LearningCaseRequestSyntaxTests.RequestConstituentsComposeWithoutChangingOriginalInput(text: "write the single quoted character 'ñ' in caps.", operation: "upper", key: 241) [< 1 ms]
  Passed CnetControlPlane.Tests.LearningCaseRequestSyntaxTests.RequestConstituentsComposeWithoutChangingOriginalInput(text: "Please, render the single quoted character 'À' in "···, operation: "lower", key: 192) [< 1 ms]
  Passed CnetControlPlane.Tests.LearningCaseRequestSyntaxTests.RequestConstituentsComposeWithoutChangingOriginalInput(text: "Would you please render character 'À' in lowercase"···, operation: "lower", key: 192) [< 1 ms]
  Passed CnetControlPlane.Tests.LearningCaseRequestSyntaxTests.RequestConstituentsComposeWithoutChangingOriginalInput(text: "Could you kindly lowercase  'É'?", operation: "lower", key: 201) [< 1 ms]
  Passed CnetControlPlane.Tests.LearningCaseRequestSyntaxTests.RequestConstituentsComposeWithoutChangingOriginalInput(text: "convert character 'ö' to uppercase.", operation: "upper", key: 246) [< 1 ms]
  Passed CnetControlPlane.Tests.LearningCaseRequestSyntaxTests.RequestConstituentsComposeWithoutChangingOriginalInput(text: "Would you please write the single quoted character"···, operation: "upper", key: 241) [< 1 ms]
  Passed CnetControlPlane.Tests.LearningCaseRequestSyntaxTests.RequestConstituentsComposeWithoutChangingOriginalInput(text: "Please, write the single quoted character 'ñ' in c"···, operation: "upper", key: 241) [< 1 ms]
  Passed CnetControlPlane.Tests.LearningCaseRequestSyntaxTests.RequestConstituentsComposeWithoutChangingOriginalInput(text: "Please, write letter 'ñ' in caps.", operation: "upper", key: 241) [< 1 ms]
  Passed CnetControlPlane.Tests.LearningCaseRequestSyntaxTests.RequestConstituentsComposeWithoutChangingOriginalInput(text: "Please, render character 'À' in lowercase?", operation: "lower", key: 192) [< 1 ms]
  Passed CnetControlPlane.Tests.LearningCaseRequestSyntaxTests.RequestConstituentsComposeWithoutChangingOriginalInput(text: "Could you kindly convert the character 'ö' to uppe"···, operation: "upper", key: 246) [< 1 ms]
  Passed CnetControlPlane.Tests.LearningCaseRequestSyntaxTests.RequestConstituentsComposeWithoutChangingOriginalInput(text: "Please, write the character 'ñ' in caps!", operation: "upper", key: 241) [< 1 ms]
  Passed CnetControlPlane.Tests.LearningCaseRequestSyntaxTests.RequestConstituentsComposeWithoutChangingOriginalInput(text: "Would you please convert 'ö' to uppercase?", operation: "upper", key: 246) [< 1 ms]
  Passed CnetControlPlane.Tests.LearningCaseRequestSyntaxTests.RequestConstituentsComposeWithoutChangingOriginalInput(text: "Could you kindly write 'ñ' in caps.", operation: "upper", key: 241) [< 1 ms]
  Passed CnetControlPlane.Tests.LearningCaseRequestSyntaxTests.RequestConstituentsComposeWithoutChangingOriginalInput(text: "Would you please write 'ñ' in caps!", operation: "upper", key: 241) [< 1 ms]
  Passed CnetControlPlane.Tests.LearningCaseRequestSyntaxTests.RequestConstituentsComposeWithoutChangingOriginalInput(text: "Could you kindly uppercase character  'µ'?", operation: "upper", key: 181) [< 1 ms]
  Passed CnetControlPlane.Tests.LearningCaseRequestSyntaxTests.RequestConstituentsComposeWithoutChangingOriginalInput(text: "convert letter 'ö' to uppercase?", operation: "upper", key: 246) [< 1 ms]
  Passed CnetControlPlane.Tests.LearningCaseRequestSyntaxTests.RequestConstituentsComposeWithoutChangingOriginalInput(text: "Would you please render character 'À' in lowercase"···, operation: "lower", key: 192) [< 1 ms]
  Passed CnetControlPlane.Tests.LearningCaseRequestSyntaxTests.RequestConstituentsComposeWithoutChangingOriginalInput(text: "Please, write the single quoted character 'ñ' in c"···, operation: "upper", key: 241) [< 1 ms]
  Passed CnetControlPlane.Tests.LearningCaseRequestSyntaxTests.RequestConstituentsComposeWithoutChangingOriginalInput(text: "Please, write letter 'ñ' in caps!", operation: "upper", key: 241) [< 1 ms]
  Passed CnetControlPlane.Tests.LearningCaseRequestSyntaxTests.RequestConstituentsComposeWithoutChangingOriginalInput(text: "write character 'ñ' in caps?", operation: "upper", key: 241) [< 1 ms]
  Passed CnetControlPlane.Tests.LearningCaseRequestSyntaxTests.RequestConstituentsComposeWithoutChangingOriginalInput(text: "render 'À' in lowercase!", operation: "lower", key: 192) [< 1 ms]
  Passed CnetControlPlane.Tests.LearningCaseRequestSyntaxTests.RequestConstituentsComposeWithoutChangingOriginalInput(text: "Could you kindly render the character 'À' in lower"···, operation: "lower", key: 192) [< 1 ms]
  Passed CnetControlPlane.Tests.LearningCaseRequestSyntaxTests.RequestConstituentsComposeWithoutChangingOriginalInput(text: "Please, write character 'ñ' in caps?", operation: "upper", key: 241) [< 1 ms]
  Passed CnetControlPlane.Tests.LearningCaseRequestSyntaxTests.RequestConstituentsComposeWithoutChangingOriginalInput(text: "Could you kindly write letter 'ñ' in caps.", operation: "upper", key: 241) [< 1 ms]
  Passed CnetControlPlane.Tests.LearningCaseRequestSyntaxTests.RequestConstituentsComposeWithoutChangingOriginalInput(text: "render character 'À' in lowercase!", operation: "lower", key: 192) [< 1 ms]
  Passed CnetControlPlane.Tests.LearningCaseRequestSyntaxTests.RequestConstituentsComposeWithoutChangingOriginalInput(text: "Could you kindly uppercase the character  'µ'?", operation: "upper", key: 181) [< 1 ms]
  Passed CnetControlPlane.Tests.LearningCaseRequestSyntaxTests.RequestConstituentsComposeWithoutChangingOriginalInput(text: "Could you kindly render the single quoted characte"···, operation: "lower", key: 192) [< 1 ms]
  Passed CnetControlPlane.Tests.LearningCaseRequestSyntaxTests.RequestConstituentsComposeWithoutChangingOriginalInput(text: "Please, lowercase character  'É'!", operation: "lower", key: 201) [< 1 ms]
  Passed CnetControlPlane.Tests.LearningCaseRequestSyntaxTests.RequestConstituentsComposeWithoutChangingOriginalInput(text: "Would you please write character 'ñ' in caps.", operation: "upper", key: 241) [< 1 ms]
  Passed CnetControlPlane.Tests.LearningCaseRequestSyntaxTests.RequestConstituentsComposeWithoutChangingOriginalInput(text: "Please, render the single quoted character 'À' in "···, operation: "lower", key: 192) [< 1 ms]
  Passed CnetControlPlane.Tests.LearningCaseRequestSyntaxTests.RequestConstituentsComposeWithoutChangingOriginalInput(text: "convert the character 'ö' to uppercase.", operation: "upper", key: 246) [< 1 ms]
  Passed CnetControlPlane.Tests.LearningCaseRequestSyntaxTests.RequestConstituentsComposeWithoutChangingOriginalInput(text: "Could you kindly lowercase the character  'É'?", operation: "lower", key: 201) [< 1 ms]
  Passed CnetControlPlane.Tests.LearningCaseRequestSyntaxTests.RequestConstituentsComposeWithoutChangingOriginalInput(text: "Please, lowercase letter  'É'.", operation: "lower", key: 201) [< 1 ms]
  Passed CnetControlPlane.Tests.LearningCaseRequestSyntaxTests.RequestConstituentsComposeWithoutChangingOriginalInput(text: "Please, uppercase the character  'µ'.", operation: "upper", key: 181) [< 1 ms]
  Passed CnetControlPlane.Tests.LearningCaseRequestSyntaxTests.RequestConstituentsComposeWithoutChangingOriginalInput(text: "Please, render character 'À' in lowercase!", operation: "lower", key: 192) [< 1 ms]
  Passed CnetControlPlane.Tests.LearningCaseRequestSyntaxTests.RequestConstituentsComposeWithoutChangingOriginalInput(text: "Please, render the character 'À' in lowercase.", operation: "lower", key: 192) [< 1 ms]
  Passed CnetControlPlane.Tests.LearningCaseRequestSyntaxTests.RequestConstituentsComposeWithoutChangingOriginalInput(text: "Would you please lowercase the character  'É'.", operation: "lower", key: 201) [< 1 ms]
  Passed CnetControlPlane.Tests.LearningCaseRequestSyntaxTests.RequestConstituentsComposeWithoutChangingOriginalInput(text: "uppercase letter  'µ'.", operation: "upper", key: 181) [< 1 ms]
  Passed CnetControlPlane.Tests.LearningCaseRequestSyntaxTests.RequestConstituentsComposeWithoutChangingOriginalInput(text: "Could you kindly convert the single quoted charact"···, operation: "upper", key: 246) [< 1 ms]
  Passed CnetControlPlane.Tests.LearningCaseRequestSyntaxTests.RequestConstituentsComposeWithoutChangingOriginalInput(text: "Please, convert the character 'ö' to uppercase.", operation: "upper", key: 246) [< 1 ms]
  Passed CnetControlPlane.Tests.LearningCaseRequestSyntaxTests.RequestConstituentsComposeWithoutChangingOriginalInput(text: "Please, lowercase  'É'.", operation: "lower", key: 201) [< 1 ms]
  Passed CnetControlPlane.Tests.LearningCaseRequestSyntaxTests.RequestConstituentsComposeWithoutChangingOriginalInput(text: "Could you kindly render the character 'À' in lower"···, operation: "lower", key: 192) [< 1 ms]
  Passed CnetControlPlane.Tests.LearningCaseRequestSyntaxTests.RequestConstituentsComposeWithoutChangingOriginalInput(text: "Would you please convert letter 'ö' to uppercase.", operation: "upper", key: 246) [< 1 ms]
  Passed CnetControlPlane.Tests.LearningCaseRequestSyntaxTests.RequestConstituentsComposeWithoutChangingOriginalInput(text: "Could you kindly lowercase  'É'.", operation: "lower", key: 201) [< 1 ms]
  Passed CnetControlPlane.Tests.LearningCaseRequestSyntaxTests.RequestConstituentsComposeWithoutChangingOriginalInput(text: "Would you please uppercase letter  'µ'.", operation: "upper", key: 181) [< 1 ms]
  Passed CnetControlPlane.Tests.LearningCaseRequestSyntaxTests.RequestConstituentsComposeWithoutChangingOriginalInput(text: "Would you please write the character 'ñ' in caps.", operation: "upper", key: 241) [< 1 ms]
  Passed CnetControlPlane.Tests.LearningCaseRequestSyntaxTests.RequestConstituentsComposeWithoutChangingOriginalInput(text: "Would you please convert 'ö' to uppercase!", operation: "upper", key: 246) [< 1 ms]
  Passed CnetControlPlane.Tests.LearningCaseRequestSyntaxTests.RequestConstituentsComposeWithoutChangingOriginalInput(text: "uppercase letter  'µ'?", operation: "upper", key: 181) [< 1 ms]
  Passed CnetControlPlane.Tests.LearningCaseRequestSyntaxTests.RequestConstituentsComposeWithoutChangingOriginalInput(text: "render character 'À' in lowercase.", operation: "lower", key: 192) [< 1 ms]
  Passed CnetControlPlane.Tests.LearningCaseRequestSyntaxTests.RequestConstituentsComposeWithoutChangingOriginalInput(text: "Please, convert the single quoted character 'ö' to"···, operation: "upper", key: 246) [< 1 ms]
  Passed CnetControlPlane.Tests.LearningCaseRequestSyntaxTests.RequestConstituentsComposeWithoutChangingOriginalInput(text: "uppercase character  'µ'!", operation: "upper", key: 181) [< 1 ms]
  Passed CnetControlPlane.Tests.LearningCaseRequestSyntaxTests.RequestConstituentsComposeWithoutChangingOriginalInput(text: "Would you please lowercase  'É'!", operation: "lower", key: 201) [< 1 ms]
  Passed CnetControlPlane.Tests.LearningCaseRequestSyntaxTests.RequestConstituentsComposeWithoutChangingOriginalInput(text: "Could you kindly write character 'ñ' in caps?", operation: "upper", key: 241) [< 1 ms]
  Passed CnetControlPlane.Tests.LearningCaseRequestSyntaxTests.RequestConstituentsComposeWithoutChangingOriginalInput(text: "Would you please uppercase character  'µ'!", operation: "upper", key: 181) [< 1 ms]
  Passed CnetControlPlane.Tests.LearningCaseRequestSyntaxTests.RequestConstituentsComposeWithoutChangingOriginalInput(text: "Please, convert the character 'ö' to uppercase!", operation: "upper", key: 246) [< 1 ms]
  Passed CnetControlPlane.Tests.LearningCaseRequestSyntaxTests.RequestConstituentsComposeWithoutChangingOriginalInput(text: "Please, lowercase letter  'É'!", operation: "lower", key: 201) [< 1 ms]
  Passed CnetControlPlane.Tests.LearningCaseRequestSyntaxTests.RequestConstituentsComposeWithoutChangingOriginalInput(text: "Would you please render character 'À' in lowercase"···, operation: "lower", key: 192) [< 1 ms]
  Passed CnetControlPlane.Tests.LearningCaseRequestSyntaxTests.RequestConstituentsComposeWithoutChangingOriginalInput(text: "Would you please uppercase  'µ'!", operation: "upper", key: 181) [< 1 ms]
  Passed CnetControlPlane.Tests.LearningCaseRequestSyntaxTests.RequestConstituentsComposeWithoutChangingOriginalInput(text: "render the single quoted character 'À' in lowercas"···, operation: "lower", key: 192) [< 1 ms]
  Passed CnetControlPlane.Tests.LearningCaseRequestSyntaxTests.RequestConstituentsComposeWithoutChangingOriginalInput(text: "Would you please uppercase the character  'µ'!", operation: "upper", key: 181) [< 1 ms]
  Passed CnetControlPlane.Tests.LearningCaseRequestSyntaxTests.RequestConstituentsComposeWithoutChangingOriginalInput(text: "Would you please lowercase the single quoted chara"···, operation: "lower", key: 201) [< 1 ms]
  Passed CnetControlPlane.Tests.LearningCaseRequestSyntaxTests.RequestConstituentsComposeWithoutChangingOriginalInput(text: "uppercase character  'µ'.", operation: "upper", key: 181) [< 1 ms]
  Passed CnetControlPlane.Tests.LearningCaseRequestSyntaxTests.RequestConstituentsComposeWithoutChangingOriginalInput(text: "uppercase character  'µ'?", operation: "upper", key: 181) [< 1 ms]
  Passed CnetControlPlane.Tests.LearningCaseRequestSyntaxTests.RequestConstituentsComposeWithoutChangingOriginalInput(text: "Could you kindly lowercase the character  'É'!", operation: "lower", key: 201) [< 1 ms]
  Passed CnetControlPlane.Tests.LearningCaseRequestSyntaxTests.RequestConstituentsComposeWithoutChangingOriginalInput(text: "Would you please uppercase  'µ'?", operation: "upper", key: 181) [< 1 ms]
  Passed CnetControlPlane.Tests.LearningCaseRequestSyntaxTests.RequestConstituentsComposeWithoutChangingOriginalInput(text: "Could you kindly uppercase  'µ'.", operation: "upper", key: 181) [< 1 ms]
  Passed CnetControlPlane.Tests.LearningCaseRequestSyntaxTests.RequestConstituentsComposeWithoutChangingOriginalInput(text: "Please, lowercase the single quoted character  'É'"···, operation: "lower", key: 201) [< 1 ms]
  Passed CnetControlPlane.Tests.LearningCaseRequestSyntaxTests.RequestConstituentsComposeWithoutChangingOriginalInput(text: "Could you kindly uppercase the character  'µ'!", operation: "upper", key: 181) [< 1 ms]
  Passed CnetControlPlane.Tests.LearningCaseRequestSyntaxTests.RequestConstituentsComposeWithoutChangingOriginalInput(text: "Could you kindly write the single quoted character"···, operation: "upper", key: 241) [< 1 ms]
  Passed CnetControlPlane.Tests.LearningCaseRequestSyntaxTests.RequestConstituentsComposeWithoutChangingOriginalInput(text: "Could you kindly convert the character 'ö' to uppe"···, operation: "upper", key: 246) [< 1 ms]
  Passed CnetControlPlane.Tests.LearningCaseRequestSyntaxTests.RequestConstituentsComposeWithoutChangingOriginalInput(text: "Would you please uppercase letter  'µ'?", operation: "upper", key: 181) [< 1 ms]
  Passed CnetControlPlane.Tests.LearningCaseRequestSyntaxTests.RequestConstituentsComposeWithoutChangingOriginalInput(text: "Would you please lowercase character  'É'?", operation: "lower", key: 201) [< 1 ms]
  Passed CnetControlPlane.Tests.LearningCaseRequestSyntaxTests.RequestConstituentsComposeWithoutChangingOriginalInput(text: "Would you please uppercase the single quoted chara"···, operation: "upper", key: 181) [< 1 ms]
  Passed CnetControlPlane.Tests.LearningCaseRequestSyntaxTests.RequestConstituentsComposeWithoutChangingOriginalInput(text: "Could you kindly uppercase the character  'µ'.", operation: "upper", key: 181) [< 1 ms]
  Passed CnetControlPlane.Tests.LearningCaseRequestSyntaxTests.RequestConstituentsComposeWithoutChangingOriginalInput(text: "Please, lowercase the character  'É'?", operation: "lower", key: 201) [< 1 ms]
  Passed CnetControlPlane.Tests.LearningCaseRequestSyntaxTests.RequestConstituentsComposeWithoutChangingOriginalInput(text: "write 'ñ' in caps.", operation: "upper", key: 241) [< 1 ms]
  Passed CnetControlPlane.Tests.LearningCaseVocabularyTests.MissingOrConflictingRolesNeverBecomeExecutable(text: "Map 'A' to small.", status: "abstain") [1 ms]
  Passed CnetControlPlane.Tests.LearningCaseRequestSyntaxTests.RequestConstituentsComposeWithoutChangingOriginalInput(text: "Could you kindly render the single quoted characte"···, operation: "lower", key: 192) [< 1 ms]
  Passed CnetControlPlane.Tests.LearningCaseRequestSyntaxTests.RequestConstituentsComposeWithoutChangingOriginalInput(text: "convert the single quoted character 'ö' to upperca"···, operation: "upper", key: 246) [< 1 ms]
  Passed CnetControlPlane.Tests.LearningCaseRequestSyntaxTests.RequestConstituentsComposeWithoutChangingOriginalInput(text: "Could you kindly lowercase the character  'É'.", operation: "lower", key: 201) [< 1 ms]
  Passed CnetControlPlane.Tests.LearningCaseRequestSyntaxTests.RequestConstituentsComposeWithoutChangingOriginalInput(text: "Please, uppercase character  'µ'.", operation: "upper", key: 181) [< 1 ms]
  Passed CnetControlPlane.Tests.LearningCaseRequestSyntaxTests.RequestConstituentsComposeWithoutChangingOriginalInput(text: "Could you kindly lowercase letter  'É'?", operation: "lower", key: 201) [< 1 ms]
  Passed CnetControlPlane.Tests.LearningCaseRequestSyntaxTests.RequestConstituentsComposeWithoutChangingOriginalInput(text: "Please, convert character 'ö' to uppercase!", operation: "upper", key: 246) [< 1 ms]
  Passed CnetControlPlane.Tests.LearningCaseRequestSyntaxTests.RequestConstituentsComposeWithoutChangingOriginalInput(text: "Would you please uppercase the character  'µ'.", operation: "upper", key: 181) [< 1 ms]
  Passed CnetControlPlane.Tests.LearningCaseRequestSyntaxTests.RequestConstituentsComposeWithoutChangingOriginalInput(text: "Please, uppercase  'µ'.", operation: "upper", key: 181) [< 1 ms]
  Passed CnetControlPlane.Tests.LearningCaseRequestSyntaxTests.RequestConstituentsComposeWithoutChangingOriginalInput(text: "Please, write 'ñ' in caps!", operation: "upper", key: 241) [< 1 ms]
  Passed CnetControlPlane.Tests.LearningCaseRequestSyntaxTests.RequestConstituentsComposeWithoutChangingOriginalInput(text: "Would you please convert letter 'ö' to uppercase!", operation: "upper", key: 246) [< 1 ms]
  Passed CnetControlPlane.Tests.LearningCaseRequestSyntaxTests.RequestConstituentsComposeWithoutChangingOriginalInput(text: "write the character 'ñ' in caps.", operation: "upper", key: 241) [< 1 ms]
  Passed CnetControlPlane.Tests.LearningCaseRequestSyntaxTests.RequestConstituentsComposeWithoutChangingOriginalInput(text: "Could you kindly convert the character 'ö' to uppe"···, operation: "upper", key: 246) [< 1 ms]
  Passed CnetControlPlane.Tests.LearningCaseRequestSyntaxTests.RequestConstituentsComposeWithoutChangingOriginalInput(text: "Would you please write letter 'ñ' in caps.", operation: "upper", key: 241) [< 1 ms]
  Passed CnetControlPlane.Tests.LearningCaseRequestSyntaxTests.RequestConstituentsComposeWithoutChangingOriginalInput(text: "Please, uppercase character  'µ'!", operation: "upper", key: 181) [< 1 ms]
  Passed CnetControlPlane.Tests.LearningCaseRequestSyntaxTests.RequestConstituentsComposeWithoutChangingOriginalInput(text: "Would you please convert the single quoted charact"···, operation: "upper", key: 246) [< 1 ms]
  Passed CnetControlPlane.Tests.LearningCaseRequestSyntaxTests.RequestConstituentsComposeWithoutChangingOriginalInput(text: "Please, convert the single quoted character 'ö' to"···, operation: "upper", key: 246) [< 1 ms]
  Passed CnetControlPlane.Tests.LearningCaseRequestSyntaxTests.RequestConstituentsComposeWithoutChangingOriginalInput(text: "Would you please convert the character 'ö' to uppe"···, operation: "upper", key: 246) [< 1 ms]
  Passed CnetControlPlane.Tests.LearningCaseRequestSyntaxTests.RequestConstituentsComposeWithoutChangingOriginalInput(text: "Please, convert character 'ö' to uppercase.", operation: "upper", key: 246) [< 1 ms]
  Passed CnetControlPlane.Tests.LearningCaseRequestSyntaxTests.RequestConstituentsComposeWithoutChangingOriginalInput(text: "convert the single quoted character 'ö' to upperca"···, operation: "upper", key: 246) [< 1 ms]
  Passed CnetControlPlane.Tests.LearningCaseRequestSyntaxTests.RequestConstituentsComposeWithoutChangingOriginalInput(text: "Could you kindly uppercase letter  'µ'!", operation: "upper", key: 181) [< 1 ms]
  Passed CnetControlPlane.Tests.LearningCaseRequestSyntaxTests.RequestConstituentsComposeWithoutChangingOriginalInput(text: "lowercase the single quoted character  'É'!", operation: "lower", key: 201) [< 1 ms]
  Passed CnetControlPlane.Tests.LearningCaseRequestSyntaxTests.RequestConstituentsComposeWithoutChangingOriginalInput(text: "Could you kindly render letter 'À' in lowercase.", operation: "lower", key: 192) [< 1 ms]
  Passed CnetControlPlane.Tests.LearningCaseRequestSyntaxTests.RequestConstituentsComposeWithoutChangingOriginalInput(text: "Could you kindly write letter 'ñ' in caps?", operation: "upper", key: 241) [< 1 ms]
  Passed CnetControlPlane.Tests.LearningCaseRequestSyntaxTests.RequestConstituentsComposeWithoutChangingOriginalInput(text: "Could you kindly lowercase the single quoted chara"···, operation: "lower", key: 201) [< 1 ms]
  Passed CnetControlPlane.Tests.LearningCaseRequestSyntaxTests.RequestConstituentsComposeWithoutChangingOriginalInput(text: "Would you please render the single quoted characte"···, operation: "lower", key: 192) [< 1 ms]
  Passed CnetControlPlane.Tests.LearningCaseRequestSyntaxTests.RequestConstituentsComposeWithoutChangingOriginalInput(text: "Please, render 'À' in lowercase?", operation: "lower", key: 192) [< 1 ms]
  Passed CnetControlPlane.Tests.LearningCaseRequestSyntaxTests.RequestConstituentsComposeWithoutChangingOriginalInput(text: "Would you please write the character 'ñ' in caps!", operation: "upper", key: 241) [< 1 ms]
  Passed CnetControlPlane.Tests.LearningCaseRequestSyntaxTests.RequestConstituentsComposeWithoutChangingOriginalInput(text: "Please, uppercase character  'µ'?", operation: "upper", key: 181) [< 1 ms]
  Passed CnetControlPlane.Tests.LearningCaseRequestSyntaxTests.RequestConstituentsComposeWithoutChangingOriginalInput(text: "Would you please write letter 'ñ' in caps?", operation: "upper", key: 241) [< 1 ms]
  Passed CnetControlPlane.Tests.LearningCaseRequestSyntaxTests.RequestConstituentsComposeWithoutChangingOriginalInput(text: "lowercase  'É'!", operation: "lower", key: 201) [< 1 ms]
  Passed CnetControlPlane.Tests.LearningCaseRequestSyntaxTests.RequestConstituentsComposeWithoutChangingOriginalInput(text: "Could you kindly render letter 'À' in lowercase!", operation: "lower", key: 192) [< 1 ms]
  Passed CnetControlPlane.Tests.LearningCaseRequestSyntaxTests.RequestConstituentsComposeWithoutChangingOriginalInput(text: "render letter 'À' in lowercase.", operation: "lower", key: 192) [< 1 ms]
  Passed CnetControlPlane.Tests.LearningCaseRequestSyntaxTests.RequestConstituentsComposeWithoutChangingOriginalInput(text: "write the single quoted character 'ñ' in caps?", operation: "upper", key: 241) [< 1 ms]
  Passed CnetControlPlane.Tests.LearningCaseRequestSyntaxTests.RequestConstituentsComposeWithoutChangingOriginalInput(text: "Would you please render letter 'À' in lowercase.", operation: "lower", key: 192) [< 1 ms]
  Passed CnetControlPlane.Tests.LearningCaseRequestSyntaxTests.RequestConstituentsComposeWithoutChangingOriginalInput(text: "convert 'ö' to uppercase.", operation: "upper", key: 246) [< 1 ms]
  Passed CnetControlPlane.Tests.LearningCaseRequestSyntaxTests.RequestConstituentsComposeWithoutChangingOriginalInput(text: "Please, render letter 'À' in lowercase?", operation: "lower", key: 192) [< 1 ms]
  Passed CnetControlPlane.Tests.LearningCaseRequestSyntaxTests.RequestConstituentsComposeWithoutChangingOriginalInput(text: "write character 'ñ' in caps.", operation: "upper", key: 241) [< 1 ms]
  Passed CnetControlPlane.Tests.LearningCaseRequestSyntaxTests.RequestConstituentsComposeWithoutChangingOriginalInput(text: "lowercase the character  'É'!", operation: "lower", key: 201) [< 1 ms]
  Passed CnetControlPlane.Tests.LearningCaseRequestSyntaxTests.RequestConstituentsComposeWithoutChangingOriginalInput(text: "convert 'ö' to uppercase?", operation: "upper", key: 246) [< 1 ms]
  Passed CnetControlPlane.Tests.LearningCaseRequestSyntaxTests.RequestConstituentsComposeWithoutChangingOriginalInput(text: "Please, uppercase letter  'µ'?", operation: "upper", key: 181) [< 1 ms]
  Passed CnetControlPlane.Tests.LearningCaseRequestSyntaxTests.RequestConstituentsComposeWithoutChangingOriginalInput(text: "lowercase the character  'É'.", operation: "lower", key: 201) [< 1 ms]
  Passed CnetControlPlane.Tests.LearningCaseRequestSyntaxTests.RequestConstituentsComposeWithoutChangingOriginalInput(text: "Would you please render the single quoted characte"···, operation: "lower", key: 192) [< 1 ms]
  Passed CnetControlPlane.Tests.LearningCaseRequestSyntaxTests.RequestConstituentsComposeWithoutChangingOriginalInput(text: "Would you please write the character 'ñ' in caps?", operation: "upper", key: 241) [< 1 ms]
  Passed CnetControlPlane.Tests.LearningCaseRequestSyntaxTests.RequestConstituentsComposeWithoutChangingOriginalInput(text: "Would you please render 'À' in lowercase!", operation: "lower", key: 192) [< 1 ms]
  Passed CnetControlPlane.Tests.LearningCaseRequestSyntaxTests.RequestConstituentsComposeWithoutChangingOriginalInput(text: "lowercase character  'É'!", operation: "lower", key: 201) [< 1 ms]
  Passed CnetControlPlane.Tests.LearningCaseRequestSyntaxTests.RequestConstituentsComposeWithoutChangingOriginalInput(text: "Please, convert letter 'ö' to uppercase.", operation: "upper", key: 246) [< 1 ms]
  Passed CnetControlPlane.Tests.LearningCaseRequestSyntaxTests.RequestConstituentsComposeWithoutChangingOriginalInput(text: "write 'ñ' in caps?", operation: "upper", key: 241) [< 1 ms]
  Passed CnetControlPlane.Tests.LearningCaseRequestSyntaxTests.RequestConstituentsComposeWithoutChangingOriginalInput(text: "Please, write the single quoted character 'ñ' in c"···, operation: "upper", key: 241) [< 1 ms]
  Passed CnetControlPlane.Tests.LearningCaseRequestSyntaxTests.RequestConstituentsComposeWithoutChangingOriginalInput(text: "Could you kindly convert letter 'ö' to uppercase!", operation: "upper", key: 246) [< 1 ms]
  Passed CnetControlPlane.Tests.LearningCaseRequestSyntaxTests.RequestConstituentsComposeWithoutChangingOriginalInput(text: "Would you please render letter 'À' in lowercase!", operation: "lower", key: 192) [< 1 ms]
  Passed CnetControlPlane.Tests.LearningCaseRequestSyntaxTests.RequestConstituentsComposeWithoutChangingOriginalInput(text: "Could you kindly render character 'À' in lowercase"···, operation: "lower", key: 192) [< 1 ms]
  Passed CnetControlPlane.Tests.LearningCaseRequestSyntaxTests.RequestConstituentsComposeWithoutChangingOriginalInput(text: "Please, write letter 'ñ' in caps?", operation: "upper", key: 241) [< 1 ms]
  Passed CnetControlPlane.Tests.LearningCaseRequestSyntaxTests.RequestConstituentsComposeWithoutChangingOriginalInput(text: "convert letter 'ö' to uppercase!", operation: "upper", key: 246) [< 1 ms]
  Passed CnetControlPlane.Tests.LearningCaseRequestSyntaxTests.RequestConstituentsComposeWithoutChangingOriginalInput(text: "Would you please uppercase the single quoted chara"···, operation: "upper", key: 181) [< 1 ms]
  Passed CnetControlPlane.Tests.LearningCaseRequestSyntaxTests.RequestConstituentsComposeWithoutChangingOriginalInput(text: "write letter 'ñ' in caps?", operation: "upper", key: 241) [< 1 ms]
  Passed CnetControlPlane.Tests.LearningCaseRequestSyntaxTests.RequestConstituentsComposeWithoutChangingOriginalInput(text: "Would you please write the single quoted character"···, operation: "upper", key: 241) [< 1 ms]
  Passed CnetControlPlane.Tests.LearningCaseRequestSyntaxTests.RequestConstituentsComposeWithoutChangingOriginalInput(text: "Please, write 'ñ' in caps?", operation: "upper", key: 241) [< 1 ms]
  Passed CnetControlPlane.Tests.LearningCaseRequestSyntaxTests.RequestConstituentsComposeWithoutChangingOriginalInput(text: "Could you kindly convert the single quoted charact"···, operation: "upper", key: 246) [< 1 ms]
  Passed CnetControlPlane.Tests.LearningCaseRequestSyntaxTests.RequestConstituentsComposeWithoutChangingOriginalInput(text: "Please, write character 'ñ' in caps!", operation: "upper", key: 241) [< 1 ms]
  Passed CnetControlPlane.Tests.LearningCaseRequestSyntaxTests.RequestConstituentsComposeWithoutChangingOriginalInput(text: "Would you please render 'À' in lowercase?", operation: "lower", key: 192) [< 1 ms]
  Passed CnetControlPlane.Tests.LearningCaseRequestSyntaxTests.RequestConstituentsComposeWithoutChangingOriginalInput(text: "Would you please uppercase  'µ'.", operation: "upper", key: 181) [< 1 ms]
  Passed CnetControlPlane.Tests.LearningCaseRequestSyntaxTests.RequestConstituentsComposeWithoutChangingOriginalInput(text: "Would you please uppercase the character  'µ'?", operation: "upper", key: 181) [< 1 ms]
  Passed CnetControlPlane.Tests.LearningCaseRequestSyntaxTests.RequestConstituentsComposeWithoutChangingOriginalInput(text: "lowercase the character  'É'?", operation: "lower", key: 201) [< 1 ms]
  Passed CnetControlPlane.Tests.LearningCaseRequestSyntaxTests.RequestConstituentsComposeWithoutChangingOriginalInput(text: "Could you kindly write the character 'ñ' in caps.", operation: "upper", key: 241) [< 1 ms]
  Passed CnetControlPlane.Tests.LearningCaseRequestSyntaxTests.RequestConstituentsComposeWithoutChangingOriginalInput(text: "write character 'ñ' in caps!", operation: "upper", key: 241) [< 1 ms]
  Passed CnetControlPlane.Tests.LearningCaseRequestSyntaxTests.RequestConstituentsComposeWithoutChangingOriginalInput(text: "Would you please convert character 'ö' to uppercas"···, operation: "upper", key: 246) [< 1 ms]
  Passed CnetControlPlane.Tests.LearningCaseRequestSyntaxTests.RequestConstituentsComposeWithoutChangingOriginalInput(text: "Could you kindly uppercase the single quoted chara"···, operation: "upper", key: 181) [< 1 ms]
  Passed CnetControlPlane.Tests.LearningCaseRequestSyntaxTests.RequestConstituentsComposeWithoutChangingOriginalInput(text: "Could you kindly write the character 'ñ' in caps!", operation: "upper", key: 241) [42 ms]
  Passed CnetControlPlane.Tests.LearningCaseRequestSyntaxTests.RequestConstituentsComposeWithoutChangingOriginalInput(text: "Could you kindly render the character 'À' in lower"···, operation: "lower", key: 192) [< 1 ms]
  Passed CnetControlPlane.Tests.LearningCaseRequestSyntaxTests.RequestConstituentsComposeWithoutChangingOriginalInput(text: "Please, convert 'ö' to uppercase!", operation: "upper", key: 246) [< 1 ms]
  Passed CnetControlPlane.Tests.LearningCaseRequestSyntaxTests.RequestConstituentsComposeWithoutChangingOriginalInput(text: "Please, render 'À' in lowercase.", operation: "lower", key: 192) [< 1 ms]
  Passed CnetControlPlane.Tests.LearningCaseRequestSyntaxTests.RequestConstituentsComposeWithoutChangingOriginalInput(text: "write the character 'ñ' in caps?", operation: "upper", key: 241) [< 1 ms]
  Passed CnetControlPlane.Tests.LearningCaseRequestSyntaxTests.RequestConstituentsComposeWithoutChangingOriginalInput(text: "Please, uppercase the single quoted character  'µ'"···, operation: "upper", key: 181) [< 1 ms]
  Passed CnetControlPlane.Tests.LearningCaseRequestSyntaxTests.RequestConstituentsComposeWithoutChangingOriginalInput(text: "uppercase the single quoted character  'µ'!", operation: "upper", key: 181) [< 1 ms]
  Passed CnetControlPlane.Tests.LearningCaseRequestSyntaxTests.RequestConstituentsComposeWithoutChangingOriginalInput(text: "Please, lowercase  'É'!", operation: "lower", key: 201) [< 1 ms]
  Passed CnetControlPlane.Tests.LearningCaseRequestSyntaxTests.RequestConstituentsComposeWithoutChangingOriginalInput(text: "Could you kindly write character 'ñ' in caps!", operation: "upper", key: 241) [< 1 ms]
  Passed CnetControlPlane.Tests.LearningCaseRequestSyntaxTests.RequestConstituentsComposeWithoutChangingOriginalInput(text: "render the single quoted character 'À' in lowercas"···, operation: "lower", key: 192) [< 1 ms]
  Passed CnetControlPlane.Tests.LearningCaseRequestSyntaxTests.RequestConstituentsComposeWithoutChangingOriginalInput(text: "lowercase  'É'.", operation: "lower", key: 201) [< 1 ms]
  Passed CnetControlPlane.Tests.LearningCaseVocabularyTests.MissingOrConflictingRolesNeverBecomeExecutable(text: "Convert to uppercase whichever single letter is in"···, status: "clarify") [44 ms]
  Passed CnetControlPlane.Tests.LearningCaseRequestSyntaxTests.RequestConstituentsComposeWithoutChangingOriginalInput(text: "convert character 'ö' to uppercase!", operation: "upper", key: 246) [< 1 ms]
  Passed CnetControlPlane.Tests.LearningCaseRequestSyntaxTests.RequestConstituentsComposeWithoutChangingOriginalInput(text: "Would you please convert character 'ö' to uppercas"···, operation: "upper", key: 246) [< 1 ms]
  Passed CnetControlPlane.Tests.LearningCaseRequestSyntaxTests.RequestConstituentsComposeWithoutChangingOriginalInput(text: "convert the single quoted character 'ö' to upperca"···, operation: "upper", key: 246) [< 1 ms]
  Passed CnetControlPlane.Tests.LearningCaseRequestSyntaxTests.RequestConstituentsComposeWithoutChangingOriginalInput(text: "write letter 'ñ' in caps.", operation: "upper", key: 241) [< 1 ms]
  Passed CnetControlPlane.Tests.LearningCaseRequestSyntaxTests.RequestConstituentsComposeWithoutChangingOriginalInput(text: "Could you kindly lowercase character  'É'.", operation: "lower", key: 201) [< 1 ms]
  Passed CnetControlPlane.Tests.LearningCaseRequestSyntaxTests.RequestConstituentsComposeWithoutChangingOriginalInput(text: "Please, lowercase the character  'É'.", operation: "lower", key: 201) [< 1 ms]
  Passed CnetControlPlane.Tests.LearningCaseRequestSyntaxTests.RequestConstituentsComposeWithoutChangingOriginalInput(text: "lowercase the single quoted character  'É'.", operation: "lower", key: 201) [< 1 ms]
  Passed CnetControlPlane.Tests.LearningCaseRequestSyntaxTests.RequestConstituentsComposeWithoutChangingOriginalInput(text: "Could you kindly render the single quoted characte"···, operation: "lower", key: 192) [< 1 ms]
  Passed CnetControlPlane.Tests.LearningCaseRequestSyntaxTests.RequestConstituentsComposeWithoutChangingOriginalInput(text: "Could you kindly convert the single quoted charact"···, operation: "upper", key: 246) [< 1 ms]
  Passed CnetControlPlane.Tests.LearningCaseRequestSyntaxTests.RequestConstituentsComposeWithoutChangingOriginalInput(text: "Would you please write character 'ñ' in caps!", operation: "upper", key: 241) [< 1 ms]
  Passed CnetControlPlane.Tests.LearningCaseRequestSyntaxTests.RequestConstituentsComposeWithoutChangingOriginalInput(text: "Please, render letter 'À' in lowercase.", operation: "lower", key: 192) [< 1 ms]
  Passed CnetControlPlane.Tests.LearningCaseRequestSyntaxTests.RequestConstituentsComposeWithoutChangingOriginalInput(text: "Please, convert 'ö' to uppercase.", operation: "upper", key: 246) [< 1 ms]
  Passed CnetControlPlane.Tests.LearningCaseRequestSyntaxTests.RequestConstituentsComposeWithoutChangingOriginalInput(text: "Would you please write letter 'ñ' in caps!", operation: "upper", key: 241) [< 1 ms]
  Passed CnetControlPlane.Tests.LearningCaseRequestSyntaxTests.RequestConstituentsComposeWithoutChangingOriginalInput(text: "Could you kindly convert letter 'ö' to uppercase?", operation: "upper", key: 246) [< 1 ms]
  Passed CnetControlPlane.Tests.LearningCaseRequestSyntaxTests.RequestConstituentsComposeWithoutChangingOriginalInput(text: "Please, lowercase character  'É'.", operation: "lower", key: 201) [< 1 ms]
  Passed CnetControlPlane.Tests.LearningCaseRequestSyntaxTests.RequestConstituentsComposeWithoutChangingOriginalInput(text: "Please, write character 'ñ' in caps.", operation: "upper", key: 241) [< 1 ms]
  Passed CnetControlPlane.Tests.LearningCaseRequestSyntaxTests.RequestConstituentsComposeWithoutChangingOriginalInput(text: "convert the character 'ö' to uppercase!", operation: "upper", key: 246) [< 1 ms]
  Passed CnetControlPlane.Tests.LearningCaseRequestSyntaxTests.RequestConstituentsComposeWithoutChangingOriginalInput(text: "Could you kindly lowercase the single quoted chara"···, operation: "lower", key: 201) [< 1 ms]
  Passed CnetControlPlane.Tests.LearningCaseRequestSyntaxTests.RequestConstituentsComposeWithoutChangingOriginalInput(text: "Would you please render the single quoted characte"···, operation: "lower", key: 192) [< 1 ms]
  Passed CnetControlPlane.Tests.LearningCaseRequestSyntaxTests.RequestConstituentsComposeWithoutChangingOriginalInput(text: "Could you kindly uppercase letter  'µ'.", operation: "upper", key: 181) [< 1 ms]
  Passed CnetControlPlane.Tests.LearningCaseRequestSyntaxTests.RequestConstituentsComposeWithoutChangingOriginalInput(text: "Would you please lowercase  'É'?", operation: "lower", key: 201) [< 1 ms]
  Passed CnetControlPlane.Tests.LearningCaseRequestSyntaxTests.RequestConstituentsComposeWithoutChangingOriginalInput(text: "Would you please lowercase  'É'.", operation: "lower", key: 201) [< 1 ms]
  Passed CnetControlPlane.Tests.LearningCaseRequestSyntaxTests.RequestConstituentsComposeWithoutChangingOriginalInput(text: "uppercase the single quoted character  'µ'.", operation: "upper", key: 181) [< 1 ms]
  Passed CnetControlPlane.Tests.LearningCaseRequestSyntaxTests.RequestConstituentsComposeWithoutChangingOriginalInput(text: "Could you kindly convert letter 'ö' to uppercase.", operation: "upper", key: 246) [< 1 ms]
  Passed CnetControlPlane.Tests.LearningCaseVocabularyTests.MissingOrConflictingRolesNeverBecomeExecutable(text: "Downcase U+000A.", status: "abstain") [< 1 ms]
  Passed CnetControlPlane.Tests.LearningCaseRequestSyntaxTests.RequestConstituentsComposeWithoutChangingOriginalInput(text: "Please, render 'À' in lowercase!", operation: "lower", key: 192) [< 1 ms]
  Passed CnetControlPlane.Tests.LearningCaseRequestSyntaxTests.RequestConstituentsComposeWithoutChangingOriginalInput(text: "Please, lowercase the single quoted character  'É'"···, operation: "lower", key: 201) [< 1 ms]
  Passed CnetControlPlane.Tests.LearningCaseRequestSyntaxTests.RequestConstituentsComposeWithoutChangingOriginalInput(text: "Could you kindly render character 'À' in lowercase"···, operation: "lower", key: 192) [< 1 ms]
  Passed CnetControlPlane.Tests.LearningCaseRequestSyntaxTests.RequestConstituentsComposeWithoutChangingOriginalInput(text: "convert 'ö' to uppercase!", operation: "upper", key: 246) [< 1 ms]
  Passed CnetControlPlane.Tests.LearningCaseRequestSyntaxTests.RequestConstituentsComposeWithoutChangingOriginalInput(text: "Would you please lowercase letter  'É'.", operation: "lower", key: 201) [< 1 ms]
  Passed CnetControlPlane.Tests.LearningCaseRequestSyntaxTests.RequestConstituentsComposeWithoutChangingOriginalInput(text: "Please, convert the single quoted character 'ö' to"···, operation: "upper", key: 246) [< 1 ms]
  Passed CnetControlPlane.Tests.LearningCaseRequestSyntaxTests.RequestConstituentsComposeWithoutChangingOriginalInput(text: "Would you please lowercase character  'É'!", operation: "lower", key: 201) [< 1 ms]
  Passed CnetControlPlane.Tests.LearningCaseRequestSyntaxTests.RequestConstituentsComposeWithoutChangingOriginalInput(text: "Would you please uppercase character  'µ'.", operation: "upper", key: 181) [< 1 ms]
  Passed CnetControlPlane.Tests.LearningCaseRequestSyntaxTests.RequestConstituentsComposeWithoutChangingOriginalInput(text: "write letter 'ñ' in caps!", operation: "upper", key: 241) [< 1 ms]
  Passed CnetControlPlane.Tests.LearningCaseRequestSyntaxTests.RequestConstituentsComposeWithoutChangingOriginalInput(text: "Could you kindly write letter 'ñ' in caps!", operation: "upper", key: 241) [< 1 ms]
  Passed CnetControlPlane.Tests.LearningCaseRequestSyntaxTests.RequestConstituentsComposeWithoutChangingOriginalInput(text: "Would you please render 'À' in lowercase.", operation: "lower", key: 192) [< 1 ms]
  Passed CnetControlPlane.Tests.LearningCaseRequestSyntaxTests.RequestConstituentsComposeWithoutChangingOriginalInput(text: "Would you please convert 'ö' to uppercase.", operation: "upper", key: 246) [< 1 ms]
  Passed CnetControlPlane.Tests.LearningCaseRequestSyntaxTests.RequestConstituentsComposeWithoutChangingOriginalInput(text: "Could you kindly lowercase character  'É'!", operation: "lower", key: 201) [< 1 ms]
  Passed CnetControlPlane.Tests.LearningCaseRequestSyntaxTests.RequestConstituentsComposeWithoutChangingOriginalInput(text: "Please, uppercase  'µ'?", operation: "upper", key: 181) [< 1 ms]
  Passed CnetControlPlane.Tests.LearningCaseRequestSyntaxTests.RequestConstituentsComposeWithoutChangingOriginalInput(text: "Would you please uppercase character  'µ'?", operation: "upper", key: 181) [< 1 ms]
  Passed CnetControlPlane.Tests.LearningCaseRequestSyntaxTests.RequestConstituentsComposeWithoutChangingOriginalInput(text: "Could you kindly uppercase  'µ'?", operation: "upper", key: 181) [< 1 ms]
  Passed CnetControlPlane.Tests.LearningCaseRequestSyntaxTests.RequestConstituentsComposeWithoutChangingOriginalInput(text: "Would you please lowercase the character  'É'?", operation: "lower", key: 201) [< 1 ms]
  Passed CnetControlPlane.Tests.LearningCaseRequestSyntaxTests.RequestConstituentsComposeWithoutChangingOriginalInput(text: "Please, convert letter 'ö' to uppercase!", operation: "upper", key: 246) [< 1 ms]
  Passed CnetControlPlane.Tests.LearningCaseRequestSyntaxTests.RequestConstituentsComposeWithoutChangingOriginalInput(text: "Could you kindly render letter 'À' in lowercase?", operation: "lower", key: 192) [< 1 ms]
  Passed CnetControlPlane.Tests.LearningCaseRequestSyntaxTests.RequestConstituentsComposeWithoutChangingOriginalInput(text: "Please, render the character 'À' in lowercase?", operation: "lower", key: 192) [< 1 ms]
  Passed CnetControlPlane.Tests.LearningCaseRequestSyntaxTests.RequestConstituentsComposeWithoutChangingOriginalInput(text: "render letter 'À' in lowercase!", operation: "lower", key: 192) [< 1 ms]
  Passed CnetControlPlane.Tests.LearningCaseVocabularyTests.MissingOrConflictingRolesNeverBecomeExecutable(text: "Please uppercase the character specified as U+0218"···, status: "abstain") [< 1 ms]
  Passed CnetControlPlane.Tests.LearningCaseRequestSyntaxTests.RequestConstituentsComposeWithoutChangingOriginalInput(text: "Would you please lowercase the single quoted chara"···, operation: "lower", key: 201) [< 1 ms]
  Passed CnetControlPlane.Tests.LearningCaseRequestSyntaxTests.RequestConstituentsComposeWithoutChangingOriginalInput(text: "Please, uppercase the single quoted character  'µ'"···, operation: "upper", key: 181) [< 1 ms]
  Passed CnetControlPlane.Tests.LearningCaseRequestSyntaxTests.RequestConstituentsComposeWithoutChangingOriginalInput(text: "write the single quoted character 'ñ' in caps!", operation: "upper", key: 241) [< 1 ms]
  Passed CnetControlPlane.Tests.LearningCaseRequestSyntaxTests.RequestConstituentsComposeWithoutChangingOriginalInput(text: "Could you kindly write character 'ñ' in caps.", operation: "upper", key: 241) [< 1 ms]
  Passed CnetControlPlane.Tests.LearningCaseRequestSyntaxTests.RequestConstituentsComposeWithoutChangingOriginalInput(text: "Could you kindly uppercase the single quoted chara"···, operation: "upper", key: 181) [< 1 ms]
  Passed CnetControlPlane.Tests.LearningCaseRequestSyntaxTests.RequestConstituentsComposeWithoutChangingOriginalInput(text: "render the character 'À' in lowercase.", operation: "lower", key: 192) [< 1 ms]
  Passed CnetControlPlane.Tests.LearningCaseRequestSyntaxTests.RequestConstituentsComposeWithoutChangingOriginalInput(text: "Could you kindly convert character 'ö' to uppercas"···, operation: "upper", key: 246) [< 1 ms]
  Passed CnetControlPlane.Tests.LearningCaseRequestSyntaxTests.RequestConstituentsComposeWithoutChangingOriginalInput(text: "Please, convert the character 'ö' to uppercase?", operation: "upper", key: 246) [< 1 ms]
  Passed CnetControlPlane.Tests.LearningCaseRequestSyntaxTests.RequestConstituentsComposeWithoutChangingOriginalInput(text: "uppercase  'µ'.", operation: "upper", key: 181) [< 1 ms]
  Passed CnetControlPlane.Tests.LearningCaseRequestSyntaxTests.RequestConstituentsComposeWithoutChangingOriginalInput(text: "Could you kindly uppercase character  'µ'!", operation: "upper", key: 181) [< 1 ms]
  Passed CnetControlPlane.Tests.LearningCaseRequestSyntaxTests.RequestConstituentsComposeWithoutChangingOriginalInput(text: "lowercase letter  'É'?", operation: "lower", key: 201) [< 1 ms]
  Passed CnetControlPlane.Tests.LearningCaseVocabularyTests.MissingOrConflictingRolesNeverBecomeExecutable(text: "Go ahead and downcase 'A' and send it.", status: "abstain") [< 1 ms]
  Passed CnetControlPlane.Tests.LearningCaseRequestSyntaxTests.RequestConstituentsComposeWithoutChangingOriginalInput(text: "uppercase the character  'µ'?", operation: "upper", key: 181) [< 1 ms]
  Passed CnetControlPlane.Tests.LearningCaseRequestSyntaxTests.RequestConstituentsComposeWithoutChangingOriginalInput(text: "Could you kindly lowercase  'É'!", operation: "lower", key: 201) [< 1 ms]
  Passed CnetControlPlane.Tests.LearningCaseRequestSyntaxTests.RequestConstituentsComposeWithoutChangingOriginalInput(text: "Please, lowercase character  'É'?", operation: "lower", key: 201) [< 1 ms]
  Passed CnetControlPlane.Tests.LearningCaseRequestSyntaxTests.RequestConstituentsComposeWithoutChangingOriginalInput(text: "render 'À' in lowercase.", operation: "lower", key: 192) [< 1 ms]
  Passed CnetControlPlane.Tests.LearningCaseRequestSyntaxTests.RequestConstituentsComposeWithoutChangingOriginalInput(text: "Please, render character 'À' in lowercase.", operation: "lower", key: 192) [< 1 ms]
  Passed CnetControlPlane.Tests.LearningCaseRequestSyntaxTests.RequestConstituentsComposeWithoutChangingOriginalInput(text: "Could you kindly lowercase the single quoted chara"···, operation: "lower", key: 201) [< 1 ms]
  Passed CnetControlPlane.Tests.LearningCaseRequestSyntaxTests.RequestConstituentsComposeWithoutChangingOriginalInput(text: "Would you please render letter 'À' in lowercase?", operation: "lower", key: 192) [< 1 ms]
  Passed CnetControlPlane.Tests.LearningCaseRequestSyntaxTests.RequestConstituentsComposeWithoutChangingOriginalInput(text: "Please, write the character 'ñ' in caps?", operation: "upper", key: 241) [< 1 ms]
  Passed CnetControlPlane.Tests.LearningCaseRequestSyntaxTests.RequestConstituentsComposeWithoutChangingOriginalInput(text: "Please, uppercase letter  'µ'!", operation: "upper", key: 181) [< 1 ms]
  Passed CnetControlPlane.Tests.LearningCaseRequestSyntaxTests.RequestConstituentsComposeWithoutChangingOriginalInput(text: "Could you kindly write the single quoted character"···, operation: "upper", key: 241) [< 1 ms]
  Passed CnetControlPlane.Tests.LearningCaseRequestSyntaxTests.RequestConstituentsComposeWithoutChangingOriginalInput(text: "Please, write the character 'ñ' in caps.", operation: "upper", key: 241) [< 1 ms]
  Passed CnetControlPlane.Tests.LearningCaseVocabularyTests.MissingOrConflictingRolesNeverBecomeExecutable(text: "Map the punctuation U+000A to uppercase.", status: "abstain") [< 1 ms]
  Passed CnetControlPlane.Tests.LearningCaseRequestSyntaxTests.RequestConstituentsComposeWithoutChangingOriginalInput(text: "uppercase the character  'µ'.", operation: "upper", key: 181) [< 1 ms]
  Passed CnetControlPlane.Tests.LearningCaseRequestSyntaxTests.RequestConstituentsComposeWithoutChangingOriginalInput(text: "convert the character 'ö' to uppercase?", operation: "upper", key: 246) [< 1 ms]
  Passed CnetControlPlane.Tests.LearningCaseRequestSyntaxTests.RequestConstituentsComposeWithoutChangingOriginalInput(text: "Could you kindly convert 'ö' to uppercase.", operation: "upper", key: 246) [< 1 ms]
  Passed CnetControlPlane.Tests.LearningCaseRequestSyntaxTests.RequestConstituentsComposeWithoutChangingOriginalInput(text: "Please, uppercase  'µ'!", operation: "upper", key: 181) [< 1 ms]
  Passed CnetControlPlane.Tests.LearningCaseVocabularyTests.MissingOrConflictingRolesNeverBecomeExecutable(text: "Convert the hyphen '+' to uppercase.", status: "clarify") [< 1 ms]
  Passed CnetControlPlane.Tests.LearningCaseRequestSyntaxTests.RequestConstituentsComposeWithoutChangingOriginalInput(text: "Could you kindly write 'ñ' in caps!", operation: "upper", key: 241) [< 1 ms]
  Passed CnetControlPlane.Tests.LearningCaseRequestSyntaxTests.RequestConstituentsComposeWithoutChangingOriginalInput(text: "Would you please lowercase the character  'É'!", operation: "lower", key: 201) [< 1 ms]
  Passed CnetControlPlane.Tests.LearningCaseVocabularyTests.MissingOrConflictingRolesNeverBecomeExecutable(text: "Downcase 'A' and send it.", status: "abstain") [< 1 ms]
  Passed CnetControlPlane.Tests.LearningCaseRequestSyntaxTests.RequestConstituentsComposeWithoutChangingOriginalInput(text: "Would you please render the character 'À' in lower"···, operation: "lower", key: 192) [< 1 ms]
  Passed CnetControlPlane.Tests.LearningCaseRequestSyntaxTests.RequestConstituentsComposeWithoutChangingOriginalInput(text: "Could you kindly lowercase letter  'É'!", operation: "lower", key: 201) [< 1 ms]
  Passed CnetControlPlane.Tests.LearningCaseRequestSyntaxTests.RequestConstituentsComposeWithoutChangingOriginalInput(text: "uppercase the single quoted character  'µ'?", operation: "upper", key: 181) [< 1 ms]
  Passed CnetControlPlane.Tests.LearningCaseVocabularyTests.MissingOrConflictingRolesNeverBecomeExecutable(text: "Convert the hyphen to uppercase.", status: "clarify") [< 1 ms]
  Passed CnetControlPlane.Tests.LearningCaseRequestSyntaxTests.RequestConstituentsComposeWithoutChangingOriginalInput(text: "Please, uppercase the character  'µ'?", operation: "upper", key: 181) [< 1 ms]
  Passed CnetControlPlane.Tests.LearningCaseRequestSyntaxTests.RequestConstituentsComposeWithoutChangingOriginalInput(text: "convert letter 'ö' to uppercase.", operation: "upper", key: 246) [< 1 ms]
  Passed CnetControlPlane.Tests.LearningCaseRequestSyntaxTests.RequestConstituentsComposeWithoutChangingOriginalInput(text: "Could you kindly convert character 'ö' to uppercas"···, operation: "upper", key: 246) [< 1 ms]
  Passed CnetControlPlane.Tests.LearningCaseRequestSyntaxTests.RequestConstituentsComposeWithoutChangingOriginalInput(text: "Could you kindly render 'À' in lowercase.", operation: "lower", key: 192) [< 1 ms]
  Passed CnetControlPlane.Tests.LearningCaseRequestSyntaxTests.RequestConstituentsComposeWithoutChangingOriginalInput(text: "render the single quoted character 'À' in lowercas"···, operation: "lower", key: 192) [< 1 ms]
  Passed CnetControlPlane.Tests.LearningCaseRequestSyntaxTests.RequestConstituentsComposeWithoutChangingOriginalInput(text: "convert character 'ö' to uppercase?", operation: "upper", key: 246) [< 1 ms]
  Passed CnetControlPlane.Tests.LearningCaseRequestSyntaxTests.RequestConstituentsComposeWithoutChangingOriginalInput(text: "Would you please write 'ñ' in caps?", operation: "upper", key: 241) [< 1 ms]
  Passed CnetControlPlane.Tests.LearningCaseRequestSyntaxTests.RequestConstituentsComposeWithoutChangingOriginalInput(text: "Could you kindly convert 'ö' to uppercase?", operation: "upper", key: 246) [< 1 ms]
  Passed CnetControlPlane.Tests.LearningCaseRequestSyntaxTests.RequestConstituentsComposeWithoutChangingOriginalInput(text: "write the character 'ñ' in caps!", operation: "upper", key: 241) [< 1 ms]
  Passed CnetControlPlane.Tests.LearningCaseRequestSyntaxTests.RequestConstituentsComposeWithoutChangingOriginalInput(text: "Would you please uppercase the single quoted chara"···, operation: "upper", key: 181) [< 1 ms]
  Passed CnetControlPlane.Tests.LearningCaseVocabularyTests.MissingOrConflictingRolesNeverBecomeExecutable(text: "Upcase the letters a.", status: "clarify") [< 1 ms]
  Passed CnetControlPlane.Tests.LearningCaseRequestSyntaxTests.RequestConstituentsComposeWithoutChangingOriginalInput(text: "Could you kindly uppercase  'µ'!", operation: "upper", key: 181) [< 1 ms]
  Passed CnetControlPlane.Tests.LearningCaseRequestSyntaxTests.RequestConstituentsComposeWithoutChangingOriginalInput(text: "Would you please convert the single quoted charact"···, operation: "upper", key: 246) [< 1 ms]
  Passed CnetControlPlane.Tests.LearningCaseRequestSyntaxTests.RequestConstituentsComposeWithoutChangingOriginalInput(text: "Could you kindly write the single quoted character"···, operation: "upper", key: 241) [< 1 ms]
  Passed CnetControlPlane.Tests.LearningCaseRequestSyntaxTests.RequestConstituentsComposeWithoutChangingOriginalInput(text: "Would you please convert the character 'ö' to uppe"···, operation: "upper", key: 246) [< 1 ms]
  Passed CnetControlPlane.Tests.LearningCaseRequestSyntaxTests.RequestConstituentsComposeWithoutChangingOriginalInput(text: "lowercase  'É'?", operation: "lower", key: 201) [< 1 ms]
  Passed CnetControlPlane.Tests.LearningCaseRequestSyntaxTests.RequestConstituentsComposeWithoutChangingOriginalInput(text: "Would you please convert letter 'ö' to uppercase?", operation: "upper", key: 246) [< 1 ms]
  Passed CnetControlPlane.Tests.LearningCaseRequestSyntaxTests.RequestConstituentsComposeWithoutChangingOriginalInput(text: "Would you please render the character 'À' in lower"···, operation: "lower", key: 192) [< 1 ms]
  Passed CnetControlPlane.Tests.LearningCaseRequestSyntaxTests.NominalCompatibilityRequestsAreNotClaimedAsUnaryOperands(noun: "character") [< 1 ms]
  Passed CnetControlPlane.Tests.LearningCaseRequestSyntaxTests.NominalCompatibilityRequestsAreNotClaimedAsUnaryOperands(noun: "case conversion") [< 1 ms]
  Passed CnetControlPlane.Tests.LearningCaseRequestSyntaxTests.NominalCompatibilityRequestsAreNotClaimedAsUnaryOperands(noun: "equivalent") [< 1 ms]
  Passed CnetControlPlane.Tests.LearningCaseRequestSyntaxTests.NominalCompatibilityRequestsAreNotClaimedAsUnaryOperands(noun: "rendition") [< 1 ms]
  Passed CnetControlPlane.Tests.LearningCaseRequestSyntaxTests.NominalCompatibilityRequestsAreNotClaimedAsUnaryOperands(noun: "casing") [< 1 ms]
  Passed CnetControlPlane.Tests.LearningCaseRequestSyntaxTests.NominalCompatibilityRequestsAreNotClaimedAsUnaryOperands(noun: "lettering") [< 1 ms]
  Passed CnetControlPlane.Tests.LearningCaseRequestSyntaxTests.NominalCompatibilityRequestsAreNotClaimedAsUnaryOperands(noun: "counterpart") [< 1 ms]
  Passed CnetControlPlane.Tests.LearningCaseRequestSyntaxTests.NominalCompatibilityRequestsAreNotClaimedAsUnaryOperands(noun: "result") [< 1 ms]
  Passed CnetControlPlane.Tests.LearningCaseRequestSyntaxTests.NominalCompatibilityRequestsAreNotClaimedAsUnaryOperands(noun: "letter") [< 1 ms]
  Passed CnetControlPlane.Tests.LearningCaseRequestSyntaxTests.GrammarSpacingAndPunctuationDoNotNormalizeLiteralData(text: "Could you kindly write '!' in caps!", key: 33) [< 1 ms]
  Passed CnetControlPlane.Tests.LearningCaseRequestSyntaxTests.GrammarSpacingAndPunctuationDoNotNormalizeLiteralData(text: "Could you kindly write '.' in caps!", key: 46) [< 1 ms]
  Passed CnetControlPlane.Tests.LearningCaseRequestSyntaxTests.GrammarSpacingAndPunctuationDoNotNormalizeLiteralData(text: "uppercase character: 'a'", key: 97) [< 1 ms]
  Passed CnetControlPlane.Tests.LearningCaseRequestSyntaxTests.GrammarSpacingAndPunctuationDoNotNormalizeLiteralData(text: "Could you kindly write ''' in caps!", key: 39) [< 1 ms]
  Passed CnetControlPlane.Tests.LearningCaseRequestSyntaxTests.GrammarSpacingAndPunctuationDoNotNormalizeLiteralData(text: "Please, uppercase 0x00B5!", key: 181) [< 1 ms]
  Passed CnetControlPlane.Tests.LearningCaseRequestSyntaxTests.GrammarSpacingAndPunctuationDoNotNormalizeLiteralData(text: "Please, uppercase code  point   181!", key: 181) [< 1 ms]
  Passed CnetControlPlane.Tests.LearningCaseRequestSyntaxTests.GrammarSpacingAndPunctuationDoNotNormalizeLiteralData(text: "Could you kindly write ' ' in caps!", key: 32) [< 1 ms]
  Passed CnetControlPlane.Tests.LearningCaseRequestSyntaxTests.NominalDeclarationsKeepTheirExistingOwner(text: "uppercase letter is the desired case for 'a'") [< 1 ms]
  Passed CnetControlPlane.Tests.LearningCaseRequestSyntaxTests.NominalDeclarationsKeepTheirExistingOwner(text: "uppercase character should take 'a' as its input") [< 1 ms]
  Passed CnetControlPlane.Tests.LearningCaseRequestSyntaxTests.NominalDeclarationsKeepTheirExistingOwner(text: "uppercase character is the requested operation for"···) [< 1 ms]
  Passed CnetControlPlane.Tests.LearningCaseRequestSyntaxTests.NominalDeclarationsKeepTheirExistingOwner(text: "uppercase character is wanted for 'a'") [< 1 ms]
  Passed CnetControlPlane.Tests.LearningCaseRequestSyntaxTests.NominalDeclarationsKeepTheirExistingOwner(text: "uppercase character when converting 'a'") [< 1 ms]
  Passed CnetControlPlane.Tests.LearningCaseRequestSyntaxTests.NominalDeclarationsKeepTheirExistingOwner(text: "uppercase letter is to be applied to 'a'") [< 1 ms]
[xUnit.net 00:00:01.17]     CnetControlPlane.Tests.LearningCaseVocabularyTests.MissingOrConflictingRolesNeverBecomeExecutable(text: "Convert to uppercase whichever single letter is in"···, status: "clarify") [FAIL]
[xUnit.net 00:00:01.17]       TASK_VOCABULARY_RED Convert to uppercase whichever single letter is intended, c.: ready, expected clarify
[xUnit.net 00:00:01.17]       Stack Trace:
[xUnit.net 00:00:01.17]         /home/marble/AI/CNET-worktrees/herdr-language-20260909/dotnet/CnetControlPlane.Tests/LearningCaseVocabularyTests.cs(70,0): at CnetControlPlane.Tests.LearningCaseVocabularyTests.MissingOrConflictingRolesNeverBecomeExecutable(String text, String status)
[xUnit.net 00:00:01.17]            at InvokeStub_LearningCaseVocabularyTests.MissingOrConflictingRolesNeverBecomeExecutable(Object, Span`1)
[xUnit.net 00:00:01.17]            at System.Reflection.MethodBaseInvoker.InvokeWithFewArgs(Object obj, BindingFlags invokeAttr, Binder binder, Object[] parameters, CultureInfo culture)
  Passed CnetControlPlane.Tests.LearningCaseRequestSyntaxTests.ClaimedRequestsCannotDiscardUnknownActionsOrAcquireAuthority(text: "Please, uppercase my name!", status: "abstain") [< 1 ms]
  Failed CnetControlPlane.Tests.LearningCaseVocabularyTests.MissingOrConflictingRolesNeverBecomeExecutable(text: "Convert to uppercase whichever single letter is in"···, status: "clarify") [< 1 ms]
  Error Message:
   TASK_VOCABULARY_RED Convert to uppercase whichever single letter is intended, c.: ready, expected clarify
  Stack Trace:
     at CnetControlPlane.Tests.LearningCaseVocabularyTests.MissingOrConflictingRolesNeverBecomeExecutable(String text, String status) in /home/marble/AI/CNET-worktrees/herdr-language-20260909/dotnet/CnetControlPlane.Tests/LearningCaseVocabularyTests.cs:line 70
   at InvokeStub_LearningCaseVocabularyTests.MissingOrConflictingRolesNeverBecomeExecutable(Object, Span`1)
   at System.Reflection.MethodBaseInvoker.InvokeWithFewArgs(Object obj, BindingFlags invokeAttr, Binder binder, Object[] parameters, CultureInfo culture)
  Passed CnetControlPlane.Tests.LearningCaseVocabularyTests.MissingOrConflictingRolesNeverBecomeExecutable(text: "Take 'a' up to lowercase.", status: "clarify") [< 1 ms]
  Passed CnetControlPlane.Tests.LearningCaseRequestSyntaxTests.ClaimedRequestsCannotDiscardUnknownActionsOrAcquireAuthority(text: "display 'A' as small", status: "abstain") [< 1 ms]
  Passed CnetControlPlane.Tests.LearningCaseRequestSyntaxTests.ClaimedRequestsCannotDiscardUnknownActionsOrAcquireAuthority(text: "What is the capital letter of mu?", status: "clarify") [< 1 ms]
  Passed CnetControlPlane.Tests.LearningCaseRequestSyntaxTests.ClaimedRequestsCannotDiscardUnknownActionsOrAcquireAuthority(text: "Could you kindly render the single quoted characte"···, status: "clarify") [< 1 ms]
  Passed CnetControlPlane.Tests.LearningCaseVocabularyTests.MissingOrConflictingRolesNeverBecomeExecutable(text: "I am requesting a case change for the letter p.", status: "clarify") [< 1 ms]
  Passed CnetControlPlane.Tests.LearningCaseVocabularyTests.MissingOrConflictingRolesNeverBecomeExecutable(text: "Take U+0218 up to lowercase.", status: "abstain") [< 1 ms]
  Passed CnetControlPlane.Tests.LearningCaseVocabularyTests.MissingOrConflictingRolesNeverBecomeExecutable(text: "Upcase the word hello.", status: "abstain") [< 1 ms]
  Passed CnetControlPlane.Tests.LearningCaseVocabularyTests.MissingOrConflictingRolesNeverBecomeExecutable(text: "The letter c should undergo case conversion.", status: "clarify") [< 1 ms]
  Passed CnetControlPlane.Tests.LearningCaseVocabularyTests.MissingOrConflictingRolesNeverBecomeExecutable(text: "Upcase the punctuation 'a'.", status: "clarify") [< 1 ms]
  Passed CnetControlPlane.Tests.LearningCaseVocabularyTests.MissingOrConflictingRolesNeverBecomeExecutable(text: "Go ahead and lowercase it.", status: "clarify") [< 1 ms]
  Passed CnetControlPlane.Tests.LearningCaseRequestSyntaxTests.ClaimedRequestsCannotDiscardUnknownActionsOrAcquireAuthority(text: "Please show 'a' to be uppercase.", status: "abstain") [1 ms]
  Passed CnetControlPlane.Tests.LearningCaseRequestSyntaxTests.ClaimedRequestsCannotDiscardUnknownActionsOrAcquireAuthority(text: "Please write 81 in caps.", status: "clarify") [< 1 ms]
  Passed CnetControlPlane.Tests.LearningCaseRequestSyntaxTests.ClaimedRequestsCannotDiscardUnknownActionsOrAcquireAuthority(text: "What is the capital of France?", status: "abstain") [< 1 ms]
  Passed CnetControlPlane.Tests.LearningCaseRequestSyntaxTests.ClaimedRequestsCannotDiscardUnknownActionsOrAcquireAuthority(text: "Please write the uppercase of France.", status: "clarify") [< 1 ms]
  Passed CnetControlPlane.Tests.LearningCaseRequestSyntaxTests.ClaimedRequestsCannotDiscardUnknownActionsOrAcquireAuthority(text: "Could you kindly not render 'É' in lowercase?", status: "abstain") [< 1 ms]
  Passed CnetControlPlane.Tests.LearningCaseRequestSyntaxTests.ClaimedRequestsCannotDiscardUnknownActionsOrAcquireAuthority(text: "Please write 'ñ' in caps and email it.", status: "abstain") [< 1 ms]
  Passed CnetControlPlane.Tests.LearningCaseRequestSyntaxTests.ClaimedRequestsCannotDiscardUnknownActionsOrAcquireAuthority(text: "What is the capital of the character mu?", status: "clarify") [< 1 ms]
  Passed CnetControlPlane.Tests.LearningCaseRequestSyntaxTests.ClaimedRequestsCannotDiscardUnknownActionsOrAcquireAuthority(text: "What is the capital of the letter sigma?", status: "clarify") [< 1 ms]
  Passed CnetControlPlane.Tests.LearningCaseRequestSyntaxTests.ClaimedRequestsCannotDiscardUnknownActionsOrAcquireAuthority(text: "Could you kindly uppercase 'a' or 'b'!", status: "clarify") [< 1 ms]
  Passed CnetControlPlane.Tests.LearningCaseRequestSyntaxTests.ClaimedRequestsCannotDiscardUnknownActionsOrAcquireAuthority(text: "What is the uppercase of mu?", status: "clarify") [< 1 ms]
  Passed CnetControlPlane.Tests.LearningCaseRequestSyntaxTests.ClaimedRequestsCannotDiscardUnknownActionsOrAcquireAuthority(text: "Could you kindly render 'É' in lowercase, then ema"···, status: "abstain") [< 1 ms]
  Passed CnetControlPlane.Tests.LearningCaseRequestSyntaxTests.ClaimedRequestsCannotDiscardUnknownActionsOrAcquireAuthority(text: "change 'A' to small", status: "abstain") [< 1 ms]
  Passed CnetControlPlane.Tests.LearningCaseRequestSyntaxTests.ClaimedRequestsCannotDiscardUnknownActionsOrAcquireAuthority(text: "render 'A' as small", status: "abstain") [< 1 ms]
  Passed CnetControlPlane.Tests.LearningCaseVocabularyTests.MissingOrConflictingRolesNeverBecomeExecutable(text: "Rewrite 'A' so that it is uppercase and delete it.", status: "abstain") [1 ms]
  Passed CnetControlPlane.Tests.LearningCaseVocabularyTests.MissingOrConflictingRolesNeverBecomeExecutable(text: "Downcase the hyphen U+0218.", status: "abstain") [< 1 ms]
  Passed CnetControlPlane.Tests.LearningCaseVocabularyTests.MissingOrConflictingRolesNeverBecomeExecutable(text: "Rewrite 'A' so that it is uppercase; then lowercas"···, status: "abstain") [< 1 ms]
  Passed CnetControlPlane.Tests.LearningCaseRequestSyntaxTests.ClaimedRequestsCannotDiscardUnknownActionsOrAcquireAuthority(text: "Please give 'a' the uppercase.", status: "abstain") [< 1 ms]
  Passed CnetControlPlane.Tests.LearningCaseRequestSyntaxTests.ClaimedRequestsCannotDiscardUnknownActionsOrAcquireAuthority(text: "Please write 'ab' in caps.", status: "abstain") [< 1 ms]
  Passed CnetControlPlane.Tests.LearningCaseRequestSyntaxTests.ClaimedRequestsCannotDiscardUnknownActionsOrAcquireAuthority(text: "What is the lowercase of sigma?", status: "clarify") [< 1 ms]
  Passed CnetControlPlane.Tests.LearningCaseRequestSyntaxTests.ClaimedRequestsCannotDiscardUnknownActionsOrAcquireAuthority(text: "Please write 'μ' in caps.", status: "abstain") [< 1 ms]
  Passed CnetControlPlane.Tests.LearningCaseRequestSyntaxTests.ClaimedRequestsCannotDiscardUnknownActionsOrAcquireAuthority(text: "Please write 'a' in caps and caps.", status: "abstain") [< 1 ms]
  Passed CnetControlPlane.Tests.LearningCaseVocabularyTests.MissingOrConflictingRolesNeverBecomeExecutable(text: "Apply uppercase mapping to 'a' using Turkish rules"···, status: "abstain") [< 1 ms]
  Passed CnetControlPlane.Tests.LearningCaseRequestSyntaxTests.ClaimedRequestsCannotDiscardUnknownActionsOrAcquireAuthority(text: "Could you kindly render 'É' in lowercase in Turkis"···, status: "abstain") [< 1 ms]
  Passed CnetControlPlane.Tests.LearningCaseRequestSyntaxTests.ClaimedRequestsCannotDiscardUnknownActionsOrAcquireAuthority(text: "Please, uppercase U+000A!", status: "abstain") [< 1 ms]
  Passed CnetControlPlane.Tests.LearningCaseVocabularyTests.MissingOrConflictingRolesNeverBecomeExecutable(text: "I still need uppercase applied, yet no letter has "···, status: "clarify") [< 1 ms]
  Passed CnetControlPlane.Tests.LearningCaseVocabularyTests.MissingOrConflictingRolesNeverBecomeExecutable(text: "Convert to lowercase whichever character is intend"···, status: "abstain") [< 1 ms]
  Passed CnetControlPlane.Tests.LearningCaseVocabularyTests.MissingOrConflictingRolesNeverBecomeExecutable(text: "Make uppercase the digit 8'", status: "clarify") [< 1 ms]
  Passed CnetControlPlane.Tests.LearningCaseVocabularyTests.MissingOrConflictingRolesNeverBecomeExecutable(text: "Would you mind lowercasing the word hello?", status: "abstain") [< 1 ms]
  Passed CnetControlPlane.Tests.LearningCaseRequestSyntaxTests.BoundsApplyBeforeTrimmingAndEveryAdditionalActionRemainsUntrusted [< 1 ms]
  Passed CnetControlPlane.Tests.LearningCaseVocabularyTests.MissingOrConflictingRolesNeverBecomeExecutable(text: "Lowercase the letters a and b", status: "clarify") [< 1 ms]
  Passed CnetControlPlane.Tests.LearningCaseVocabularyTests.SharedCaseVocabularyAndExplicitDescriptionsPreserveOriginalInputs(text: "Map the punctuation \".\" to lowercase.", operation: "lower", key: 46) [< 1 ms]
  Passed CnetControlPlane.Tests.LearningCaseVocabularyTests.SharedCaseVocabularyAndExplicitDescriptionsPreserveOriginalInputs(text: "Rewrite the letter k so that it is uppercase.", operation: "upper", key: 107) [< 1 ms]
  Passed CnetControlPlane.Tests.LearningCaseVocabularyTests.SharedCaseVocabularyAndExplicitDescriptionsPreserveOriginalInputs(text: "Convert the hyphen '-' to uppercase.", operation: "upper", key: 45) [< 1 ms]
  Passed CnetControlPlane.Tests.LearningCaseVocabularyTests.SharedCaseVocabularyAndExplicitDescriptionsPreserveOriginalInputs(text: "Would you mind lowercasing Q?", operation: "lower", key: 81) [< 1 ms]
  Passed CnetControlPlane.Tests.LearningCaseVocabularyTests.SharedCaseVocabularyAndExplicitDescriptionsPreserveOriginalInputs(text: "Downcase F please.", operation: "lower", key: 70) [< 1 ms]
  Passed CnetControlPlane.Tests.LearningCaseVocabularyTests.SharedCaseVocabularyAndExplicitDescriptionsPreserveOriginalInputs(text: "Take decimal codepoint 250 and put it in uppercase"···, operation: "upper", key: 250) [< 1 ms]
  Passed CnetControlPlane.Tests.LearningCaseVocabularyTests.SharedCaseVocabularyAndExplicitDescriptionsPreserveOriginalInputs(text: "Take 'S' down to lowercase, please.", operation: "lower", key: 83) [< 1 ms]
  Passed CnetControlPlane.Tests.LearningCaseVocabularyTests.SharedCaseVocabularyAndExplicitDescriptionsPreserveOriginalInputs(text: "Downcase the semicolon ';'.", operation: "lower", key: 59) [< 1 ms]
  Passed CnetControlPlane.Tests.LearningCaseVocabularyTests.SharedCaseVocabularyAndExplicitDescriptionsPreserveOriginalInputs(text: "Please downcase the digit '0'.", operation: "lower", key: 48) [< 1 ms]
  Passed CnetControlPlane.Tests.LearningCaseVocabularyTests.SharedCaseVocabularyAndExplicitDescriptionsPreserveOriginalInputs(text: "Would you recast the letter H so it appears in low"···, operation: "lower", key: 72) [< 1 ms]
  Passed CnetControlPlane.Tests.LearningCaseVocabularyTests.SharedCaseVocabularyAndExplicitDescriptionsPreserveOriginalInputs(text: "Fold U+00C9 to lower case.", operation: "lower", key: 201) [< 1 ms]
  Passed CnetControlPlane.Tests.LearningCaseVocabularyTests.SharedCaseVocabularyAndExplicitDescriptionsPreserveOriginalInputs(text: "Downcase the character 'H'", operation: "lower", key: 72) [< 1 ms]
  Passed CnetControlPlane.Tests.LearningCaseVocabularyTests.SharedCaseVocabularyAndExplicitDescriptionsPreserveOriginalInputs(text: "Map ' ' to uppercase.", operation: "upper", key: 32) [< 1 ms]
  Passed CnetControlPlane.Tests.LearningCaseVocabularyTests.SharedCaseVocabularyAndExplicitDescriptionsPreserveOriginalInputs(text: "Apply uppercase mapping to ','.", operation: "upper", key: 44) [< 1 ms]
  Passed CnetControlPlane.Tests.LearningCaseVocabularyTests.SharedCaseVocabularyAndExplicitDescriptionsPreserveOriginalInputs(text: "Give me a lowercase plus sign '+'.", operation: "lower", key: 43) [< 1 ms]
  Passed CnetControlPlane.Tests.LearningCaseVocabularyTests.SharedCaseVocabularyAndExplicitDescriptionsPreserveOriginalInputs(text: "Apply lowercase to the quoted punctuation '!'", operation: "lower", key: 33) [< 1 ms]
  Passed CnetControlPlane.Tests.LearningCaseVocabularyTests.SharedCaseVocabularyAndExplicitDescriptionsPreserveOriginalInputs(text: "Apply uppercase mapping to the quoted digit '7'", operation: "upper", key: 55) [< 1 ms]
[xUnit.net 00:00:01.17]   Finished:    CnetControlPlane.Tests
  Passed CnetControlPlane.Tests.LearningCaseVocabularyTests.SharedCaseVocabularyAndExplicitDescriptionsPreserveOriginalInputs(text: "Convert the space ' ' to lowercase.", operation: "lower", key: 32) [< 1 ms]
  Passed CnetControlPlane.Tests.LearningCaseVocabularyTests.SharedCaseVocabularyAndExplicitDescriptionsPreserveOriginalInputs(text: "The asterisk '*' should be uppercased.", operation: "upper", key: 42) [< 1 ms]
  Passed CnetControlPlane.Tests.LearningCaseRequestSyntaxTests.EveryLatin1LiteralRetainsItsByteAndControlsRemainRefused [4 ms]

Test Run Failed.
Total tests: 395
     Passed: 394
     Failed: 1
 Total time: 1.3963 Seconds
