gcc -std=c11 -Wall -Wextra -pedantic -O3 -march=native -DCNET_HAVE_CURL=1 -D_DEFAULT_SOURCE -D_GNU_SOURCE -include include/cnet_platform.h -Iinclude -Iinclude/cce -O1 -g \
	-fsanitize=address,undefined -fno-omit-frame-pointer -o bin/test_knowledge_capsule_sanitize \
	src/memory/cnet_capsule.c src/personal_ai.c src/cnet_moe.c src/cnet_acct.c src/cnet_seal_trust.c src/cnet_distrust.c src/cnet_live_miss.c src/hybrid_ai.c src/serve/cnet_sparse_serve.c src/residual_gguf.c src/residual_http.c src/cnet_pilot.c src/selfimprove/cnet_curiosity.c src/resource_governor.c src/selfimprove/self_improve.c src/gap_lane.c src/selfimprove/cnet_auto_learn.c src/cnet_charter.c src/cnet_record_teacher.c src/cnet_fault.c src/selfimprove/cnet_promote.c src/serve/cnet_serve_decode.c src/cnet_evidence_bundle.c src/cnet_health_layers.c src/external_teacher.c \
	src/model_runtime.c bin/libcce.a src/cce/cce_contract_adapter.c src/specialist_adapters.c src/specialist.c src/specialist_health.c \
	src/nn.c src/router/dag_full.c src/router/registry.c src/router/route.c src/plan_table.c src/contract/contract.c src/contract/unit.c src/property.c src/consolidate.c \
	src/scan.c src/contract/coverage.c src/acquire.c src/runtime_identity.c src/base.c src/library.c src/cnet_dc_type.c src/cnet_swap.c \
	tests/test_knowledge_capsule.c -lm -lpthread -lcurl   -pthread
src/selfimprove/cnet_auto_learn.c: In function ‘cnet_auto_learn_note_skill’:
src/selfimprove/cnet_auto_learn.c:196:44: warning: ‘%s’ directive output may be truncated writing up to 47 bytes into a region of size 26 [-Wformat-truncation=]
  196 |         snprintf(gtag, sizeof gtag, "skill_%s", slug);
      |                                            ^~   ~~~~
In file included from /usr/include/stdio.h:980,
                 from ./include/cnet_platform.h:244,
                 from <command-line>:
In function ‘snprintf’,
    inlined from ‘cnet_auto_learn_note_skill’ at src/selfimprove/cnet_auto_learn.c:196:9:
/usr/include/x86_64-linux-gnu/bits/stdio2.h:54:10: note: ‘__builtin___snprintf_chk’ output between 7 and 54 bytes into a destination of size 32
   54 |   return __builtin___snprintf_chk (__s, __n, __USE_FORTIFY_LEVEL - 1,
      |          ^~~~~~~~~~~~~~~~~~~~~~~~~~~~~~~~~~~~~~~~~~~~~~~~~~~~~~~~~~~~
   55 |                                    __glibc_objsize (__s), __fmt,
      |                                    ~~~~~~~~~~~~~~~~~~~~~~~~~~~~~
   56 |                                    __va_arg_pack ());
      |                                    ~~~~~~~~~~~~~~~~~
src/selfimprove/cnet_auto_learn.c: In function ‘cnet_auto_learn_note_skill’:
src/selfimprove/cnet_auto_learn.c:194:38: warning: ‘%s’ directive output may be truncated writing up to 47 bytes into a region of size 32 [-Wformat-truncation=]
  194 |         snprintf(gtag, sizeof gtag, "%s", slug);
      |                                      ^~   ~~~~
In function ‘snprintf’,
    inlined from ‘cnet_auto_learn_note_skill’ at src/selfimprove/cnet_auto_learn.c:194:9:
/usr/include/x86_64-linux-gnu/bits/stdio2.h:54:10: note: ‘__builtin_snprintf’ output between 1 and 48 bytes into a destination of size 32
   54 |   return __builtin___snprintf_chk (__s, __n, __USE_FORTIFY_LEVEL - 1,
      |          ^~~~~~~~~~~~~~~~~~~~~~~~~~~~~~~~~~~~~~~~~~~~~~~~~~~~~~~~~~~~
   55 |                                    __glibc_objsize (__s), __fmt,
      |                                    ~~~~~~~~~~~~~~~~~~~~~~~~~~~~~
   56 |                                    __va_arg_pack ());
      |                                    ~~~~~~~~~~~~~~~~~
tests/test_knowledge_capsule.c: In function ‘main’:
tests/test_knowledge_capsule.c:771:43: warning: ‘%s’ directive output may be truncated writing up to 511 bytes into a region of size between 344 and 599 [-Wformat-truncation=]
  771 |             snprintf(abs, sizeof abs, "%s/%s", cwd, victim);
      |                                           ^~        ~~~~~~
In file included from /usr/include/stdio.h:980,
                 from ./include/cnet_platform.h:244,
                 from <command-line>:
In function ‘snprintf’,
    inlined from ‘main’ at tests/test_knowledge_capsule.c:771:13:
/usr/include/x86_64-linux-gnu/bits/stdio2.h:54:10: note: ‘__builtin___snprintf_chk’ output between 2 and 768 bytes into a destination of size 600
   54 |   return __builtin___snprintf_chk (__s, __n, __USE_FORTIFY_LEVEL - 1,
      |          ^~~~~~~~~~~~~~~~~~~~~~~~~~~~~~~~~~~~~~~~~~~~~~~~~~~~~~~~~~~~
   55 |                                    __glibc_objsize (__s), __fmt,
      |                                    ~~~~~~~~~~~~~~~~~~~~~~~~~~~~~
   56 |                                    __va_arg_pack ());
      |                                    ~~~~~~~~~~~~~~~~~
KNOWLEDGE_CAPSULE_PASS checks=94 coverage_rows=5
