make: Entering directory '/home/marble/AI/CNET-worktrees/offline-controller-20260906/experiments/offline_controller'
make -C ../.. capsule_core
make[1]: Entering directory '/home/marble/AI/CNET-worktrees/offline-controller-20260906'
make[1]: Leaving directory '/home/marble/AI/CNET-worktrees/offline-controller-20260906'
make /tmp/cnet-product-clean-build-IzSDE5/out/test_cell /tmp/cnet-product-clean-build-IzSDE5/out/test_selector /tmp/cnet-product-clean-build-IzSDE5/out/test_candidate /tmp/cnet-product-clean-build-IzSDE5/out/test_host /tmp/cnet-product-clean-build-IzSDE5/out/test_cell_capsule /tmp/cnet-product-clean-build-IzSDE5/out/test_worker_sandbox worker-build /tmp/cnet-product-clean-build-IzSDE5/out/bench_cell_serving
make[1]: Entering directory '/home/marble/AI/CNET-worktrees/offline-controller-20260906/experiments/offline_controller'
mkdir -p "/tmp/cnet-product-clean-build-IzSDE5/out"
hipcc -O2 -Wall -Wextra -Werror --offload-arch=gfx1201 -DCONTROLLER_TESTING -I../../include -c cell_train.cpp -o /tmp/cnet-product-clean-build-IzSDE5/out/cell_train_test.o
mkdir -p /tmp/cnet-product-clean-build-IzSDE5/out
hipcc -O2 -std=c++17 --offload-arch=gfx1201 -I../../include -c ../../src/cce/amdmath/cce_amdmath.cpp -o /tmp/cnet-product-clean-build-IzSDE5/out/amdmath.o
hipcc -O2 -Wall -Wextra -Werror --offload-arch=gfx1201 -DCONTROLLER_TESTING -I../../include -x c test_cell.c ../../src/serve/cnet_core_cell.c -x none /tmp/cnet-product-clean-build-IzSDE5/out/cell_train_test.o /tmp/cnet-product-clean-build-IzSDE5/out/amdmath.o -lm -o /tmp/cnet-product-clean-build-IzSDE5/out/test_cell
cc -std=c11 -O2 -g -Wall -Wextra -Werror -I../../include test_selector.c ../../src/serve/cnet_core_cell.c ../../src/serve/cnet_core_selector.c -lm -o /tmp/cnet-product-clean-build-IzSDE5/out/test_selector
cc -std=c11 -O2 -g -Wall -Wextra -Werror -I../../include test_candidate.c ../../src/serve/cnet_core_candidate.c ../../src/serve/cnet_core_cell.c ../../src/cce/cce_campaign_provenance.c -lm -o /tmp/cnet-product-clean-build-IzSDE5/out/test_candidate
cc -std=c11 -O2 -g -Wall -Wextra -Werror -I../../include test_host.c selector_fixture.c -L../../bin -lcnet_capsule_core -Wl,-rpath,/home/marble/AI/CNET-worktrees/offline-controller-20260906/bin -lm -pthread -o /tmp/cnet-product-clean-build-IzSDE5/out/test_host
cc -std=c11 -O2 -g -Wall -Wextra -Werror -I../../include test_cell_capsule.c ../../src/serve/cnet_cell_capsule.c ../../src/serve/cnet_core_cell.c -L../../bin -lcnet_capsule_core -Wl,-rpath,/home/marble/AI/CNET-worktrees/offline-controller-20260906/bin -lm -o /tmp/cnet-product-clean-build-IzSDE5/out/test_cell_capsule
cc -std=c11 -O2 -g -Wall -Wextra -Werror -I../../include test_worker_sandbox.c worker_sandbox.c offline.c -o /tmp/cnet-product-clean-build-IzSDE5/out/test_worker_sandbox
hipcc -O2 -Wall -Wextra -Werror --offload-arch=gfx1201 -I../../include -c cell_train.cpp -o /tmp/cnet-product-clean-build-IzSDE5/out/cell_train.o
hipcc -O2 -Wall -Wextra -Werror --offload-arch=gfx1201 -I../../include -x c worker_main.c worker_sandbox.c offline.c ../../src/serve/cnet_core_cell.c -x none /tmp/cnet-product-clean-build-IzSDE5/out/cell_train.o /tmp/cnet-product-clean-build-IzSDE5/out/amdmath.o -lm -o /tmp/cnet-product-clean-build-IzSDE5/out/gpu_worker
chmod go-w /tmp/cnet-product-clean-build-IzSDE5/out/gpu_worker
hipcc -O2 -Wall -Wextra -Werror --offload-arch=gfx1201 -DCONTROLLER_TESTING -I../../include -x c worker_main.c worker_sandbox.c offline.c ../../src/serve/cnet_core_cell.c -x none /tmp/cnet-product-clean-build-IzSDE5/out/cell_train.o /tmp/cnet-product-clean-build-IzSDE5/out/amdmath.o -lm -o /tmp/cnet-product-clean-build-IzSDE5/out/gpu_worker_test
chmod go-w /tmp/cnet-product-clean-build-IzSDE5/out/gpu_worker_test
cc -std=c11 -O2 -g -Wall -Wextra -Werror -I../../include -DCONTROLLER_TESTING test_workers.c worker.c ../../src/serve/cnet_core_cell.c -lm -o /tmp/cnet-product-clean-build-IzSDE5/out/test_workers
cc -std=c11 -O2 -g -Wall -Wextra -Werror -I../../include bench_cell_serving.c -L../../bin -lcnet_capsule_core -Wl,-rpath,/home/marble/AI/CNET-worktrees/offline-controller-20260906/bin -lm -o /tmp/cnet-product-clean-build-IzSDE5/out/bench_cell_serving
make[1]: Leaving directory '/home/marble/AI/CNET-worktrees/offline-controller-20260906/experiments/offline_controller'
bash run_product_tests.sh /tmp/cnet-product-clean-build-IzSDE5/out
CORE_CELL_GPU_PASS device=0 gradient_max_abs=1.32886747e-07 finite_fit_rows=8 snapshot_immutable=1 poisoned_refused=1
CORE_CELL_GPU_PASS device=1 gradient_max_abs=1.32886747e-07 finite_fit_rows=8 snapshot_immutable=1 poisoned_refused=1
CORE_SELECTOR_MECHANICS_PASS long_chain=63 relabel=1 incompatible_abstain=1 unavailable_abstain=1 malformed_refused=4
CORE_CANDIDATE_PASS canonical_roundtrip=1 every_byte_corruption_refused=1 path_symlink_fifo_permissions_truncation_trailing_nan_refused=1
WORKER_SANDBOX_PASS network_denied=1 filesystem_mutation_denied=1 metadata_denied=1 readonly_allowed=1
{"event":"worker_started","pid":241213,"device":0,"mode":1,"timeout_ms":30000}
{"event":"worker_started","pid":241214,"device":1,"mode":1,"timeout_ms":30000}
{"event":"worker_completed","pid":241213,"device":0,"valid":1,"exit":0,"signal":0,"bytes":192,"elapsed_ms":226}
{"event":"worker_completed","pid":241214,"device":1,"valid":1,"exit":0,"signal":0,"bytes":192,"elapsed_ms":225}
{"event":"worker_started","pid":241221,"device":1,"mode":2,"timeout_ms":30000}
{"event":"worker_completed","pid":241221,"device":1,"valid":1,"exit":0,"signal":0,"bytes":192,"elapsed_ms":204}
{"event":"worker_started","pid":241225,"device":0,"mode":1,"timeout_ms":30000}
{"event":"worker_cancelled","pid":241225,"device":0,"elapsed_ms":0}
{"event":"worker_started","pid":241226,"device":0,"mode":101,"timeout_ms":30000}
{"event":"worker_completed","pid":241226,"device":0,"valid":0,"exit":9,"signal":0,"bytes":0,"elapsed_ms":213}
{"event":"worker_started","pid":241245,"device":0,"mode":102,"timeout_ms":30000}
{"event":"worker_completed","pid":241245,"device":0,"valid":0,"exit":0,"signal":0,"bytes":96,"elapsed_ms":204}
{"event":"worker_started","pid":241249,"device":0,"mode":103,"timeout_ms":500}
{"event":"worker_limit_refused","pid":241249,"oversize":0}
{"event":"worker_cancelled","pid":241249,"device":0,"elapsed_ms":511}
{"event":"worker_started","pid":241255,"device":0,"mode":2,"timeout_ms":30000}
{"event":"worker_completed","pid":241255,"device":0,"valid":1,"exit":0,"signal":0,"bytes":192,"elapsed_ms":217}
DUAL_GPU_WORKER_PASS devices=0,1 max_jobs=2 frozen_transfer=1 cancellation_restart=1 fault_injections=1 eval_max_abs=0 output=/tmp/cnet-gpu-product-Y0d9eI/worker.native-weights
{"event":"worker_started","pid":241263,"device":0,"mode":1,"timeout_ms":30000}
{"event":"worker_started","pid":241264,"device":1,"mode":1,"timeout_ms":30000}
{"event":"worker_completed","pid":241263,"device":0,"valid":1,"exit":0,"signal":0,"bytes":192,"elapsed_ms":224}
{"event":"worker_completed","pid":241264,"device":1,"valid":1,"exit":0,"signal":0,"bytes":192,"elapsed_ms":225}
{"event":"worker_started","pid":241271,"device":1,"mode":2,"timeout_ms":30000}
{"event":"worker_completed","pid":241271,"device":1,"valid":1,"exit":0,"signal":0,"bytes":192,"elapsed_ms":200}
{"event":"worker_started","pid":241275,"device":0,"mode":1,"timeout_ms":30000}
{"event":"worker_cancelled","pid":241275,"device":0,"elapsed_ms":0}
{"event":"worker_started","pid":241276,"device":0,"mode":2,"timeout_ms":30000}
{"event":"worker_completed","pid":241276,"device":0,"valid":1,"exit":0,"signal":0,"bytes":192,"elapsed_ms":204}
DUAL_GPU_WORKER_PASS devices=0,1 max_jobs=2 frozen_transfer=1 cancellation_restart=1 fault_injections=0 eval_max_abs=0 output=/tmp/cnet-gpu-product-Y0d9eI/production-worker.native-weights
GPU_CELL_CAPSULE_PASS method=direct_FP32_BTN_copy domain_rows=8 minimum_margin=0.489318189 prediction_max_abs=3.1082705e-08 payload_bytes=861 growth_obligations=8 ood_refused=1 weak_margin_refused=1
CORE_HOST_PASS unchecked_bad_stale_evidence_refused=1 pinned_model_and_registry=1 explicit_activation_rollback=1 concurrent_pinned_request=1
{"kind":"cell_serving_benchmark","neural":0,"repeat":0,"requests":9000,"verified_correct":8000,"ood_refused":1000,"p50_us":2.624,"p95_us":2.695,"p99_us":2.735,"registry_open_seconds":0.000156,"registry_capsules":1,"shared_machine":true}
{"kind":"cell_serving_benchmark","neural":1,"repeat":0,"requests":9000,"verified_correct":8000,"ood_refused":1000,"p50_us":9.959,"p95_us":10.169,"p99_us":11.501,"registry_open_seconds":0.000156,"registry_capsules":1,"shared_machine":true}
{"kind":"cell_serving_benchmark","neural":1,"repeat":1,"requests":9000,"verified_correct":8000,"ood_refused":1000,"p50_us":9.919,"p95_us":9.959,"p99_us":10.370,"registry_open_seconds":0.000156,"registry_capsules":1,"shared_machine":true}
{"kind":"cell_serving_benchmark","neural":0,"repeat":1,"requests":9000,"verified_correct":8000,"ood_refused":1000,"p50_us":2.615,"p95_us":2.675,"p99_us":2.985,"registry_open_seconds":0.000156,"registry_capsules":1,"shared_machine":true}
{"kind":"cell_serving_benchmark","neural":0,"repeat":2,"requests":9000,"verified_correct":8000,"ood_refused":1000,"p50_us":2.625,"p95_us":2.665,"p99_us":2.785,"registry_open_seconds":0.000156,"registry_capsules":1,"shared_machine":true}
{"kind":"cell_serving_benchmark","neural":1,"repeat":2,"requests":9000,"verified_correct":8000,"ood_refused":1000,"p50_us":9.949,"p95_us":10.160,"p99_us":10.550,"registry_open_seconds":0.000156,"registry_capsules":1,"shared_machine":true}
GPU_PRODUCT_TEST_PASS evidence=/tmp/cnet-gpu-product-Y0d9eI live_services_changed=0
make: Leaving directory '/home/marble/AI/CNET-worktrees/offline-controller-20260906/experiments/offline_controller'
