make: Entering directory '/tmp/cnet-remaining-build-tfUcSB'
GATE_RUN gate=capability_cert_runner_test run_id=8272c8a7-5281-495f-b112-1b9396cceaf0 started=2026-09-05T22:56:34Z commit=2d298cade27ff7196e551ccefdc51af43e87638c worktree=2531696fe2c47750 untracked=a4a79cffabcb6a5a special_index=e3b0c44298fc1c14 dirty=327 special_index_files=0
  Determining projects to restore...
  All projects are up-to-date for restore.
  CnetControlPlane -> /tmp/cnet-remaining-build-tfUcSB/dotnet/CnetControlPlane/bin/Debug/net8.0/cnet-control.dll
  CnetControlPlane.Tests -> /tmp/cnet-remaining-build-tfUcSB/dotnet/CnetControlPlane.Tests/bin/Debug/net8.0/CnetControlPlane.Tests.dll
Test run for /tmp/cnet-remaining-build-tfUcSB/dotnet/CnetControlPlane.Tests/bin/Debug/net8.0/CnetControlPlane.Tests.dll (.NETCoreApp,Version=v8.0)
A total of 1 test files matched the specified pattern.

Passed!  - Failed:     0, Passed:    34, Skipped:     0, Total:    34, Duration: 52 ms - CnetControlPlane.Tests.dll (net8.0)
CAPABILITY_CERT_RUNNER_PASS
GATE_PASS gate=capability_cert_runner_test run_id=8272c8a7-5281-495f-b112-1b9396cceaf0 commit=2d298cade27ff7196e551ccefdc51af43e87638c evidence_sha256=2328c6ef4112a486b1c0ff93ee4981d6e4b844d1402f95a3030be8ac101a3c1d
GATE_RUN gate=capability_evaluator_prereq run_id=0d4698f3-b578-4ed3-a60d-49f6f014a9b2 started=2026-09-05T22:56:38Z commit=2d298cade27ff7196e551ccefdc51af43e87638c worktree=2531696fe2c47750 untracked=a4a79cffabcb6a5a special_index=e3b0c44298fc1c14 dirty=327 special_index_files=0
  Determining projects to restore...
  All projects are up-to-date for restore.
  CnetControlPlane -> /tmp/cnet-remaining-build-tfUcSB/dotnet/CnetControlPlane/bin/Debug/net8.0/cnet-control.dll
  CnetControlPlane.Tests -> /tmp/cnet-remaining-build-tfUcSB/dotnet/CnetControlPlane.Tests/bin/Debug/net8.0/CnetControlPlane.Tests.dll
Test run for /tmp/cnet-remaining-build-tfUcSB/dotnet/CnetControlPlane.Tests/bin/Debug/net8.0/CnetControlPlane.Tests.dll (.NETCoreApp,Version=v8.0)
A total of 1 test files matched the specified pattern.

Passed!  - Failed:     0, Passed:    13, Skipped:     0, Total:    13, Duration: 44 ms - CnetControlPlane.Tests.dll (net8.0)
CAPABILITY_EVALUATOR_PREREQ_UNIT_PASS
GATE_PASS gate=capability_evaluator_prereq run_id=0d4698f3-b578-4ed3-a60d-49f6f014a9b2 commit=2d298cade27ff7196e551ccefdc51af43e87638c evidence_sha256=11e26a29043ea752cfc61be3638c70154c037b4943c9511898f88bc039775f26
gcc -std=c11 -Wall -Wextra -pedantic -O3 -march=native -DCNET_HAVE_CURL=1 -D_DEFAULT_SOURCE -D_GNU_SOURCE -include include/cnet_platform.h -Iinclude -Iinclude/cce -Werror -Iinclude -o bin/heldout_fixture_test \
	src/cnet_heldout.c tests/test_cnet_heldout.c -lm -lpthread -lcurl
GATE_RUN gate=heldout_fixture_test run_id=b419380f-f246-477c-a4e8-cdce529802c4 started=2026-09-05T22:56:42Z commit=2d298cade27ff7196e551ccefdc51af43e87638c worktree=2531696fe2c47750 untracked=a4a79cffabcb6a5a special_index=e3b0c44298fc1c14 dirty=327 special_index_files=0
heldout: fixture /tmp/cnet-heldout-i44wcH/wrong_cap.json declares capability other, evaluator is demo
heldout: cannot read fixture /definitely/not/a/fixture.json
heldout: fixture /tmp/cnet-heldout-i44wcH/no_id.json has a case without a string id
heldout: fixture /tmp/cnet-heldout-i44wcH/dup_id.json repeats case id a
heldout: fixture /tmp/cnet-heldout-i44wcH/no_cases.json declares no cases
heldout: fixture /tmp/cnet-heldout-i44wcH/truncated.json has no cases array
heldout: case alpha has no key absent_key
heldout: case alpha key floor is not a string
heldout: case alpha key expected is not a number ("abstain")
heldout: verdict for unknown case gamma
HELDOUT_CASE id=alpha reads=4
HELDOUT_CASE id=beta reads=1
HELDOUT_FIXTURE capability=demo sha256=986c64a476566dcc895194eb60da55803673f563157584dbdc903e0a4d130bc7 cases=2 consumed=2
HELDOUT_METRIC cases_passed=2 cases_declared=2 metric=1.000000 errors=0
HELDOUT_CASE id=alpha reads=1
HELDOUT_CASE id=beta reads=0
HELDOUT_CASE_FAIL id=beta verdict=not_evaluated
HELDOUT_FIXTURE capability=demo sha256=986c64a476566dcc895194eb60da55803673f563157584dbdc903e0a4d130bc7 cases=2 consumed=1
HELDOUT_METRIC cases_passed=1 cases_declared=2 metric=0.500000 errors=0
HELDOUT_CASE id=alpha reads=1
HELDOUT_CASE id=beta reads=1
HELDOUT_CASE_FAIL id=beta verdict=failed
HELDOUT_FIXTURE capability=demo sha256=986c64a476566dcc895194eb60da55803673f563157584dbdc903e0a4d130bc7 cases=2 consumed=2
HELDOUT_METRIC cases_passed=1 cases_declared=2 metric=0.500000 errors=0
HELDOUT_CASE id=alpha reads=0
HELDOUT_CASE id=beta reads=1
HELDOUT_FIXTURE capability=demo sha256=986c64a476566dcc895194eb60da55803673f563157584dbdc903e0a4d130bc7 cases=2 consumed=1
HELDOUT_METRIC cases_passed=2 cases_declared=2 metric=1.000000 errors=1
HELDOUT_CASE id=alpha reads=1
HELDOUT_CASE id=beta reads=1
HELDOUT_CASE_FAIL id=beta verdict=not_evaluated
HELDOUT_FIXTURE capability=demo sha256=986c64a476566dcc895194eb60da55803673f563157584dbdc903e0a4d130bc7 cases=2 consumed=2
HELDOUT_METRIC cases_passed=1 cases_declared=2 metric=0.500000 errors=0
CNET_HELDOUT_TEST_PASS checks=42
GATE_PASS gate=heldout_fixture_test run_id=b419380f-f246-477c-a4e8-cdce529802c4 commit=2d298cade27ff7196e551ccefdc51af43e87638c evidence_sha256=9854b6cdff2e383e70f856ac2f557d53876fec3b09f803f2214b2766803a10fb
GATE_RUN gate=capability_fixture_causality run_id=86b02518-8c72-46ab-b8e1-7f953b60c677 started=2026-09-05T22:56:45Z commit=2d298cade27ff7196e551ccefdc51af43e87638c worktree=2531696fe2c47750 untracked=a4a79cffabcb6a5a special_index=e3b0c44298fc1c14 dirty=327 special_index_files=0
  Determining projects to restore...
  All projects are up-to-date for restore.
  CnetControlPlane -> /tmp/cnet-remaining-build-tfUcSB/dotnet/CnetControlPlane/bin/Debug/net8.0/cnet-control.dll
  CnetControlPlane.Tests -> /tmp/cnet-remaining-build-tfUcSB/dotnet/CnetControlPlane.Tests/bin/Debug/net8.0/CnetControlPlane.Tests.dll
Test run for /tmp/cnet-remaining-build-tfUcSB/dotnet/CnetControlPlane.Tests/bin/Debug/net8.0/CnetControlPlane.Tests.dll (.NETCoreApp,Version=v8.0)
A total of 1 test files matched the specified pattern.

Passed!  - Failed:     0, Passed:     3, Skipped:     0, Total:     3, Duration: 9 ms - CnetControlPlane.Tests.dll (net8.0)
CAPABILITY_FIXTURE_CAUSALITY_PASS
GATE_PASS gate=capability_fixture_causality run_id=86b02518-8c72-46ab-b8e1-7f953b60c677 commit=2d298cade27ff7196e551ccefdc51af43e87638c evidence_sha256=8345280096ac4b071acf8683ff777793f942964388f7b05fe03419bbf366d20e
CAPABILITY_CERT_RUN run_id=eb3fb3ee-9f23-44a8-b181-a6ba6b3f5dee started=2026-09-05T22:56:50Z commit=2d298cade27ff7196e551ccefdc51af43e87638c worktree=da21a113247e64fc dirty=327 special_index=e3b0c44298fc1c14 special_index_files=0
CAPABILITY id=calibrated_abstention status=certified metric=1.000 source=heldout_receipt receipt=ok
CAPABILITY id=cce_classification status=certified metric=0.861 source=regex receipt=ok
CAPABILITY id=honest_memory_retrieval status=certified metric=1.000 source=heldout_receipt receipt=ok
CAPABILITY id=hybrid_skill_serve status=certified metric=1.000 source=heldout_receipt receipt=ok
CAPABILITY id=json_toolcall_adapter status=certified metric=0.775 source=regex receipt=ok
CAPABILITY id=sleep_consolidation status=certified metric=1.000 source=heldout_receipt receipt=ok
CAPABILITY_CERT_PASS certified=6/6 run_id=eb3fb3ee-9f23-44a8-b181-a6ba6b3f5dee commit=2d298cade27ff7196e551ccefdc51af43e87638c
make: Leaving directory '/tmp/cnet-remaining-build-tfUcSB'
